13:35:14 **** Build of configuration Debug for project intpriority ****
make -r all 
Building file: ../src/intpriority_main.c
Invoking: MCU C Compiler
arm-none-eabi-gcc -D__REDLIB__ -D__USE_CMSIS -DDEBUG -D__CODE_RED -I../cmsis -I"/Users/Rane/LPCXpresso/template/lib_small_printf_m0/inc" -I../config -I../driver -O0 -g3 -Wall -c -fmessage-length=0 -fno-builtin -ffunction-sections -fdata-sections -mcpu=cortex-m0 -mthumb -D__REDLIB__ -specs=redlib.specs -MMD -MP -MF"src/intpriority_main.d" -MT"src/intpriority_main.o" -MT"src/intpriority_main.d" -o "src/intpriority_main.o" "../src/intpriority_main.c"
Finished building: ../src/intpriority_main.c
 
Building file: ../driver/crp.c
Invoking: MCU C Compiler
arm-none-eabi-gcc -D__REDLIB__ -D__USE_CMSIS -DDEBUG -D__CODE_RED -I../cmsis -I"/Users/Rane/LPCXpresso/template/lib_small_printf_m0/inc" -I../config -I../driver -O0 -g3 -Wall -c -fmessage-length=0 -fno-builtin -ffunction-sections -fdata-sections -mcpu=cortex-m0 -mthumb -D__REDLIB__ -specs=redlib.specs -MMD -MP -MF"driver/crp.d" -MT"driver/crp.o" -MT"driver/crp.d" -o "driver/crp.o" "../driver/crp.c"
Finished building: ../driver/crp.c
 
Building file: ../driver/debug_printf.c
Invoking: MCU C Compiler
arm-none-eabi-gcc -D__REDLIB__ -D__USE_CMSIS -DDEBUG -D__CODE_RED -I../cmsis -I"/Users/Rane/LPCXpresso/template/lib_small_printf_m0/inc" -I../config -I../driver -O0 -g3 -Wall -c -fmessage-length=0 -fno-builtin -ffunction-sections -fdata-sections -mcpu=cortex-m0 -mthumb -D__REDLIB__ -specs=redlib.specs -MMD -MP -MF"driver/debug_printf.d" -MT"driver/debug_printf.o" -MT"driver/debug_printf.d" -o "driver/debug_printf.o" "../driver/debug_printf.c"
Finished building: ../driver/debug_printf.c
 
Building file: ../config/intpriority_cr_startup_lpc11.c
Invoking: MCU C Compiler
arm-none-eabi-gcc -D__REDLIB__ -D__USE_CMSIS -DDEBUG -D__CODE_RED -I../cmsis -I"/Users/Rane/LPCXpresso/template/lib_small_printf_m0/inc" -I../config -I../driver -O0 -g3 -Wall -c -fmessage-length=0 -fno-builtin -ffunction-sections -fdata-sections -mcpu=cortex-m0 -mthumb -D__REDLIB__ -specs=redlib.specs -MMD -MP -MF"config/intpriority_cr_startup_lpc11.d" -MT"config/intpriority_cr_startup_lpc11.o" -MT"config/intpriority_cr_startup_lpc11.d" -o "config/intpriority_cr_startup_lpc11.o" "../config/intpriority_cr_startup_lpc11.c"
Finished building: ../config/intpriority_cr_startup_lpc11.c
 
Building file: ../cmsis/core_cm0.c
Invoking: MCU C Compiler
arm-none-eabi-gcc -D__REDLIB__ -D__USE_CMSIS -DDEBUG -D__CODE_RED -I../cmsis -I"/Users/Rane/LPCXpresso/template/lib_small_printf_m0/inc" -I../config -I../driver -O0 -g3 -Wall -c -fmessage-length=0 -fno-builtin -ffunction-sections -fdata-sections -mcpu=cortex-m0 -mthumb -D__REDLIB__ -specs=redlib.specs -MMD -MP -MF"cmsis/core_cm0.d" -MT"cmsis/core_cm0.o" -MT"cmsis/core_cm0.d" -o "cmsis/core_cm0.o" "../cmsis/core_cm0.c"
Finished building: ../cmsis/core_cm0.c
 
Building file: ../cmsis/system_LPC11xx.c
Invoking: MCU C Compiler
arm-none-eabi-gcc -D__REDLIB__ -D__USE_CMSIS -DDEBUG -D__CODE_RED -I../cmsis -I"/Users/Rane/LPCXpresso/template/lib_small_printf_m0/inc" -I../config -I../driver -O0 -g3 -Wall -c -fmessage-length=0 -fno-builtin -ffunction-sections -fdata-sections -mcpu=cortex-m0 -mthumb -D__REDLIB__ -specs=redlib.specs -MMD -MP -MF"cmsis/system_LPC11xx.d" -MT"cmsis/system_LPC11xx.o" -MT"cmsis/system_LPC11xx.d" -o "cmsis/system_LPC11xx.o" "../cmsis/system_LPC11xx.c"
Finished building: ../cmsis/system_LPC11xx.c
 
Building target: intpriority.axf
Invoking: MCU Linker
arm-none-eabi-gcc -nostdlib -L"/Users/Rane/LPCXpresso/template/lib_small_printf_m0/Lib" -Xlinker -Map=intpriority.map -Xlinker --gc-sections -mcpu=cortex-m0 -mthumb -T "../linker/lpc1114_flash_crp.ld" -o "intpriority.axf"  ./src/intpriority_main.o  ./driver/crp.o ./driver/debug_printf.o  ./config/intpriority_cr_startup_lpc11.o  ./cmsis/core_cm0.o ./cmsis/system_LPC11xx.o   -llib_small_printf_m0
Finished building target: intpriority.axf
 
make --no-print-directory post-build
Performing post-build steps
arm-none-eabi-size intpriority.axf; arm-none-eabi-objcopy -O binary intpriority.axf intpriority.bin ; checksum -p LPC1114_302 -d intpriority.bin;
   text	   data	    bss	    dec	    hex	filename
   4363	      4	    576	   4943	   134f	intpriority.axf
Written checksum 0xefffbf3d at offset 0x1c in file intpriority.bin
Previous value 0x00000000 at offset 0x1c in file intpriority.bin
 

13:35:15 Build Finished (took 880ms)

