13:35:12 **** Build of configuration Debug for project lab2 ****
make -r all 
Building file: ../src/cr_startup_lpc11.c
Invoking: MCU C Compiler
arm-none-eabi-gcc -DDEBUG -D__CODE_RED -DTARGET_SHORTCHIP=lpc11 -DTARGET_CHIP=LPC11U14/201 -D__USE_CMSIS=1 -D__REDLIB__ -I"/Users/Rane/LPCXpresso/template/lab2/cmsis" -I"/Users/Rane/LPCXpresso/template/lab2/config" -I"/Users/Rane/LPCXpresso/template/lab2/driver" -I"/Users/Rane/LPCXpresso/template/lib_small_printf_m0/inc" -O0 -g3 -Wall -c -fmessage-length=0 -fno-builtin -ffunction-sections -fdata-sections -mcpu=cortex-m0 -mthumb -specs=redlib.specs -MMD -MP -MF"src/cr_startup_lpc11.d" -MT"src/cr_startup_lpc11.o" -MT"src/cr_startup_lpc11.d" -o "src/cr_startup_lpc11.o" "../src/cr_startup_lpc11.c"
Finished building: ../src/cr_startup_lpc11.c
 
Building file: ../src/fibonacci.c
Invoking: MCU C Compiler
arm-none-eabi-gcc -DDEBUG -D__CODE_RED -DTARGET_SHORTCHIP=lpc11 -DTARGET_CHIP=LPC11U14/201 -D__USE_CMSIS=1 -D__REDLIB__ -I"/Users/Rane/LPCXpresso/template/lab2/cmsis" -I"/Users/Rane/LPCXpresso/template/lab2/config" -I"/Users/Rane/LPCXpresso/template/lab2/driver" -I"/Users/Rane/LPCXpresso/template/lib_small_printf_m0/inc" -O0 -g3 -Wall -c -fmessage-length=0 -fno-builtin -ffunction-sections -fdata-sections -mcpu=cortex-m0 -mthumb -specs=redlib.specs -MMD -MP -MF"src/fibonacci.d" -MT"src/fibonacci.o" -MT"src/fibonacci.d" -o "src/fibonacci.o" "../src/fibonacci.c"
Finished building: ../src/fibonacci.c
 
Building file: ../driver/debug_printf.c
Invoking: MCU C Compiler
arm-none-eabi-gcc -DDEBUG -D__CODE_RED -DTARGET_SHORTCHIP=lpc11 -DTARGET_CHIP=LPC11U14/201 -D__USE_CMSIS=1 -D__REDLIB__ -I"/Users/Rane/LPCXpresso/template/lab2/cmsis" -I"/Users/Rane/LPCXpresso/template/lab2/config" -I"/Users/Rane/LPCXpresso/template/lab2/driver" -I"/Users/Rane/LPCXpresso/template/lib_small_printf_m0/inc" -O0 -g3 -Wall -c -fmessage-length=0 -fno-builtin -ffunction-sections -fdata-sections -mcpu=cortex-m0 -mthumb -specs=redlib.specs -MMD -MP -MF"driver/debug_printf.d" -MT"driver/debug_printf.o" -MT"driver/debug_printf.d" -o "driver/debug_printf.o" "../driver/debug_printf.c"
Finished building: ../driver/debug_printf.c
 
Building file: ../driver/gpio.c
Invoking: MCU C Compiler
arm-none-eabi-gcc -DDEBUG -D__CODE_RED -DTARGET_SHORTCHIP=lpc11 -DTARGET_CHIP=LPC11U14/201 -D__USE_CMSIS=1 -D__REDLIB__ -I"/Users/Rane/LPCXpresso/template/lab2/cmsis" -I"/Users/Rane/LPCXpresso/template/lab2/config" -I"/Users/Rane/LPCXpresso/template/lab2/driver" -I"/Users/Rane/LPCXpresso/template/lib_small_printf_m0/inc" -O0 -g3 -Wall -c -fmessage-length=0 -fno-builtin -ffunction-sections -fdata-sections -mcpu=cortex-m0 -mthumb -specs=redlib.specs -MMD -MP -MF"driver/gpio.d" -MT"driver/gpio.o" -MT"driver/gpio.d" -o "driver/gpio.o" "../driver/gpio.c"
Finished building: ../driver/gpio.c
 
Building file: ../driver/timer32.c
Invoking: MCU C Compiler
arm-none-eabi-gcc -DDEBUG -D__CODE_RED -DTARGET_SHORTCHIP=lpc11 -DTARGET_CHIP=LPC11U14/201 -D__USE_CMSIS=1 -D__REDLIB__ -I"/Users/Rane/LPCXpresso/template/lab2/cmsis" -I"/Users/Rane/LPCXpresso/template/lab2/config" -I"/Users/Rane/LPCXpresso/template/lab2/driver" -I"/Users/Rane/LPCXpresso/template/lib_small_printf_m0/inc" -O0 -g3 -Wall -c -fmessage-length=0 -fno-builtin -ffunction-sections -fdata-sections -mcpu=cortex-m0 -mthumb -specs=redlib.specs -MMD -MP -MF"driver/timer32.d" -MT"driver/timer32.o" -MT"driver/timer32.d" -o "driver/timer32.o" "../driver/timer32.c"
Finished building: ../driver/timer32.c
 
Building file: ../cmsis/core_cm0.c
Invoking: MCU C Compiler
arm-none-eabi-gcc -DDEBUG -D__CODE_RED -DTARGET_SHORTCHIP=lpc11 -DTARGET_CHIP=LPC11U14/201 -D__USE_CMSIS=1 -D__REDLIB__ -I"/Users/Rane/LPCXpresso/template/lab2/cmsis" -I"/Users/Rane/LPCXpresso/template/lab2/config" -I"/Users/Rane/LPCXpresso/template/lab2/driver" -I"/Users/Rane/LPCXpresso/template/lib_small_printf_m0/inc" -O0 -g3 -Wall -c -fmessage-length=0 -fno-builtin -ffunction-sections -fdata-sections -mcpu=cortex-m0 -mthumb -specs=redlib.specs -MMD -MP -MF"cmsis/core_cm0.d" -MT"cmsis/core_cm0.o" -MT"cmsis/core_cm0.d" -o "cmsis/core_cm0.o" "../cmsis/core_cm0.c"
Finished building: ../cmsis/core_cm0.c
 
Building file: ../cmsis/system_LPC11xx.c
Invoking: MCU C Compiler
arm-none-eabi-gcc -DDEBUG -D__CODE_RED -DTARGET_SHORTCHIP=lpc11 -DTARGET_CHIP=LPC11U14/201 -D__USE_CMSIS=1 -D__REDLIB__ -I"/Users/Rane/LPCXpresso/template/lab2/cmsis" -I"/Users/Rane/LPCXpresso/template/lab2/config" -I"/Users/Rane/LPCXpresso/template/lab2/driver" -I"/Users/Rane/LPCXpresso/template/lib_small_printf_m0/inc" -O0 -g3 -Wall -c -fmessage-length=0 -fno-builtin -ffunction-sections -fdata-sections -mcpu=cortex-m0 -mthumb -specs=redlib.specs -MMD -MP -MF"cmsis/system_LPC11xx.d" -MT"cmsis/system_LPC11xx.o" -MT"cmsis/system_LPC11xx.d" -o "cmsis/system_LPC11xx.o" "../cmsis/system_LPC11xx.c"
Finished building: ../cmsis/system_LPC11xx.c
 
Building target: lab2.axf
Invoking: MCU Linker
arm-none-eabi-gcc -nostdlib -L"/Users/Rane/LPCXpresso/template/lib_small_printf_m0/Lib" -Xlinker -Map="lab2.map" -Xlinker --gc-sections -mcpu=cortex-m0 -mthumb -T "lab2_Debug.ld" -o "lab2.axf"  ./src/cr_startup_lpc11.o ./src/fibonacci.o  ./driver/debug_printf.o ./driver/gpio.o ./driver/timer32.o  ./cmsis/core_cm0.o ./cmsis/system_LPC11xx.o   -llib_small_printf_m0
Finished building target: lab2.axf
 
make --no-print-directory post-build
Performing post-build steps
arm-none-eabi-size "lab2.axf"; # arm-none-eabi-objcopy -v -O binary "lab2.axf" "lab2.bin" ; # checksum -p LPC11U14_201 -d "lab2.bin";
   text	   data	    bss	    dec	    hex	filename
   2996	      4	    352	   3352	    d18	lab2.axf
 

13:35:14 Build Finished (took 1s.305ms)

