23:44:35 **** Incremental Build of configuration Debug for project CMSIS_CORE_LPC11Uxx ****
make -r all 
make: Nothing to be done for `all'.
23:44:36 **** Incremental Build of configuration Debug for project Lab3 ****
make -r all 
Building file: ../src/Lab3.c
Invoking: MCU C Compiler
arm-none-eabi-gcc -DDEBUG -D__CODE_RED -DCORE_M0 -D__USE_CMSIS=CMSIS_CORE_LPC11Uxx -D__LPC11UXX__ -D__REDLIB__ -I"/Users/Rane/LPCXpresso/lab3/Lab3/inc" -I"/Users/Rane/LPCXpresso/lab3/CMSIS_CORE_LPC11Uxx/inc" -O0 -g3 -Wall -c -fmessage-length=0 -fno-builtin -ffunction-sections -fdata-sections -mcpu=cortex-m0 -mthumb -specs=redlib.specs -MMD -MP -MF"src/Lab3.d" -MT"src/Lab3.o" -MT"src/Lab3.d" -o "src/Lab3.o" "../src/Lab3.c"
Finished building: ../src/Lab3.c
 
Building target: Lab3.axf
Invoking: MCU Linker
arm-none-eabi-gcc -nostdlib -L"/Users/Rane/LPCXpresso/lab3/CMSIS_CORE_LPC11Uxx/Debug" -Xlinker -Map="Lab3.map" -Xlinker --gc-sections -mcpu=cortex-m0 -mthumb -T "Lab3_Debug.ld" -o "Lab3.axf"  ./src/Lab3.o ./src/aeabi_romdiv_patch.o ./src/cr_startup_lpc11uxx.o ./src/crp.o   -lCMSIS_CORE_LPC11Uxx
Finished building target: Lab3.axf
 
make --no-print-directory post-build
Performing post-build steps
arm-none-eabi-size "Lab3.axf"; # arm-none-eabi-objcopy -v -O binary "Lab3.axf" "Lab3.bin" ; # checksum -p LPC11U14_201 -d "Lab3.bin";
   text	   data	    bss	    dec	    hex	filename
  12184	      4	    336	  12524	   30ec	Lab3.axf
 
23:44:43 **** Incremental Build of configuration Debug for project Lab3 ****
make -r all 
make: Nothing to be done for `all'.
