Archive member included because of file (symbol)

/Users/Rane/LPCXpresso/lab5/nxp_lpcxpresso_11u14_board_lib/Debug/libnxp_lpcxpresso_11u14_board_lib.a(board.o)
                              ./example/src/uart.o (Board_LED_Set)
/Users/Rane/LPCXpresso/lab5/nxp_lpcxpresso_11u14_board_lib/Debug/libnxp_lpcxpresso_11u14_board_lib.a(board_sysinit.o)
                              ./example/src/sysinit.o (Board_SystemInit)
/Users/Rane/LPCXpresso/lab5/lpc_chip_11uxx_lib/Debug/liblpc_chip_11uxx_lib.a(chip_11xx.o)
                              ./example/src/uart.o (SystemCoreClockUpdate)
/Users/Rane/LPCXpresso/lab5/lpc_chip_11uxx_lib/Debug/liblpc_chip_11uxx_lib.a(clock_11xx.o)
                              /Users/Rane/LPCXpresso/lab5/nxp_lpcxpresso_11u14_board_lib/Debug/libnxp_lpcxpresso_11u14_board_lib.a(board_sysinit.o) (Chip_Clock_SetSystemPLLSource)
/Users/Rane/LPCXpresso/lab5/lpc_chip_11uxx_lib/Debug/liblpc_chip_11uxx_lib.a(gpio_11xx_1.o)
                              /Users/Rane/LPCXpresso/lab5/nxp_lpcxpresso_11u14_board_lib/Debug/libnxp_lpcxpresso_11u14_board_lib.a(board.o) (Chip_GPIO_Init)
/Users/Rane/LPCXpresso/lab5/lpc_chip_11uxx_lib/Debug/liblpc_chip_11uxx_lib.a(iocon_11xx.o)
                              ./example/src/uart.o (Chip_IOCON_PinMuxSet)
/Users/Rane/LPCXpresso/lab5/lpc_chip_11uxx_lib/Debug/liblpc_chip_11uxx_lib.a(ring_buffer.o)
                              ./example/src/uart.o (RingBuffer_Init)
/Users/Rane/LPCXpresso/lab5/lpc_chip_11uxx_lib/Debug/liblpc_chip_11uxx_lib.a(sysctl_11xx.o)
                              /Users/Rane/LPCXpresso/lab5/nxp_lpcxpresso_11u14_board_lib/Debug/libnxp_lpcxpresso_11u14_board_lib.a(board_sysinit.o) (Chip_SYSCTL_PowerDown)
/Users/Rane/LPCXpresso/lab5/lpc_chip_11uxx_lib/Debug/liblpc_chip_11uxx_lib.a(uart_11xx.o)
                              ./example/src/uart.o (Chip_UART_Init)
/Applications/lpcxpresso_7.9.0_455/lpcxpresso/tools/bin/../lib/gcc/arm-none-eabi/4.9.3/../../../../arm-none-eabi/lib/armv6-m/libcr_nohost.a(_cr__main.o)
                              ./example/src/cr_startup_lpc11xx.o (__main)
/Applications/lpcxpresso_7.9.0_455/lpcxpresso/tools/bin/../lib/gcc/arm-none-eabi/4.9.3/../../../../arm-none-eabi/lib/armv6-m/libcr_c.a(memcpy.o)
                              /Users/Rane/LPCXpresso/lab5/lpc_chip_11uxx_lib/Debug/liblpc_chip_11uxx_lib.a(ring_buffer.o) (memcpy)
/Applications/lpcxpresso_7.9.0_455/lpcxpresso/tools/bin/../lib/gcc/arm-none-eabi/4.9.3/../../../../arm-none-eabi/lib/armv6-m/libcr_c.a(initio.o)
                              /Applications/lpcxpresso_7.9.0_455/lpcxpresso/tools/bin/../lib/gcc/arm-none-eabi/4.9.3/../../../../arm-none-eabi/lib/armv6-m/libcr_nohost.a(_cr__main.o) (_initio)
/Applications/lpcxpresso_7.9.0_455/lpcxpresso/tools/bin/../lib/gcc/arm-none-eabi/4.9.3/../../../../arm-none-eabi/lib/armv6-m/libcr_c.a(setvbuf.o)
                              /Applications/lpcxpresso_7.9.0_455/lpcxpresso/tools/bin/../lib/gcc/arm-none-eabi/4.9.3/../../../../arm-none-eabi/lib/armv6-m/libcr_c.a(initio.o) (setvbuf)
/Applications/lpcxpresso_7.9.0_455/lpcxpresso/tools/bin/../lib/gcc/arm-none-eabi/4.9.3/../../../../arm-none-eabi/lib/armv6-m/libcr_c.a(stdio.o)
                              /Applications/lpcxpresso_7.9.0_455/lpcxpresso/tools/bin/../lib/gcc/arm-none-eabi/4.9.3/../../../../arm-none-eabi/lib/armv6-m/libcr_c.a(initio.o) (__Ciob)
/Applications/lpcxpresso_7.9.0_455/lpcxpresso/tools/bin/../lib/gcc/arm-none-eabi/4.9.3/../../../../arm-none-eabi/lib/armv6-m/libcr_c.a(memset.o)
                              /Applications/lpcxpresso_7.9.0_455/lpcxpresso/tools/bin/../lib/gcc/arm-none-eabi/4.9.3/../../../../arm-none-eabi/lib/armv6-m/libcr_c.a(initio.o) (memset)
/Applications/lpcxpresso_7.9.0_455/lpcxpresso/tools/bin/../lib/gcc/arm-none-eabi/4.9.3/../../../../arm-none-eabi/lib/armv6-m/libcr_c.a(__fillbuf.o)
                              /Applications/lpcxpresso_7.9.0_455/lpcxpresso/tools/bin/../lib/gcc/arm-none-eabi/4.9.3/../../../../arm-none-eabi/lib/armv6-m/libcr_c.a(stdio.o) (__filbuf)
/Applications/lpcxpresso_7.9.0_455/lpcxpresso/tools/bin/../lib/gcc/arm-none-eabi/4.9.3/../../../../arm-none-eabi/lib/armv6-m/libcr_c.a(_deferredlazyseek.o)
                              /Applications/lpcxpresso_7.9.0_455/lpcxpresso/tools/bin/../lib/gcc/arm-none-eabi/4.9.3/../../../../arm-none-eabi/lib/armv6-m/libcr_c.a(__fillbuf.o) (_deferredlazyseek)
/Applications/lpcxpresso_7.9.0_455/lpcxpresso/tools/bin/../lib/gcc/arm-none-eabi/4.9.3/../../../../arm-none-eabi/lib/armv6-m/libcr_c.a(_fdopen.o)
                              /Applications/lpcxpresso_7.9.0_455/lpcxpresso/tools/bin/../lib/gcc/arm-none-eabi/4.9.3/../../../../arm-none-eabi/lib/armv6-m/libcr_c.a(initio.o) (_fdopen)
/Applications/lpcxpresso_7.9.0_455/lpcxpresso/tools/bin/../lib/gcc/arm-none-eabi/4.9.3/../../../../arm-none-eabi/lib/armv6-m/libcr_c.a(_fflush.o)
[...]
Memory Configuration

Name             Origin             Length             Attributes
MFlash32         0x0000000000000000 0x0000000000008000 xr
RamLoc4          0x0000000010000000 0x0000000000001000 xrw
RamUsb2          0x0000000020004000 0x0000000000000800 xrw
*default*        0x0000000000000000 0xffffffffffffffff

Linker script and memory map

LOAD ./example/src/cr_startup_lpc11xx.o
LOAD ./example/src/sysinit.o
LOAD ./example/src/uart.o
LOAD /Users/Rane/LPCXpresso/lab5/nxp_lpcxpresso_11u14_board_lib/Debug/libnxp_lpcxpresso_11u14_board_lib.a
LOAD /Users/Rane/LPCXpresso/lab5/lpc_chip_11uxx_lib/Debug/liblpc_chip_11uxx_lib.a
START GROUP
LOAD /Applications/lpcxpresso_7.9.0_455/lpcxpresso/tools/bin/../lib/gcc/arm-none-eabi/4.9.3/../../../../arm-none-eabi/lib/armv6-m/libcr_nohost.a
LOAD /Applications/lpcxpresso_7.9.0_455/lpcxpresso/tools/bin/../lib/gcc/arm-none-eabi/4.9.3/../../../../arm-none-eabi/lib/armv6-m/libcr_c.a
LOAD /Applications/lpcxpresso_7.9.0_455/lpcxpresso/tools/bin/../lib/gcc/arm-none-eabi/4.9.3/armv6-m/libcr_eabihelpers.a
END GROUP
                0x0000000000008000                __top_MFlash32 = 0x8000
                0x0000000000008000                __top_Flash = 0x8000
                0x0000000010001000                __top_RamLoc4 = 0x10001000
                0x0000000010001000                __top_RAM = 0x10001000
                0x0000000020004800                __top_RamUsb2 = 0x20004800
                0x0000000020004800                __top_RAM2 = 0x20004800

.text           0x0000000000000000     0x1b34
 FILL mask 0xff
                0x0000000000000000                __vectors_start__ = ABSOLUTE (.)
 *(.isr_vector)
 .isr_vector    0x0000000000000000       0xc0 ./example/src/cr_startup_lpc11xx.o
                0x0000000000000000                g_pfnVectors
                0x00000000000000c0                . = ALIGN (0x4)
                0x00000000000000c0                __section_table_start = .
                0x00000000000000c0                __data_section_table = .
                0x00000000000000c0        0x4 LONG 0x1b34 LOADADDR (.data)
                0x00000000000000c4        0x4 LONG 0x10000000 ADDR (.data)
                0x00000000000000c8        0x4 LONG 0x0 SIZEOF (.data)
                0x00000000000000cc        0x4 LONG 0x1b34 LOADADDR (.data_RAM2)
                0x00000000000000d0        0x4 LONG 0x20004000 ADDR (.data_RAM2)
                0x00000000000000d4        0x4 LONG 0x0 SIZEOF (.data_RAM2)
                0x00000000000000d8                __data_section_table_end = .
                0x00000000000000d8                __bss_section_table = .
                0x00000000000000d8        0x4 LONG 0x10000000 ADDR (.bss)
                0x00000000000000dc        0x4 LONG 0x37c SIZEOF (.bss)
                0x00000000000000e0        0x4 LONG 0x20004000 ADDR (.bss_RAM2)
                0x00000000000000e4        0x4 LONG 0x0 SIZEOF (.bss_RAM2)
                0x00000000000000e8                __bss_section_table_end = .
                0x00000000000000e8                __section_table_end = .
 *(.after_vectors*)
 .after_vectors
                0x00000000000000e8       0x70 ./example/src/cr_startup_lpc11xx.o
                0x00000000000000e8                NMI_Handler
                0x00000000000000ea                HardFault_Handler
                0x00000000000000ec                SVC_Handler
                0x00000000000000ee                PendSV_Handler
                0x00000000000000f0                SysTick_Handler
                0x00000000000000f2                IntDefaultHandler
                0x00000000000000f2                SSP0_IRQHandler
                0x00000000000000f2                USBWakeup_IRQHandler
                0x00000000000000f2                GINT1_IRQHandler
                0x00000000000000f2                TIMER32_0_IRQHandler
                0x00000000000000f2                FLEX_INT7_IRQHandler
                0x00000000000000f2                TIMER32_1_IRQHandler
                0x00000000000000f2                FLEX_INT1_IRQHandler
                0x00000000000000f2                FLEX_INT6_IRQHandler
                0x00000000000000f2                FMC_IRQHandler
                0x00000000000000f2                TIMER16_0_IRQHandler
                0x00000000000000f2                FLEX_INT0_IRQHandler
                0x00000000000000f2                FLEX_INT2_IRQHandler
                0x00000000000000f2                TIMER16_1_IRQHandler
                0x00000000000000f2                USB_FIQHandler
                0x00000000000000f2                FLEX_INT5_IRQHandler
                0x00000000000000f2                ADC_IRQHandler
                0x00000000000000f2                SSP1_IRQHandler
                0x00000000000000f2                FLEX_INT3_IRQHandler
                0x00000000000000f2                USB_IRQHandler
                0x00000000000000f2                BOD_IRQHandler
                0x00000000000000f2                I2C_IRQHandler
                0x00000000000000f2                WDT_IRQHandler
                0x00000000000000f2                GINT0_IRQHandler
                0x00000000000000f2                FLEX_INT4_IRQHandler
                0x00000000000000f4                data_init
                0x0000000000000106                bss_init
                0x0000000000000116                ResetISR
 *(.text*)
 .text.SystemInit
                0x0000000000000158        0xc ./example/src/sysinit.o
                0x0000000000000158                SystemInit
 .text.NVIC_EnableIRQ
                0x0000000000000164       0x2c ./example/src/uart.o
 .text.NVIC_DisableIRQ
                0x0000000000000190       0x30 ./example/src/uart.o
 .text.NVIC_SetPriority
                0x00000000000001c0       0xd4 ./example/src/uart.o
 .text.Chip_UART_TXEnable
                0x0000000000000294       0x14 ./example/src/uart.o
 .text.Chip_UART_IntEnable
                0x00000000000002a8       0x1c ./example/src/uart.o
 .text.Chip_UART_SetupFIFOS
                0x00000000000002c4       0x18 ./example/src/uart.o
 .text.Chip_UART_ConfigData
                0x00000000000002dc       0x18 ./example/src/uart.o
 .text.Init_UART_PinMux
                0x00000000000002f4       0x28 ./example/src/uart.o
 .text.UART_IRQHandler
                0x000000000000031c       0x24 ./example/src/uart.o
                0x000000000000031c                UART_IRQHandler
 .text.main     0x0000000000000340      0x12c ./example/src/uart.o
                0x0000000000000340                main
 .text.Chip_GPIO_SetPinState
                0x000000000000046c       0x3c /Users/Rane/LPCXpresso/lab5/nxp_lpcxpresso_11u14_board_lib/Debug/libnxp_lpcxpresso_11u14_board_lib.a(board.o)
 .text.Chip_GPIO_SetPinDIROutput
                0x00000000000004a8       0x50 /Users/Rane/LPCXpresso/lab5/nxp_lpcxpresso_11u14_board_lib/Debug/libnxp_lpcxpresso_11u14_board_lib.a(board.o)
 .text.Chip_GPIO_SetPinToggle
                0x00000000000004f8       0x3c /Users/Rane/LPCXpresso/lab5/nxp_lpcxpresso_11u14_board_lib/Debug/libnxp_lpcxpresso_11u14_board_lib.a(board.o)
 .text.__sys_write
                0x0000000000000534       0x18 /Users/Rane/LPCXpresso/lab5/nxp_lpcxpresso_11u14_board_lib/Debug/libnxp_lpcxpresso_11u14_board_lib.a(board.o)
                0x0000000000000534                __sys_write
 .text.Board_LED_Init
                0x000000000000054c       0x18 /Users/Rane/LPCXpresso/lab5/nxp_lpcxpresso_11u14_board_lib/Debug/libnxp_lpcxpresso_11u14_board_lib.a(board.o)
 .text.Board_LED_Set
                0x0000000000000564       0x34 /Users/Rane/LPCXpresso/lab5/nxp_lpcxpresso_11u14_board_lib/Debug/libnxp_lpcxpresso_11u14_board_lib.a(board.o)
                0x0000000000000564                Board_LED_Set
 .text.Board_LED_Toggle
                0x0000000000000598       0x28 /Users/Rane/LPCXpresso/lab5/nxp_lpcxpresso_11u14_board_lib/Debug/libnxp_lpcxpresso_11u14_board_lib.a(board.o)
                0x0000000000000598                Board_LED_Toggle
 .text.Board_Init
                0x00000000000005c0       0x18 /Users/Rane/LPCXpresso/lab5/nxp_lpcxpresso_11u14_board_lib/Debug/libnxp_lpcxpresso_11u14_board_lib.a(board.o)
                0x00000000000005c0                Board_Init
 .text.Chip_FMC_SetFLASHAccess
                0x00000000000005d8       0x2c /Users/Rane/LPCXpresso/lab5/nxp_lpcxpresso_11u14_board_lib/Debug/libnxp_lpcxpresso_11u14_board_lib.a(board_sysinit.o)
 .text.Chip_Clock_SetupSystemPLL
                0x0000000000000604       0x34 /Users/Rane/LPCXpresso/lab5/nxp_lpcxpresso_11u14_board_lib/Debug/libnxp_lpcxpresso_11u14_board_lib.a(board_sysinit.o)
 .text.Chip_Clock_IsSystemPLLLocked
                0x0000000000000638       0x1c /Users/Rane/LPCXpresso/lab5/nxp_lpcxpresso_11u14_board_lib/Debug/libnxp_lpcxpresso_11u14_board_lib.a(board_sysinit.o)
 .text.Chip_Clock_SetupUSBPLL
                0x0000000000000654       0x34 /Users/Rane/LPCXpresso/lab5/nxp_lpcxpresso_11u14_board_lib/Debug/libnxp_lpcxpresso_11u14_board_lib.a(board_sysinit.o)
 .text.Chip_Clock_IsUSBPLLLocked
                0x0000000000000688       0x1c /Users/Rane/LPCXpresso/lab5/nxp_lpcxpresso_11u14_board_lib/Debug/libnxp_lpcxpresso_11u14_board_lib.a(board_sysinit.o)
 .text.Chip_Clock_SetSysClockDiv
                0x00000000000006a4       0x18 /Users/Rane/LPCXpresso/lab5/nxp_lpcxpresso_11u14_board_lib/Debug/libnxp_lpcxpresso_11u14_board_lib.a(board_sysinit.o)
 .text.Chip_Clock_EnablePeriphClock
                0x00000000000006bc       0x30 /Users/Rane/LPCXpresso/lab5/nxp_lpcxpresso_11u14_board_lib/Debug/libnxp_lpcxpresso_11u14_board_lib.a(board_sysinit.o)
 .text.SystemSetupClocking
                0x00000000000006ec       0x90 /Users/Rane/LPCXpresso/lab5/nxp_lpcxpresso_11u14_board_lib/Debug/libnxp_lpcxpresso_11u14_board_lib.a(board_sysinit.o)
 .text.SystemSetupMuxing
                0x000000000000077c       0x58 /Users/Rane/LPCXpresso/lab5/nxp_lpcxpresso_11u14_board_lib/Debug/libnxp_lpcxpresso_11u14_board_lib.a(board_sysinit.o)
 .text.Board_SystemInit
                0x00000000000007d4       0x10 /Users/Rane/LPCXpresso/lab5/nxp_lpcxpresso_11u14_board_lib/Debug/libnxp_lpcxpresso_11u14_board_lib.a(board_sysinit.o)
                0x00000000000007d4                Board_SystemInit
 .text.SystemCoreClockUpdate
                0x00000000000007e4       0x18 /Users/Rane/LPCXpresso/lab5/lpc_chip_11uxx_lib/Debug/liblpc_chip_11uxx_lib.a(chip_11xx.o)
                0x00000000000007e4                SystemCoreClockUpdate
 .text.Chip_Clock_GetMainOscRate
                0x00000000000007fc       0x14 /Users/Rane/LPCXpresso/lab5/lpc_chip_11uxx_lib/Debug/liblpc_chip_11uxx_lib.a(clock_11xx.o)
 .text.Chip_Clock_GetIntOscRate
                0x0000000000000810       0x10 /Users/Rane/LPCXpresso/lab5/lpc_chip_11uxx_lib/Debug/liblpc_chip_11uxx_lib.a(clock_11xx.o)
 .text.Chip_Clock_GetWDTLFORate
                0x0000000000000820       0x48 /Users/Rane/LPCXpresso/lab5/lpc_chip_11uxx_lib/Debug/liblpc_chip_11uxx_lib.a(clock_11xx.o)
 .text.Chip_Clock_GetPLLFreq
                0x0000000000000868       0x24 /Users/Rane/LPCXpresso/lab5/lpc_chip_11uxx_lib/Debug/liblpc_chip_11uxx_lib.a(clock_11xx.o)
 .text.Chip_Clock_SetSystemPLLSource
                0x000000000000088c       0x2c /Users/Rane/LPCXpresso/lab5/lpc_chip_11uxx_lib/Debug/liblpc_chip_11uxx_lib.a(clock_11xx.o)
                0x000000000000088c                Chip_Clock_SetSystemPLLSource
 .text.Chip_Clock_SetUSBPLLSource
                0x00000000000008b8       0x2c /Users/Rane/LPCXpresso/lab5/lpc_chip_11uxx_lib/Debug/liblpc_chip_11uxx_lib.a(clock_11xx.o)
                0x00000000000008b8                Chip_Clock_SetUSBPLLSource
 .text.Chip_Clock_SetMainClockSource
                0x00000000000008e4       0x2c /Users/Rane/LPCXpresso/lab5/lpc_chip_11uxx_lib/Debug/liblpc_chip_11uxx_lib.a(clock_11xx.o)
                0x00000000000008e4                Chip_Clock_SetMainClockSource
 .text.Chip_Clock_GetWDTOSCRate
                0x0000000000000910       0x1c /Users/Rane/LPCXpresso/lab5/lpc_chip_11uxx_lib/Debug/liblpc_chip_11uxx_lib.a(clock_11xx.o)
                0x0000000000000910                Chip_Clock_GetWDTOSCRate
 .text.Chip_Clock_GetSystemPLLInClockRate
                0x000000000000092c       0x40 /Users/Rane/LPCXpresso/lab5/lpc_chip_11uxx_lib/Debug/liblpc_chip_11uxx_lib.a(clock_11xx.o)
                0x000000000000092c                Chip_Clock_GetSystemPLLInClockRate
 .text.Chip_Clock_GetSystemPLLOutClockRate
                0x000000000000096c       0x24 /Users/Rane/LPCXpresso/lab5/lpc_chip_11uxx_lib/Debug/liblpc_chip_11uxx_lib.a(clock_11xx.o)
                0x000000000000096c                Chip_Clock_GetSystemPLLOutClockRate
 .text.Chip_Clock_GetMainClockRate
                0x0000000000000990       0x64 /Users/Rane/LPCXpresso/lab5/lpc_chip_11uxx_lib/Debug/liblpc_chip_11uxx_lib.a(clock_11xx.o)
                0x0000000000000990                Chip_Clock_GetMainClockRate
 .text.Chip_Clock_GetSystemClockRate
                0x00000000000009f4       0x24 /Users/Rane/LPCXpresso/lab5/lpc_chip_11uxx_lib/Debug/liblpc_chip_11uxx_lib.a(clock_11xx.o)
                0x00000000000009f4                Chip_Clock_GetSystemClockRate
 .text.Chip_Clock_EnablePeriphClock
                0x0000000000000a18       0x30 /Users/Rane/LPCXpresso/lab5/lpc_chip_11uxx_lib/Debug/liblpc_chip_11uxx_lib.a(gpio_11xx_1.o)
 .text.Chip_GPIO_Init
                0x0000000000000a48       0x14 /Users/Rane/LPCXpresso/lab5/lpc_chip_11uxx_lib/Debug/liblpc_chip_11uxx_lib.a(gpio_11xx_1.o)
                0x0000000000000a48                Chip_GPIO_Init
 .text.Chip_IOCON_PinMuxSet
                0x0000000000000a5c       0x50 /Users/Rane/LPCXpresso/lab5/lpc_chip_11uxx_lib/Debug/liblpc_chip_11uxx_lib.a(iocon_11xx.o)
                0x0000000000000a5c                Chip_IOCON_PinMuxSet
 .text.RingBuffer_GetCount
                0x0000000000000aac       0x20 /Users/Rane/LPCXpresso/lab5/lpc_chip_11uxx_lib/Debug/liblpc_chip_11uxx_lib.a(ring_buffer.o)
 .text.RingBuffer_GetFree
                0x0000000000000acc       0x20 /Users/Rane/LPCXpresso/lab5/lpc_chip_11uxx_lib/Debug/liblpc_chip_11uxx_lib.a(ring_buffer.o)
 .text.RingBuffer_IsFull
                0x0000000000000aec       0x2c /Users/Rane/LPCXpresso/lab5/lpc_chip_11uxx_lib/Debug/liblpc_chip_11uxx_lib.a(ring_buffer.o)
 .text.RingBuffer_IsEmpty
                0x0000000000000b18       0x24 /Users/Rane/LPCXpresso/lab5/lpc_chip_11uxx_lib/Debug/liblpc_chip_11uxx_lib.a(ring_buffer.o)
 .text.RingBuffer_Init
                0x0000000000000b3c       0x38 /Users/Rane/LPCXpresso/lab5/lpc_chip_11uxx_lib/Debug/liblpc_chip_11uxx_lib.a(ring_buffer.o)
                0x0000000000000b3c                RingBuffer_Init
 .text.RingBuffer_Insert
                0x0000000000000b74       0x60 /Users/Rane/LPCXpresso/lab5/lpc_chip_11uxx_lib/Debug/liblpc_chip_11uxx_lib.a(ring_buffer.o)
                0x0000000000000b74                RingBuffer_Insert
 .text.RingBuffer_InsertMult
                0x0000000000000bd4      0x128 /Users/Rane/LPCXpresso/lab5/lpc_chip_11uxx_lib/Debug/liblpc_chip_11uxx_lib.a(ring_buffer.o)
                0x0000000000000bd4                RingBuffer_InsertMult
 .text.RingBuffer_Pop
                0x0000000000000cfc       0x60 /Users/Rane/LPCXpresso/lab5/lpc_chip_11uxx_lib/Debug/liblpc_chip_11uxx_lib.a(ring_buffer.o)
                0x0000000000000cfc                RingBuffer_Pop
 .text.RingBuffer_PopMult
                0x0000000000000d5c      0x128 /Users/Rane/LPCXpresso/lab5/lpc_chip_11uxx_lib/Debug/liblpc_chip_11uxx_lib.a(ring_buffer.o)
                0x0000000000000d5c                RingBuffer_PopMult
 .text.Chip_SYSCTL_PowerDown
                0x0000000000000e84       0x40 /Users/Rane/LPCXpresso/lab5/lpc_chip_11uxx_lib/Debug/liblpc_chip_11uxx_lib.a(sysctl_11xx.o)
                0x0000000000000e84                Chip_SYSCTL_PowerDown
 .text.Chip_SYSCTL_PowerUp
                0x0000000000000ec4       0x44 /Users/Rane/LPCXpresso/lab5/lpc_chip_11uxx_lib/Debug/liblpc_chip_11uxx_lib.a(sysctl_11xx.o)
                0x0000000000000ec4                Chip_SYSCTL_PowerUp
 .text.Chip_Clock_EnablePeriphClock
                0x0000000000000f08       0x30 /Users/Rane/LPCXpresso/lab5/lpc_chip_11uxx_lib/Debug/liblpc_chip_11uxx_lib.a(uart_11xx.o)
 .text.Chip_Clock_DisablePeriphClock
                0x0000000000000f38       0x30 /Users/Rane/LPCXpresso/lab5/lpc_chip_11uxx_lib/Debug/liblpc_chip_11uxx_lib.a(uart_11xx.o)
 .text.Chip_Clock_SetUARTClockDiv
                0x0000000000000f68       0x1c /Users/Rane/LPCXpresso/lab5/lpc_chip_11uxx_lib/Debug/liblpc_chip_11uxx_lib.a(uart_11xx.o)
 .text.RingBuffer_IsEmpty
                0x0000000000000f84       0x24 /Users/Rane/LPCXpresso/lab5/lpc_chip_11uxx_lib/Debug/liblpc_chip_11uxx_lib.a(uart_11xx.o)
 .text.Chip_UART_SendByte
                0x0000000000000fa8       0x1c /Users/Rane/LPCXpresso/lab5/lpc_chip_11uxx_lib/Debug/liblpc_chip_11uxx_lib.a(uart_11xx.o)
 .text.Chip_UART_ReadByte
                0x0000000000000fc4       0x18 /Users/Rane/LPCXpresso/lab5/lpc_chip_11uxx_lib/Debug/liblpc_chip_11uxx_lib.a(uart_11xx.o)
 .text.Chip_UART_IntEnable
                0x0000000000000fdc       0x1c /Users/Rane/LPCXpresso/lab5/lpc_chip_11uxx_lib/Debug/liblpc_chip_11uxx_lib.a(uart_11xx.o)
 .text.Chip_UART_IntDisable
                0x0000000000000ff8       0x20 /Users/Rane/LPCXpresso/lab5/lpc_chip_11uxx_lib/Debug/liblpc_chip_11uxx_lib.a(uart_11xx.o)
 .text.Chip_UART_SetupFIFOS
                0x0000000000001018       0x18 /Users/Rane/LPCXpresso/lab5/lpc_chip_11uxx_lib/Debug/liblpc_chip_11uxx_lib.a(uart_11xx.o)
 .text.Chip_UART_ConfigData
                0x0000000000001030       0x18 /Users/Rane/LPCXpresso/lab5/lpc_chip_11uxx_lib/Debug/liblpc_chip_11uxx_lib.a(uart_11xx.o)
 .text.Chip_UART_EnableDivisorAccess
                0x0000000000001048       0x1c /Users/Rane/LPCXpresso/lab5/lpc_chip_11uxx_lib/Debug/liblpc_chip_11uxx_lib.a(uart_11xx.o)
 .text.Chip_UART_DisableDivisorAccess
                0x0000000000001064       0x1c /Users/Rane/LPCXpresso/lab5/lpc_chip_11uxx_lib/Debug/liblpc_chip_11uxx_lib.a(uart_11xx.o)
 .text.Chip_UART_SetDivisorLatches
                0x0000000000001080       0x30 /Users/Rane/LPCXpresso/lab5/lpc_chip_11uxx_lib/Debug/liblpc_chip_11uxx_lib.a(uart_11xx.o)
 .text.Chip_UART_ReadLineStatus
                0x00000000000010b0       0x14 /Users/Rane/LPCXpresso/lab5/lpc_chip_11uxx_lib/Debug/liblpc_chip_11uxx_lib.a(uart_11xx.o)
 .text.Chip_UART_Init
                0x00000000000010c4       0x34 /Users/Rane/LPCXpresso/lab5/lpc_chip_11uxx_lib/Debug/liblpc_chip_11uxx_lib.a(uart_11xx.o)
                0x00000000000010c4                Chip_UART_Init
 .text.Chip_UART_DeInit
                0x00000000000010f8       0x14 /Users/Rane/LPCXpresso/lab5/lpc_chip_11uxx_lib/Debug/liblpc_chip_11uxx_lib.a(uart_11xx.o)
                0x00000000000010f8                Chip_UART_DeInit
 .text.Chip_UART_SetBaud
                0x000000000000110c       0x68 /Users/Rane/LPCXpresso/lab5/lpc_chip_11uxx_lib/Debug/liblpc_chip_11uxx_lib.a(uart_11xx.o)
                0x000000000000110c                Chip_UART_SetBaud
 .text.Chip_UART_RXIntHandlerRB
                0x0000000000001174       0x44 /Users/Rane/LPCXpresso/lab5/lpc_chip_11uxx_lib/Debug/liblpc_chip_11uxx_lib.a(uart_11xx.o)
                0x0000000000001174                Chip_UART_RXIntHandlerRB
 .text.Chip_UART_TXIntHandlerRB
                0x00000000000011b8       0x44 /Users/Rane/LPCXpresso/lab5/lpc_chip_11uxx_lib/Debug/liblpc_chip_11uxx_lib.a(uart_11xx.o)
                0x00000000000011b8                Chip_UART_TXIntHandlerRB
 .text.Chip_UART_SendRB
                0x00000000000011fc       0x70 /Users/Rane/LPCXpresso/lab5/lpc_chip_11uxx_lib/Debug/liblpc_chip_11uxx_lib.a(uart_11xx.o)
                0x00000000000011fc                Chip_UART_SendRB
 .text.Chip_UART_ReadRB
                0x000000000000126c       0x28 /Users/Rane/LPCXpresso/lab5/lpc_chip_11uxx_lib/Debug/liblpc_chip_11uxx_lib.a(uart_11xx.o)
                0x000000000000126c                Chip_UART_ReadRB
 .text.Chip_UART_IRQRBHandler
                0x0000000000001294       0x4c /Users/Rane/LPCXpresso/lab5/lpc_chip_11uxx_lib/Debug/liblpc_chip_11uxx_lib.a(uart_11xx.o)
                0x0000000000001294                Chip_UART_IRQRBHandler
 .text.__main   0x00000000000012e0       0x12 /Applications/lpcxpresso_7.9.0_455/lpcxpresso/tools/bin/../lib/gcc/arm-none-eabi/4.9.3/../../../../arm-none-eabi/lib/armv6-m/libcr_nohost.a(_cr__main.o)
                0x00000000000012e0                __main
 .text.memcpy   0x00000000000012f2        0x8 /Applications/lpcxpresso_7.9.0_455/lpcxpresso/tools/bin/../lib/gcc/arm-none-eabi/4.9.3/../../../../arm-none-eabi/lib/armv6-m/libcr_c.a(memcpy.o)
                0x00000000000012f2                memcpy
 *fill*         0x00000000000012fa        0x2 
 .text._initio  0x00000000000012fc       0xa8 /Applications/lpcxpresso_7.9.0_455/lpcxpresso/tools/bin/../lib/gcc/arm-none-eabi/4.9.3/../../../../arm-none-eabi/lib/armv6-m/libcr_c.a(initio.o)
                0x00000000000012fc                _initio
 .text.setvbuf  0x00000000000013a4       0x48 /Applications/lpcxpresso_7.9.0_455/lpcxpresso/tools/bin/../lib/gcc/arm-none-eabi/4.9.3/../../../../arm-none-eabi/lib/armv6-m/libcr_c.a(setvbuf.o)
                0x00000000000013a4                setvbuf
 .text.memset   0x00000000000013ec        0x8 /Applications/lpcxpresso_7.9.0_455/lpcxpresso/tools/bin/../lib/gcc/arm-none-eabi/4.9.3/../../../../arm-none-eabi/lib/armv6-m/libcr_c.a(memset.o)
                0x00000000000013ec                memset
 .text._deferredlazyseek
                0x00000000000013f4       0x44 /Applications/lpcxpresso_7.9.0_455/lpcxpresso/tools/bin/../lib/gcc/arm-none-eabi/4.9.3/../../../../arm-none-eabi/lib/armv6-m/libcr_c.a(_deferredlazyseek.o)
                0x00000000000013f4                _deferredlazyseek
 .text._fdopen  0x0000000000001438       0x68 /Applications/lpcxpresso_7.9.0_455/lpcxpresso/tools/bin/../lib/gcc/arm-none-eabi/4.9.3/../../../../arm-none-eabi/lib/armv6-m/libcr_c.a(_fdopen.o)
                0x0000000000001438                _fdopen
 .text._fflush  0x00000000000014a0       0x64 /Applications/lpcxpresso_7.9.0_455/lpcxpresso/tools/bin/../lib/gcc/arm-none-eabi/4.9.3/../../../../arm-none-eabi/lib/armv6-m/libcr_c.a(_fflush.o)
                0x00000000000014a0                _fflush
 .text._Cwritebuf
                0x0000000000001504       0x6c /Applications/lpcxpresso_7.9.0_455/lpcxpresso/tools/bin/../lib/gcc/arm-none-eabi/4.9.3/../../../../arm-none-eabi/lib/armv6-m/libcr_c.a(_writebuf.o)
                0x0000000000001504                _Cwritebuf
 .text.malloc   0x0000000000001570       0xcc /Applications/lpcxpresso_7.9.0_455/lpcxpresso/tools/bin/../lib/gcc/arm-none-eabi/4.9.3/../../../../arm-none-eabi/lib/armv6-m/libcr_c.a(alloc.o)
                0x0000000000001570                malloc
 .text.free     0x000000000000163c       0x2e /Applications/lpcxpresso_7.9.0_455/lpcxpresso/tools/bin/../lib/gcc/arm-none-eabi/4.9.3/../../../../arm-none-eabi/lib/armv6-m/libcr_c.a(alloc.o)
                0x000000000000163c                free
 *fill*         0x000000000000166a        0x2 
 .text._Csys_alloc
                0x000000000000166c       0x20 /Applications/lpcxpresso_7.9.0_455/lpcxpresso/tools/bin/../lib/gcc/arm-none-eabi/4.9.3/../../../../arm-none-eabi/lib/armv6-m/libcr_c.a(alloc.o)
                0x000000000000166c                _Csys_alloc
 .text.fclose   0x000000000000168c       0x70 /Applications/lpcxpresso_7.9.0_455/lpcxpresso/tools/bin/../lib/gcc/arm-none-eabi/4.9.3/../../../../arm-none-eabi/lib/armv6-m/libcr_c.a(fclose.o)
                0x000000000000168c                fclose
 .text.fflush   0x00000000000016fc       0x34 /Applications/lpcxpresso_7.9.0_455/lpcxpresso/tools/bin/../lib/gcc/arm-none-eabi/4.9.3/../../../../arm-none-eabi/lib/armv6-m/libcr_c.a(fflush.o)
                0x00000000000016fc                fflush
 .text.fseek    0x0000000000001730      0x100 /Applications/lpcxpresso_7.9.0_455/lpcxpresso/tools/bin/../lib/gcc/arm-none-eabi/4.9.3/../../../../arm-none-eabi/lib/armv6-m/libcr_c.a(fseek.o)
                0x0000000000001730                fseek
 .text.ftell    0x0000000000001830       0x4c /Applications/lpcxpresso_7.9.0_455/lpcxpresso/tools/bin/../lib/gcc/arm-none-eabi/4.9.3/../../../../arm-none-eabi/lib/armv6-m/libcr_c.a(ftell.o)
                0x0000000000001830                ftell
 .text.remove   0x000000000000187c       0x12 /Applications/lpcxpresso_7.9.0_455/lpcxpresso/tools/bin/../lib/gcc/arm-none-eabi/4.9.3/../../../../arm-none-eabi/lib/armv6-m/libcr_c.a(remove.o)
                0x000000000000187c                remove
 *fill*         0x000000000000188e        0x2 
 .text.strlen   0x0000000000001890       0x54 /Applications/lpcxpresso_7.9.0_455/lpcxpresso/tools/bin/../lib/gcc/arm-none-eabi/4.9.3/../../../../arm-none-eabi/lib/armv6-m/libcr_c.a(strlen.o)
                0x0000000000001890                strlen
 .text._sbrk    0x00000000000018e4       0x40 /Applications/lpcxpresso_7.9.0_455/lpcxpresso/tools/bin/../lib/gcc/arm-none-eabi/4.9.3/../../../../arm-none-eabi/lib/armv6-m/libcr_c.a(_cr_sbrk.o)
                0x00000000000018e4                _sbrk
 .text._do_fflush
                0x0000000000001924       0x4c /Applications/lpcxpresso_7.9.0_455/lpcxpresso/tools/bin/../lib/gcc/arm-none-eabi/4.9.3/../../../../arm-none-eabi/lib/armv6-m/libcr_c.a(_do_fflush.o)
                0x0000000000001924                _do_fflush
 .text.__check_heap_overflow
                0x0000000000001970       0x14 /Applications/lpcxpresso_7.9.0_455/lpcxpresso/tools/bin/../lib/gcc/arm-none-eabi/4.9.3/../../../../arm-none-eabi/lib/armv6-m/libcr_c.a(_cr_check_heap.o)
                0x0000000000001970                __check_heap_overflow
 .text.__aeabi_division_idivmod
                0x0000000000001984       0x78 /Applications/lpcxpresso_7.9.0_455/lpcxpresso/tools/bin/../lib/gcc/arm-none-eabi/4.9.3/armv6-m/libcr_eabihelpers.a(division_32.o)
                0x0000000000001984                __aeabi_idiv
                0x0000000000001984                __aeabi_idivmod
                0x000000000000198a                __aeabi_uidiv
                0x000000000000198a                __aeabi_uidivmod
 .text.__aeabi_division_idiv0
                0x00000000000019fc        0x2 /Applications/lpcxpresso_7.9.0_455/lpcxpresso/tools/bin/../lib/gcc/arm-none-eabi/4.9.3/armv6-m/libcr_eabihelpers.a(division_idiv0.o)
                0x00000000000019fc                __aeabi_idiv0
 .text.__aeabi_memcpy
                0x00000000000019fe       0x2c /Applications/lpcxpresso_7.9.0_455/lpcxpresso/tools/bin/../lib/gcc/arm-none-eabi/4.9.3/armv6-m/libcr_eabihelpers.a(memcpy.o)
                0x00000000000019fe                __aeabi_memcpy
                0x00000000000019fe                __aeabi_memcpy4
                0x00000000000019fe                __aeabi_memcpy8
 .text.__aeabi_memset_lowlevel
                0x0000000000001a2a       0x2a /Applications/lpcxpresso_7.9.0_455/lpcxpresso/tools/bin/../lib/gcc/arm-none-eabi/4.9.3/armv6-m/libcr_eabihelpers.a(memcpy.o)
                0x0000000000001a2a                __aeabi_lowlevel_memset
 .text.__sys_appexit
                0x0000000000001a54        0x2 /Applications/lpcxpresso_7.9.0_455/lpcxpresso/tools/bin/../lib/gcc/arm-none-eabi/4.9.3/../../../../arm-none-eabi/lib/armv6-m/libcr_nohost.a(__sys_appexit.o)
                0x0000000000001a54                __exit
                0x0000000000001a54                __sys_appexit
 .text.__sys_close
                0x0000000000001a56        0x6 /Applications/lpcxpresso_7.9.0_455/lpcxpresso/tools/bin/../lib/gcc/arm-none-eabi/4.9.3/../../../../arm-none-eabi/lib/armv6-m/libcr_nohost.a(__sys_close.o)
                0x0000000000001a56                __sys_close
 .text.__sys_flen
                0x0000000000001a5c        0x6 /Applications/lpcxpresso_7.9.0_455/lpcxpresso/tools/bin/../lib/gcc/arm-none-eabi/4.9.3/../../../../arm-none-eabi/lib/armv6-m/libcr_nohost.a(__sys_flen.o)
                0x0000000000001a5c                __sys_flen
 .text.__sys_istty
                0x0000000000001a62        0x6 /Applications/lpcxpresso_7.9.0_455/lpcxpresso/tools/bin/../lib/gcc/arm-none-eabi/4.9.3/../../../../arm-none-eabi/lib/armv6-m/libcr_nohost.a(__sys_istty.o)
                0x0000000000001a62                __sys_istty
 .text.__sys_remove
                0x0000000000001a68        0x6 /Applications/lpcxpresso_7.9.0_455/lpcxpresso/tools/bin/../lib/gcc/arm-none-eabi/4.9.3/../../../../arm-none-eabi/lib/armv6-m/libcr_nohost.a(__sys_remove.o)
                0x0000000000001a68                __sys_remove
 .text.__sys_seek
                0x0000000000001a6e        0x6 /Applications/lpcxpresso_7.9.0_455/lpcxpresso/tools/bin/../lib/gcc/arm-none-eabi/4.9.3/../../../../arm-none-eabi/lib/armv6-m/libcr_nohost.a(__sys_seek.o)
                0x0000000000001a6e                __sys_seek
 .text.__sys_tmpnam
                0x0000000000001a74        0x6 /Applications/lpcxpresso_7.9.0_455/lpcxpresso/tools/bin/../lib/gcc/arm-none-eabi/4.9.3/../../../../arm-none-eabi/lib/armv6-m/libcr_nohost.a(__sys_tmpnam.o)
                0x0000000000001a74                __sys_tmpnam
 *(.rodata .rodata.* .constdata .constdata.*)
 *fill*         0x0000000000001a7a        0x2 
 .rodata.inst1  0x0000000000001a7c       0x2a ./example/src/uart.o
                0x0000000000001a7c                inst1
 *fill*         0x0000000000001aa6        0x2 
 .rodata.inst2  0x0000000000001aa8        0x7 ./example/src/uart.o
                0x0000000000001aa8                inst2
 *fill*         0x0000000000001aaf        0x1 
 .rodata.OscRateIn
                0x0000000000001ab0        0x4 /Users/Rane/LPCXpresso/lab5/nxp_lpcxpresso_11u14_board_lib/Debug/libnxp_lpcxpresso_11u14_board_lib.a(board.o)
                0x0000000000001ab0                OscRateIn
 .rodata.pinmuxing
                0x0000000000001ab4       0x24 /Users/Rane/LPCXpresso/lab5/nxp_lpcxpresso_11u14_board_lib/Debug/libnxp_lpcxpresso_11u14_board_lib.a(board_sysinit.o)
 .rodata.wdtOSCRate
                0x0000000000001ad8       0x40 /Users/Rane/LPCXpresso/lab5/lpc_chip_11uxx_lib/Debug/liblpc_chip_11uxx_lib.a(clock_11xx.o)
 .rodata.str1.1
                0x0000000000001b18        0x4 /Applications/lpcxpresso_7.9.0_455/lpcxpresso/tools/bin/../lib/gcc/arm-none-eabi/4.9.3/../../../../arm-none-eabi/lib/armv6-m/libcr_c.a(initio.o)
 .rodata.str1.1
                0x0000000000001b1c       0x18 /Applications/lpcxpresso_7.9.0_455/lpcxpresso/tools/bin/../lib/gcc/arm-none-eabi/4.9.3/../../../../arm-none-eabi/lib/armv6-m/libcr_c.a(alloc.o)
                0x0000000000001b34                . = ALIGN (0x4)

.glue_7         0x0000000000001b34        0x0
 .glue_7        0x0000000000000000        0x0 linker stubs

.glue_7t        0x0000000000001b34        0x0
 .glue_7t       0x0000000000000000        0x0 linker stubs

.vfp11_veneer   0x0000000000001b34        0x0
 .vfp11_veneer  0x0000000000000000        0x0 linker stubs

.v4_bx          0x0000000000001b34        0x0
 .v4_bx         0x0000000000000000        0x0 linker stubs

.iplt           0x0000000000001b34        0x0
 .iplt          0x0000000000000000        0x0 ./example/src/cr_startup_lpc11xx.o

.rel.dyn        0x0000000000001b34        0x0
 .rel.iplt      0x0000000000000000        0x0 ./example/src/cr_startup_lpc11xx.o

.ARM.extab
 *(.ARM.extab* .gnu.linkonce.armextab.*)
                0x0000000000001b34                __exidx_start = .

.ARM.exidx
 *(.ARM.exidx* .gnu.linkonce.armexidx.*)
                0x0000000000001b34                __exidx_end = .
                0x0000000000001b34                _etext = .

.data_RAM2      0x0000000020004000        0x0 load address 0x0000000000001b34
 FILL mask 0xff
                0x0000000020004000                PROVIDE (__start_data_RAM2, .)
 *(.ramfunc.$RAM2)
 *(.ramfunc.$RamUsb2)
 *(.data.$RAM2*)
 *(.data.$RamUsb2*)
                0x0000000020004000                . = ALIGN (0x4)
                0x0000000020004000                PROVIDE (__end_data_RAM2, .)

.uninit_RESERVED
                0x0000000010000000        0x0
 *(.bss.$RESERVED*)
                0x0000000010000000                . = ALIGN (0x4)
                0x0000000010000000                _end_uninit_RESERVED = .

.data           0x0000000010000000        0x0 load address 0x0000000000001b34
 FILL mask 0xff
                0x0000000010000000                _data = .
 *(vtable)
 *(.ramfunc*)
 *(.data*)
                0x0000000010000000                . = ALIGN (0x4)
                0x0000000010000000                _edata = .

.igot.plt       0x0000000010000000        0x0 load address 0x0000000000001b34
 .igot.plt      0x0000000000000000        0x0 ./example/src/cr_startup_lpc11xx.o

.bss_RAM2       0x0000000020004000        0x0
                0x0000000020004000                PROVIDE (__start_bss_RAM2, .)
 *(.bss.$RAM2*)
 *(.bss.$RamUsb2*)
                0x0000000020004000                . = ALIGN ((. != 0x0)?0x4:0x1)
                0x0000000020004000                PROVIDE (__end_bss_RAM2, .)

.bss            0x0000000010000000      0x37c
                0x0000000010000000                _bss = .
 *(.bss*)
 .bss.txring    0x0000000010000000       0x14 ./example/src/uart.o
 .bss.rxring    0x0000000010000014       0x14 ./example/src/uart.o
 .bss.rxbuff    0x0000000010000028      0x100 ./example/src/uart.o
 .bss.txbuff    0x0000000010000128      0x100 ./example/src/uart.o
 .bss.errno     0x0000000010000228        0x4 /Applications/lpcxpresso_7.9.0_455/lpcxpresso/tools/bin/../lib/gcc/arm-none-eabi/4.9.3/../../../../arm-none-eabi/lib/armv6-m/libcr_c.a(errno.o)
                0x0000000010000228                errno
 *(COMMON)
 COMMON         0x000000001000022c        0x4 /Users/Rane/LPCXpresso/lab5/lpc_chip_11uxx_lib/Debug/liblpc_chip_11uxx_lib.a(chip_11xx.o)
                0x000000001000022c                SystemCoreClock
 COMMON         0x0000000010000230        0x4 /Applications/lpcxpresso_7.9.0_455/lpcxpresso/tools/bin/../lib/gcc/arm-none-eabi/4.9.3/../../../../arm-none-eabi/lib/armv6-m/libcr_c.a(initio.o)
                0x0000000010000230                _extra
 COMMON         0x0000000010000234      0x140 /Applications/lpcxpresso_7.9.0_455/lpcxpresso/tools/bin/../lib/gcc/arm-none-eabi/4.9.3/../../../../arm-none-eabi/lib/armv6-m/libcr_c.a(stdio.o)
                0x0000000010000234                __Ciob
 COMMON         0x0000000010000374        0x8 /Applications/lpcxpresso_7.9.0_455/lpcxpresso/tools/bin/../lib/gcc/arm-none-eabi/4.9.3/../../../../arm-none-eabi/lib/armv6-m/libcr_c.a(__init_alloc.o)
                0x0000000010000374                __heaps
                0x0000000010000378                __end_of_heap
                0x000000001000037c                . = ALIGN (0x4)
                0x000000001000037c                _ebss = .
                0x000000001000037c                PROVIDE (end, .)

.noinit_RAM2    0x0000000020004000        0x0
 *(.noinit.$RAM2*)
 *(.noinit.$RamUsb2*)
                0x0000000020004000                . = ALIGN (0x4)

.noinit         0x000000001000037c        0x0
                0x000000001000037c                _noinit = .
 *(.noinit*)
                0x000000001000037c                . = ALIGN (0x4)
                0x000000001000037c                _end_noinit = .
                0x000000001000037c                PROVIDE (_pvHeapStart, DEFINED (__user_heap_base)?__user_heap_base:.)
                0x0000000010001000                PROVIDE (_vStackTop, DEFINED (__user_stack_top)?__user_stack_top:(__top_RamLoc4 - 0x0))
                0xffffffffefffed15                PROVIDE (__valid_user_code_checksum, (0x0 - (((_vStackTop + (ResetISR + 0x1)) + (DEFINED (NMI_Handler)?NMI_Handler:M0_NMI_Handler + 0x1)) + (DEFINED (HardFault_Handler)?HardFault_Handler:M0_HardFault_Handler + 0x1))))
OUTPUT(nxp_lpcxpresso_11u14_periph_uart.axf elf32-littlearm)

.debug_info     0x0000000000000000     0x47a4
 .debug_info    0x0000000000000000      0x252 ./example/src/cr_startup_lpc11xx.o
 .debug_info    0x0000000000000252       0xb8 ./example/src/sysinit.o
 .debug_info    0x000000000000030a      0x7e5 ./example/src/uart.o
 .debug_info    0x0000000000000aef      0x79e /Users/Rane/LPCXpresso/lab5/nxp_lpcxpresso_11u14_board_lib/Debug/libnxp_lpcxpresso_11u14_board_lib.a(board.o)
 .debug_info    0x000000000000128d      0x95c /Users/Rane/LPCXpresso/lab5/nxp_lpcxpresso_11u14_board_lib/Debug/libnxp_lpcxpresso_11u14_board_lib.a(board_sysinit.o)
 .debug_info    0x0000000000001be9       0xc2 /Users/Rane/LPCXpresso/lab5/lpc_chip_11uxx_lib/Debug/liblpc_chip_11uxx_lib.a(chip_11xx.o)
 .debug_info    0x0000000000001cab      0x8ca /Users/Rane/LPCXpresso/lab5/lpc_chip_11uxx_lib/Debug/liblpc_chip_11uxx_lib.a(clock_11xx.o)
 .debug_info    0x0000000000002575      0x96f /Users/Rane/LPCXpresso/lab5/lpc_chip_11uxx_lib/Debug/liblpc_chip_11uxx_lib.a(gpio_11xx_1.o)
 .debug_info    0x0000000000002ee4      0x155 /Users/Rane/LPCXpresso/lab5/lpc_chip_11uxx_lib/Debug/liblpc_chip_11uxx_lib.a(iocon_11xx.o)
 .debug_info    0x0000000000003039      0x344 /Users/Rane/LPCXpresso/lab5/lpc_chip_11uxx_lib/Debug/liblpc_chip_11uxx_lib.a(ring_buffer.o)
 .debug_info    0x000000000000337d      0x583 /Users/Rane/LPCXpresso/lab5/lpc_chip_11uxx_lib/Debug/liblpc_chip_11uxx_lib.a(sysctl_11xx.o)
 .debug_info    0x0000000000003900      0xea4 /Users/Rane/LPCXpresso/lab5/lpc_chip_11uxx_lib/Debug/liblpc_chip_11uxx_lib.a(uart_11xx.o)

.debug_abbrev   0x0000000000000000      0xfd4
 .debug_abbrev  0x0000000000000000       0xf9 ./example/src/cr_startup_lpc11xx.o
 .debug_abbrev  0x00000000000000f9       0x6a ./example/src/sysinit.o
 .debug_abbrev  0x0000000000000163      0x200 ./example/src/uart.o
 .debug_abbrev  0x0000000000000363      0x238 /Users/Rane/LPCXpresso/lab5/nxp_lpcxpresso_11u14_board_lib/Debug/libnxp_lpcxpresso_11u14_board_lib.a(board.o)
 .debug_abbrev  0x000000000000059b      0x1cb /Users/Rane/LPCXpresso/lab5/nxp_lpcxpresso_11u14_board_lib/Debug/libnxp_lpcxpresso_11u14_board_lib.a(board_sysinit.o)
 .debug_abbrev  0x0000000000000766       0x7b /Users/Rane/LPCXpresso/lab5/lpc_chip_11uxx_lib/Debug/liblpc_chip_11uxx_lib.a(chip_11xx.o)
 .debug_abbrev  0x00000000000007e1      0x1bc /Users/Rane/LPCXpresso/lab5/lpc_chip_11uxx_lib/Debug/liblpc_chip_11uxx_lib.a(clock_11xx.o)
 .debug_abbrev  0x000000000000099d      0x173 /Users/Rane/LPCXpresso/lab5/lpc_chip_11uxx_lib/Debug/liblpc_chip_11uxx_lib.a(gpio_11xx_1.o)
 .debug_abbrev  0x0000000000000b10       0xc8 /Users/Rane/LPCXpresso/lab5/lpc_chip_11uxx_lib/Debug/liblpc_chip_11uxx_lib.a(iocon_11xx.o)
 .debug_abbrev  0x0000000000000bd8      0x12d /Users/Rane/LPCXpresso/lab5/lpc_chip_11uxx_lib/Debug/liblpc_chip_11uxx_lib.a(ring_buffer.o)
 .debug_abbrev  0x0000000000000d05       0xce /Users/Rane/LPCXpresso/lab5/lpc_chip_11uxx_lib/Debug/liblpc_chip_11uxx_lib.a(sysctl_11xx.o)
 .debug_abbrev  0x0000000000000dd3      0x201 /Users/Rane/LPCXpresso/lab5/lpc_chip_11uxx_lib/Debug/liblpc_chip_11uxx_lib.a(uart_11xx.o)

.debug_loc      0x0000000000000000      0x1a4
 .debug_loc     0x0000000000000000      0x1a4 ./example/src/cr_startup_lpc11xx.o

.debug_aranges  0x0000000000000000      0x500
 .debug_aranges
                0x0000000000000000       0x60 ./example/src/cr_startup_lpc11xx.o
 .debug_aranges
                0x0000000000000060       0x20 ./example/src/sysinit.o
 .debug_aranges
                0x0000000000000080       0x68 ./example/src/uart.o
 .debug_aranges
                0x00000000000000e8       0xd0 /Users/Rane/LPCXpresso/lab5/nxp_lpcxpresso_11u14_board_lib/Debug/libnxp_lpcxpresso_11u14_board_lib.a(board.o)
 .debug_aranges
                0x00000000000001b8       0x68 /Users/Rane/LPCXpresso/lab5/nxp_lpcxpresso_11u14_board_lib/Debug/libnxp_lpcxpresso_11u14_board_lib.a(board_sysinit.o)
 .debug_aranges
                0x0000000000000220       0x20 /Users/Rane/LPCXpresso/lab5/lpc_chip_11uxx_lib/Debug/liblpc_chip_11uxx_lib.a(chip_11xx.o)
 .debug_aranges
                0x0000000000000240       0xa0 /Users/Rane/LPCXpresso/lab5/lpc_chip_11uxx_lib/Debug/liblpc_chip_11uxx_lib.a(clock_11xx.o)
 .debug_aranges
                0x00000000000002e0       0x78 /Users/Rane/LPCXpresso/lab5/lpc_chip_11uxx_lib/Debug/liblpc_chip_11uxx_lib.a(gpio_11xx_1.o)
 .debug_aranges
                0x0000000000000358       0x20 /Users/Rane/LPCXpresso/lab5/lpc_chip_11uxx_lib/Debug/liblpc_chip_11uxx_lib.a(iocon_11xx.o)
 .debug_aranges
                0x0000000000000378       0x60 /Users/Rane/LPCXpresso/lab5/lpc_chip_11uxx_lib/Debug/liblpc_chip_11uxx_lib.a(ring_buffer.o)
 .debug_aranges
                0x00000000000003d8       0x38 /Users/Rane/LPCXpresso/lab5/lpc_chip_11uxx_lib/Debug/liblpc_chip_11uxx_lib.a(sysctl_11xx.o)
 .debug_aranges
                0x0000000000000410       0xf0 /Users/Rane/LPCXpresso/lab5/lpc_chip_11uxx_lib/Debug/liblpc_chip_11uxx_lib.a(uart_11xx.o)

.debug_ranges   0x0000000000000000      0x440
 .debug_ranges  0x0000000000000000       0x50 ./example/src/cr_startup_lpc11xx.o
 .debug_ranges  0x0000000000000050       0x10 ./example/src/sysinit.o
 .debug_ranges  0x0000000000000060       0x58 ./example/src/uart.o
 .debug_ranges  0x00000000000000b8       0xc0 /Users/Rane/LPCXpresso/lab5/nxp_lpcxpresso_11u14_board_lib/Debug/libnxp_lpcxpresso_11u14_board_lib.a(board.o)
 .debug_ranges  0x0000000000000178       0x58 /Users/Rane/LPCXpresso/lab5/nxp_lpcxpresso_11u14_board_lib/Debug/libnxp_lpcxpresso_11u14_board_lib.a(board_sysinit.o)
 .debug_ranges  0x00000000000001d0       0x10 /Users/Rane/LPCXpresso/lab5/lpc_chip_11uxx_lib/Debug/liblpc_chip_11uxx_lib.a(chip_11xx.o)
 .debug_ranges  0x00000000000001e0       0x90 /Users/Rane/LPCXpresso/lab5/lpc_chip_11uxx_lib/Debug/liblpc_chip_11uxx_lib.a(clock_11xx.o)
 .debug_ranges  0x0000000000000270       0x68 /Users/Rane/LPCXpresso/lab5/lpc_chip_11uxx_lib/Debug/liblpc_chip_11uxx_lib.a(gpio_11xx_1.o)
 .debug_ranges  0x00000000000002d8       0x10 /Users/Rane/LPCXpresso/lab5/lpc_chip_11uxx_lib/Debug/liblpc_chip_11uxx_lib.a(iocon_11xx.o)
 .debug_ranges  0x00000000000002e8       0x50 /Users/Rane/LPCXpresso/lab5/lpc_chip_11uxx_lib/Debug/liblpc_chip_11uxx_lib.a(ring_buffer.o)
 .debug_ranges  0x0000000000000338       0x28 /Users/Rane/LPCXpresso/lab5/lpc_chip_11uxx_lib/Debug/liblpc_chip_11uxx_lib.a(sysctl_11xx.o)
 .debug_ranges  0x0000000000000360       0xe0 /Users/Rane/LPCXpresso/lab5/lpc_chip_11uxx_lib/Debug/liblpc_chip_11uxx_lib.a(uart_11xx.o)

.debug_macro    0x0000000000000000     0x3fbb
 .debug_macro   0x0000000000000000       0x26 ./example/src/cr_startup_lpc11xx.o
 .debug_macro   0x0000000000000026      0x83e ./example/src/cr_startup_lpc11xx.o
 .debug_macro   0x0000000000000864       0x10 ./example/src/cr_startup_lpc11xx.o
 .debug_macro   0x0000000000000874      0x193 ./example/src/sysinit.o
 .debug_macro   0x0000000000000a07      0x838 ./example/src/sysinit.o
 .debug_macro   0x000000000000123f       0x10 ./example/src/sysinit.o
 .debug_macro   0x000000000000124f      0x12d ./example/src/sysinit.o
 .debug_macro   0x000000000000137c      0x5b2 ./example/src/sysinit.o
 .debug_macro   0x000000000000192e       0x22 ./example/src/sysinit.o
 .debug_macro   0x0000000000001950       0x7b ./example/src/sysinit.o
 .debug_macro   0x00000000000019cb       0x1f ./example/src/sysinit.o
 .debug_macro   0x00000000000019ea       0x3a ./example/src/sysinit.o
 .debug_macro   0x0000000000001a24      0x241 ./example/src/sysinit.o
 .debug_macro   0x0000000000001c65      0x125 ./example/src/sysinit.o
 .debug_macro   0x0000000000001d8a       0x2e ./example/src/sysinit.o
 .debug_macro   0x0000000000001db8       0xf1 ./example/src/sysinit.o
 .debug_macro   0x0000000000001ea9       0x10 ./example/src/sysinit.o
 .debug_macro   0x0000000000001eb9      0x137 ./example/src/sysinit.o
 .debug_macro   0x0000000000001ff0       0x4c ./example/src/sysinit.o
 .debug_macro   0x000000000000203c       0x16 ./example/src/sysinit.o
 .debug_macro   0x0000000000002052      0x31a ./example/src/sysinit.o
 .debug_macro   0x000000000000236c       0x4f ./example/src/sysinit.o
 .debug_macro   0x00000000000023bb       0xb8 ./example/src/sysinit.o
 .debug_macro   0x0000000000002473       0x11 ./example/src/sysinit.o
 .debug_macro   0x0000000000002484       0x7c ./example/src/sysinit.o
 .debug_macro   0x0000000000002500       0x1c ./example/src/sysinit.o
 .debug_macro   0x000000000000251c       0x40 ./example/src/sysinit.o
 .debug_macro   0x000000000000255c      0x21c ./example/src/sysinit.o
 .debug_macro   0x0000000000002778       0x58 ./example/src/sysinit.o
 .debug_macro   0x00000000000027d0       0x9a ./example/src/sysinit.o
 .debug_macro   0x000000000000286a       0x20 ./example/src/sysinit.o
 .debug_macro   0x000000000000288a      0x1a7 ./example/src/uart.o
 .debug_macro   0x0000000000002a31       0x5e ./example/src/uart.o
 .debug_macro   0x0000000000002a8f      0x1e8 /Users/Rane/LPCXpresso/lab5/nxp_lpcxpresso_11u14_board_lib/Debug/libnxp_lpcxpresso_11u14_board_lib.a(board.o)
 .debug_macro   0x0000000000002c77      0x832 /Users/Rane/LPCXpresso/lab5/nxp_lpcxpresso_11u14_board_lib/Debug/libnxp_lpcxpresso_11u14_board_lib.a(board.o)
 .debug_macro   0x00000000000034a9       0x12 /Users/Rane/LPCXpresso/lab5/nxp_lpcxpresso_11u14_board_lib/Debug/libnxp_lpcxpresso_11u14_board_lib.a(board.o)
 .debug_macro   0x00000000000034bb      0x1a1 /Users/Rane/LPCXpresso/lab5/nxp_lpcxpresso_11u14_board_lib/Debug/libnxp_lpcxpresso_11u14_board_lib.a(board_sysinit.o)
 .debug_macro   0x000000000000365c      0x15d /Users/Rane/LPCXpresso/lab5/lpc_chip_11uxx_lib/Debug/liblpc_chip_11uxx_lib.a(chip_11xx.o)
 .debug_macro   0x00000000000037b9      0x15d /Users/Rane/LPCXpresso/lab5/lpc_chip_11uxx_lib/Debug/liblpc_chip_11uxx_lib.a(clock_11xx.o)
 .debug_macro   0x0000000000003916      0x15d /Users/Rane/LPCXpresso/lab5/lpc_chip_11uxx_lib/Debug/liblpc_chip_11uxx_lib.a(gpio_11xx_1.o)
 .debug_macro   0x0000000000003a73      0x15d /Users/Rane/LPCXpresso/lab5/lpc_chip_11uxx_lib/Debug/liblpc_chip_11uxx_lib.a(iocon_11xx.o)
 .debug_macro   0x0000000000003bd0       0x83 /Users/Rane/LPCXpresso/lab5/lpc_chip_11uxx_lib/Debug/liblpc_chip_11uxx_lib.a(ring_buffer.o)
 .debug_macro   0x0000000000003c53       0x74 /Users/Rane/LPCXpresso/lab5/lpc_chip_11uxx_lib/Debug/liblpc_chip_11uxx_lib.a(ring_buffer.o)
 .debug_macro   0x0000000000003cc7       0x10 /Users/Rane/LPCXpresso/lab5/lpc_chip_11uxx_lib/Debug/liblpc_chip_11uxx_lib.a(ring_buffer.o)
 .debug_macro   0x0000000000003cd7      0x187 /Users/Rane/LPCXpresso/lab5/lpc_chip_11uxx_lib/Debug/liblpc_chip_11uxx_lib.a(sysctl_11xx.o)
 .debug_macro   0x0000000000003e5e      0x15d /Users/Rane/LPCXpresso/lab5/lpc_chip_11uxx_lib/Debug/liblpc_chip_11uxx_lib.a(uart_11xx.o)

.debug_line     0x0000000000000000     0x2a60
 .debug_line    0x0000000000000000       0xfc ./example/src/cr_startup_lpc11xx.o
 .debug_line    0x00000000000000fc      0x347 ./example/src/sysinit.o
 .debug_line    0x0000000000000443      0x426 ./example/src/uart.o
 .debug_line    0x0000000000000869      0x52a /Users/Rane/LPCXpresso/lab5/nxp_lpcxpresso_11u14_board_lib/Debug/libnxp_lpcxpresso_11u14_board_lib.a(board.o)
 .debug_line    0x0000000000000d93      0x449 /Users/Rane/LPCXpresso/lab5/nxp_lpcxpresso_11u14_board_lib/Debug/libnxp_lpcxpresso_11u14_board_lib.a(board_sysinit.o)
 .debug_line    0x00000000000011dc      0x2dd /Users/Rane/LPCXpresso/lab5/lpc_chip_11uxx_lib/Debug/liblpc_chip_11uxx_lib.a(chip_11xx.o)
 .debug_line    0x00000000000014b9      0x44c /Users/Rane/LPCXpresso/lab5/lpc_chip_11uxx_lib/Debug/liblpc_chip_11uxx_lib.a(clock_11xx.o)
 .debug_line    0x0000000000001905      0x3c8 /Users/Rane/LPCXpresso/lab5/lpc_chip_11uxx_lib/Debug/liblpc_chip_11uxx_lib.a(gpio_11xx_1.o)
 .debug_line    0x0000000000001ccd      0x2e0 /Users/Rane/LPCXpresso/lab5/lpc_chip_11uxx_lib/Debug/liblpc_chip_11uxx_lib.a(iocon_11xx.o)
 .debug_line    0x0000000000001fad      0x24c /Users/Rane/LPCXpresso/lab5/lpc_chip_11uxx_lib/Debug/liblpc_chip_11uxx_lib.a(ring_buffer.o)
 .debug_line    0x00000000000021f9      0x31a /Users/Rane/LPCXpresso/lab5/lpc_chip_11uxx_lib/Debug/liblpc_chip_11uxx_lib.a(sysctl_11xx.o)
 .debug_line    0x0000000000002513      0x54d /Users/Rane/LPCXpresso/lab5/lpc_chip_11uxx_lib/Debug/liblpc_chip_11uxx_lib.a(uart_11xx.o)

.debug_str      0x0000000000000000     0x9c00
 .debug_str     0x0000000000000000     0x2510 ./example/src/cr_startup_lpc11xx.o
                                       0x252e (size before relaxing)
 .debug_str     0x0000000000002510     0x5bf6 ./example/src/sysinit.o
                                       0x7fae (size before relaxing)
 .debug_str     0x0000000000008106      0x450 ./example/src/uart.o
                                       0x8402 (size before relaxing)
 .debug_str     0x0000000000008556      0x38b /Users/Rane/LPCXpresso/lab5/nxp_lpcxpresso_11u14_board_lib/Debug/libnxp_lpcxpresso_11u14_board_lib.a(board.o)
                                       0x83b5 (size before relaxing)
 .debug_str     0x00000000000088e1      0x7d5 /Users/Rane/LPCXpresso/lab5/nxp_lpcxpresso_11u14_board_lib/Debug/libnxp_lpcxpresso_11u14_board_lib.a(board_sysinit.o)
                                       0x87ad (size before relaxing)
 .debug_str     0x00000000000090b6       0x6e /Users/Rane/LPCXpresso/lab5/lpc_chip_11uxx_lib/Debug/liblpc_chip_11uxx_lib.a(chip_11xx.o)
                                       0x7c24 (size before relaxing)
 .debug_str     0x0000000000009124      0x48e /Users/Rane/LPCXpresso/lab5/lpc_chip_11uxx_lib/Debug/liblpc_chip_11uxx_lib.a(clock_11xx.o)
                                       0x842f (size before relaxing)
 .debug_str     0x00000000000095b2       0xff /Users/Rane/LPCXpresso/lab5/lpc_chip_11uxx_lib/Debug/liblpc_chip_11uxx_lib.a(gpio_11xx_1.o)
                                       0x828d (size before relaxing)
 .debug_str     0x00000000000096b1       0x30 /Users/Rane/LPCXpresso/lab5/lpc_chip_11uxx_lib/Debug/liblpc_chip_11uxx_lib.a(iocon_11xx.o)
                                       0x7c47 (size before relaxing)
 .debug_str     0x00000000000096e1      0x149 /Users/Rane/LPCXpresso/lab5/lpc_chip_11uxx_lib/Debug/liblpc_chip_11uxx_lib.a(ring_buffer.o)
                                       0x3eaa (size before relaxing)
 .debug_str     0x000000000000982a      0x19f /Users/Rane/LPCXpresso/lab5/lpc_chip_11uxx_lib/Debug/liblpc_chip_11uxx_lib.a(sysctl_11xx.o)
                                       0x8032 (size before relaxing)
 .debug_str     0x00000000000099c9      0x237 /Users/Rane/LPCXpresso/lab5/lpc_chip_11uxx_lib/Debug/liblpc_chip_11uxx_lib.a(uart_11xx.o)
                                       0x8488 (size before relaxing)

.comment        0x0000000000000000       0xe0
 .comment       0x0000000000000000       0x70 ./example/src/cr_startup_lpc11xx.o
                                         0x71 (size before relaxing)
 .comment       0x0000000000000000       0x71 ./example/src/sysinit.o
 .comment       0x0000000000000000       0x71 ./example/src/uart.o
 .comment       0x0000000000000000       0x71 /Users/Rane/LPCXpresso/lab5/nxp_lpcxpresso_11u14_board_lib/Debug/libnxp_lpcxpresso_11u14_board_lib.a(board.o)
 .comment       0x0000000000000000       0x71 /Users/Rane/LPCXpresso/lab5/nxp_lpcxpresso_11u14_board_lib/Debug/libnxp_lpcxpresso_11u14_board_lib.a(board_sysinit.o)
 .comment       0x0000000000000000       0x71 /Users/Rane/LPCXpresso/lab5/lpc_chip_11uxx_lib/Debug/liblpc_chip_11uxx_lib.a(chip_11xx.o)
 .comment       0x0000000000000000       0x71 /Users/Rane/LPCXpresso/lab5/lpc_chip_11uxx_lib/Debug/liblpc_chip_11uxx_lib.a(clock_11xx.o)
 .comment       0x0000000000000000       0x71 /Users/Rane/LPCXpresso/lab5/lpc_chip_11uxx_lib/Debug/liblpc_chip_11uxx_lib.a(gpio_11xx_1.o)
 .comment       0x0000000000000000       0x71 /Users/Rane/LPCXpresso/lab5/lpc_chip_11uxx_lib/Debug/liblpc_chip_11uxx_lib.a(iocon_11xx.o)
 .comment       0x0000000000000000       0x71 /Users/Rane/LPCXpresso/lab5/lpc_chip_11uxx_lib/Debug/liblpc_chip_11uxx_lib.a(ring_buffer.o)
 .comment       0x0000000000000000       0x71 /Users/Rane/LPCXpresso/lab5/lpc_chip_11uxx_lib/Debug/liblpc_chip_11uxx_lib.a(sysctl_11xx.o)
 .comment       0x0000000000000000       0x71 /Users/Rane/LPCXpresso/lab5/lpc_chip_11uxx_lib/Debug/liblpc_chip_11uxx_lib.a(uart_11xx.o)
 .comment       0x0000000000000070       0x70 /Applications/lpcxpresso_7.9.0_455/lpcxpresso/tools/bin/../lib/gcc/arm-none-eabi/4.9.3/../../../../arm-none-eabi/lib/armv6-m/libcr_nohost.a(_cr__main.o)
                                         0x71 (size before relaxing)
 .comment       0x0000000000000000       0x71 /Applications/lpcxpresso_7.9.0_455/lpcxpresso/tools/bin/../lib/gcc/arm-none-eabi/4.9.3/../../../../arm-none-eabi/lib/armv6-m/libcr_c.a(memcpy.o)
 .comment       0x0000000000000000       0x71 /Applications/lpcxpresso_7.9.0_455/lpcxpresso/tools/bin/../lib/gcc/arm-none-eabi/4.9.3/../../../../arm-none-eabi/lib/armv6-m/libcr_c.a(initio.o)
 .comment       0x0000000000000000       0x71 /Applications/lpcxpresso_7.9.0_455/lpcxpresso/tools/bin/../lib/gcc/arm-none-eabi/4.9.3/../../../../arm-none-eabi/lib/armv6-m/libcr_c.a(setvbuf.o)
 .comment       0x0000000000000000       0x71 /Applications/lpcxpresso_7.9.0_455/lpcxpresso/tools/bin/../lib/gcc/arm-none-eabi/4.9.3/../../../../arm-none-eabi/lib/armv6-m/libcr_c.a(stdio.o)
 .comment       0x0000000000000000       0x71 /Applications/lpcxpresso_7.9.0_455/lpcxpresso/tools/bin/../lib/gcc/arm-none-eabi/4.9.3/../../../../arm-none-eabi/lib/armv6-m/libcr_c.a(memset.o)
 .comment       0x0000000000000000       0x71 /Applications/lpcxpresso_7.9.0_455/lpcxpresso/tools/bin/../lib/gcc/arm-none-eabi/4.9.3/../../../../arm-none-eabi/lib/armv6-m/libcr_c.a(_deferredlazyseek.o)
 .comment       0x0000000000000000       0x71 /Applications/lpcxpresso_7.9.0_455/lpcxpresso/tools/bin/../lib/gcc/arm-none-eabi/4.9.3/../../../../arm-none-eabi/lib/armv6-m/libcr_c.a(_fdopen.o)
 .comment       0x0000000000000000       0x71 /Applications/lpcxpresso_7.9.0_455/lpcxpresso/tools/bin/../lib/gcc/arm-none-eabi/4.9.3/../../../../arm-none-eabi/lib/armv6-m/libcr_c.a(_fflush.o)
 .comment       0x0000000000000000       0x71 /Applications/lpcxpresso_7.9.0_455/lpcxpresso/tools/bin/../lib/gcc/arm-none-eabi/4.9.3/../../../../arm-none-eabi/lib/armv6-m/libcr_c.a(_writebuf.o)
 .comment       0x0000000000000000       0x71 /Applications/lpcxpresso_7.9.0_455/lpcxpresso/tools/bin/../lib/gcc/arm-none-eabi/4.9.3/../../../../arm-none-eabi/lib/armv6-m/libcr_c.a(alloc.o)
 .comment       0x0000000000000000       0x71 /Applications/lpcxpresso_7.9.0_455/lpcxpresso/tools/bin/../lib/gcc/arm-none-eabi/4.9.3/../../../../arm-none-eabi/lib/armv6-m/libcr_c.a(fclose.o)
 .comment       0x0000000000000000       0x71 /Applications/lpcxpresso_7.9.0_455/lpcxpresso/tools/bin/../lib/gcc/arm-none-eabi/4.9.3/../../../../arm-none-eabi/lib/armv6-m/libcr_c.a(fflush.o)
 .comment       0x0000000000000000       0x71 /Applications/lpcxpresso_7.9.0_455/lpcxpresso/tools/bin/../lib/gcc/arm-none-eabi/4.9.3/../../../../arm-none-eabi/lib/armv6-m/libcr_c.a(fseek.o)
 .comment       0x0000000000000000       0x71 /Applications/lpcxpresso_7.9.0_455/lpcxpresso/tools/bin/../lib/gcc/arm-none-eabi/4.9.3/../../../../arm-none-eabi/lib/armv6-m/libcr_c.a(ftell.o)
 .comment       0x0000000000000000       0x71 /Applications/lpcxpresso_7.9.0_455/lpcxpresso/tools/bin/../lib/gcc/arm-none-eabi/4.9.3/../../../../arm-none-eabi/lib/armv6-m/libcr_c.a(remove.o)
 .comment       0x0000000000000000       0x71 /Applications/lpcxpresso_7.9.0_455/lpcxpresso/tools/bin/../lib/gcc/arm-none-eabi/4.9.3/../../../../arm-none-eabi/lib/armv6-m/libcr_c.a(strlen.o)
 .comment       0x0000000000000000       0x71 /Applications/lpcxpresso_7.9.0_455/lpcxpresso/tools/bin/../lib/gcc/arm-none-eabi/4.9.3/../../../../arm-none-eabi/lib/armv6-m/libcr_c.a(__init_alloc.o)
 .comment       0x0000000000000000       0x71 /Applications/lpcxpresso_7.9.0_455/lpcxpresso/tools/bin/../lib/gcc/arm-none-eabi/4.9.3/../../../../arm-none-eabi/lib/armv6-m/libcr_c.a(_cr_sbrk.o)
 .comment       0x0000000000000000       0x71 /Applications/lpcxpresso_7.9.0_455/lpcxpresso/tools/bin/../lib/gcc/arm-none-eabi/4.9.3/../../../../arm-none-eabi/lib/armv6-m/libcr_c.a(_do_fflush.o)
 .comment       0x0000000000000000       0x71 /Applications/lpcxpresso_7.9.0_455/lpcxpresso/tools/bin/../lib/gcc/arm-none-eabi/4.9.3/../../../../arm-none-eabi/lib/armv6-m/libcr_c.a(errno.o)
 .comment       0x0000000000000000       0x71 /Applications/lpcxpresso_7.9.0_455/lpcxpresso/tools/bin/../lib/gcc/arm-none-eabi/4.9.3/../../../../arm-none-eabi/lib/armv6-m/libcr_c.a(_cr_check_heap.o)
 .comment       0x0000000000000000       0x71 /Applications/lpcxpresso_7.9.0_455/lpcxpresso/tools/bin/../lib/gcc/arm-none-eabi/4.9.3/../../../../arm-none-eabi/lib/armv6-m/libcr_nohost.a(__sys_appexit.o)
 .comment       0x0000000000000000       0x71 /Applications/lpcxpresso_7.9.0_455/lpcxpresso/tools/bin/../lib/gcc/arm-none-eabi/4.9.3/../../../../arm-none-eabi/lib/armv6-m/libcr_nohost.a(__sys_close.o)
 .comment       0x0000000000000000       0x71 /Applications/lpcxpresso_7.9.0_455/lpcxpresso/tools/bin/../lib/gcc/arm-none-eabi/4.9.3/../../../../arm-none-eabi/lib/armv6-m/libcr_nohost.a(__sys_flen.o)
 .comment       0x0000000000000000       0x71 /Applications/lpcxpresso_7.9.0_455/lpcxpresso/tools/bin/../lib/gcc/arm-none-eabi/4.9.3/../../../../arm-none-eabi/lib/armv6-m/libcr_nohost.a(__sys_istty.o)
 .comment       0x0000000000000000       0x71 /Applications/lpcxpresso_7.9.0_455/lpcxpresso/tools/bin/../lib/gcc/arm-none-eabi/4.9.3/../../../../arm-none-eabi/lib/armv6-m/libcr_nohost.a(__sys_remove.o)
 .comment       0x0000000000000000       0x71 /Applications/lpcxpresso_7.9.0_455/lpcxpresso/tools/bin/../lib/gcc/arm-none-eabi/4.9.3/../../../../arm-none-eabi/lib/armv6-m/libcr_nohost.a(__sys_seek.o)
 .comment       0x0000000000000000       0x71 /Applications/lpcxpresso_7.9.0_455/lpcxpresso/tools/bin/../lib/gcc/arm-none-eabi/4.9.3/../../../../arm-none-eabi/lib/armv6-m/libcr_nohost.a(__sys_tmpnam.o)

.ARM.attributes
                0x0000000000000000       0x2f
 .ARM.attributes
                0x0000000000000000       0x31 ./example/src/cr_startup_lpc11xx.o
 .ARM.attributes
                0x0000000000000031       0x31 ./example/src/sysinit.o
 .ARM.attributes
                0x0000000000000062       0x31 ./example/src/uart.o
 .ARM.attributes
                0x0000000000000093       0x31 /Users/Rane/LPCXpresso/lab5/nxp_lpcxpresso_11u14_board_lib/Debug/libnxp_lpcxpresso_11u14_board_lib.a(board.o)
 .ARM.attributes
                0x00000000000000c4       0x31 /Users/Rane/LPCXpresso/lab5/nxp_lpcxpresso_11u14_board_lib/Debug/libnxp_lpcxpresso_11u14_board_lib.a(board_sysinit.o)
 .ARM.attributes
                0x00000000000000f5       0x31 /Users/Rane/LPCXpresso/lab5/lpc_chip_11uxx_lib/Debug/liblpc_chip_11uxx_lib.a(chip_11xx.o)
 .ARM.attributes
                0x0000000000000126       0x31 /Users/Rane/LPCXpresso/lab5/lpc_chip_11uxx_lib/Debug/liblpc_chip_11uxx_lib.a(clock_11xx.o)
 .ARM.attributes
                0x0000000000000157       0x31 /Users/Rane/LPCXpresso/lab5/lpc_chip_11uxx_lib/Debug/liblpc_chip_11uxx_lib.a(gpio_11xx_1.o)
 .ARM.attributes
                0x0000000000000188       0x31 /Users/Rane/LPCXpresso/lab5/lpc_chip_11uxx_lib/Debug/liblpc_chip_11uxx_lib.a(iocon_11xx.o)
 .ARM.attributes
                0x00000000000001b9       0x31 /Users/Rane/LPCXpresso/lab5/lpc_chip_11uxx_lib/Debug/liblpc_chip_11uxx_lib.a(ring_buffer.o)
 .ARM.attributes
                0x00000000000001ea       0x31 /Users/Rane/LPCXpresso/lab5/lpc_chip_11uxx_lib/Debug/liblpc_chip_11uxx_lib.a(sysctl_11xx.o)
 .ARM.attributes
                0x000000000000021b       0x31 /Users/Rane/LPCXpresso/lab5/lpc_chip_11uxx_lib/Debug/liblpc_chip_11uxx_lib.a(uart_11xx.o)
 .ARM.attributes
                0x000000000000024c       0x31 /Applications/lpcxpresso_7.9.0_455/lpcxpresso/tools/bin/../lib/gcc/arm-none-eabi/4.9.3/../../../../arm-none-eabi/lib/armv6-m/libcr_nohost.a(_cr__main.o)
 .ARM.attributes
                0x000000000000027d       0x31 /Applications/lpcxpresso_7.9.0_455/lpcxpresso/tools/bin/../lib/gcc/arm-none-eabi/4.9.3/../../../../arm-none-eabi/lib/armv6-m/libcr_c.a(memcpy.o)
 .ARM.attributes
                0x00000000000002ae       0x31 /Applications/lpcxpresso_7.9.0_455/lpcxpresso/tools/bin/../lib/gcc/arm-none-eabi/4.9.3/../../../../arm-none-eabi/lib/armv6-m/libcr_c.a(initio.o)
 .ARM.attributes
                0x00000000000002df       0x31 /Applications/lpcxpresso_7.9.0_455/lpcxpresso/tools/bin/../lib/gcc/arm-none-eabi/4.9.3/../../../../arm-none-eabi/lib/armv6-m/libcr_c.a(setvbuf.o)
 .ARM.attributes
                0x0000000000000310       0x31 /Applications/lpcxpresso_7.9.0_455/lpcxpresso/tools/bin/../lib/gcc/arm-none-eabi/4.9.3/../../../../arm-none-eabi/lib/armv6-m/libcr_c.a(stdio.o)
 .ARM.attributes
                0x0000000000000341       0x31 /Applications/lpcxpresso_7.9.0_455/lpcxpresso/tools/bin/../lib/gcc/arm-none-eabi/4.9.3/../../../../arm-none-eabi/lib/armv6-m/libcr_c.a(memset.o)
 .ARM.attributes
                0x0000000000000372       0x31 /Applications/lpcxpresso_7.9.0_455/lpcxpresso/tools/bin/../lib/gcc/arm-none-eabi/4.9.3/../../../../arm-none-eabi/lib/armv6-m/libcr_c.a(_deferredlazyseek.o)
 .ARM.attributes
                0x00000000000003a3       0x31 /Applications/lpcxpresso_7.9.0_455/lpcxpresso/tools/bin/../lib/gcc/arm-none-eabi/4.9.3/../../../../arm-none-eabi/lib/armv6-m/libcr_c.a(_fdopen.o)
 .ARM.attributes
                0x00000000000003d4       0x31 /Applications/lpcxpresso_7.9.0_455/lpcxpresso/tools/bin/../lib/gcc/arm-none-eabi/4.9.3/../../../../arm-none-eabi/lib/armv6-m/libcr_c.a(_fflush.o)
 .ARM.attributes
                0x0000000000000405       0x31 /Applications/lpcxpresso_7.9.0_455/lpcxpresso/tools/bin/../lib/gcc/arm-none-eabi/4.9.3/../../../../arm-none-eabi/lib/armv6-m/libcr_c.a(_writebuf.o)
 .ARM.attributes
                0x0000000000000436       0x31 /Applications/lpcxpresso_7.9.0_455/lpcxpresso/tools/bin/../lib/gcc/arm-none-eabi/4.9.3/../../../../arm-none-eabi/lib/armv6-m/libcr_c.a(alloc.o)
 .ARM.attributes
                0x0000000000000467       0x31 /Applications/lpcxpresso_7.9.0_455/lpcxpresso/tools/bin/../lib/gcc/arm-none-eabi/4.9.3/../../../../arm-none-eabi/lib/armv6-m/libcr_c.a(fclose.o)
 .ARM.attributes
                0x0000000000000498       0x31 /Applications/lpcxpresso_7.9.0_455/lpcxpresso/tools/bin/../lib/gcc/arm-none-eabi/4.9.3/../../../../arm-none-eabi/lib/armv6-m/libcr_c.a(fflush.o)
 .ARM.attributes
                0x00000000000004c9       0x31 /Applications/lpcxpresso_7.9.0_455/lpcxpresso/tools/bin/../lib/gcc/arm-none-eabi/4.9.3/../../../../arm-none-eabi/lib/armv6-m/libcr_c.a(fseek.o)
 .ARM.attributes
                0x00000000000004fa       0x31 /Applications/lpcxpresso_7.9.0_455/lpcxpresso/tools/bin/../lib/gcc/arm-none-eabi/4.9.3/../../../../arm-none-eabi/lib/armv6-m/libcr_c.a(ftell.o)
 .ARM.attributes
                0x000000000000052b       0x31 /Applications/lpcxpresso_7.9.0_455/lpcxpresso/tools/bin/../lib/gcc/arm-none-eabi/4.9.3/../../../../arm-none-eabi/lib/armv6-m/libcr_c.a(remove.o)
 .ARM.attributes
                0x000000000000055c       0x31 /Applications/lpcxpresso_7.9.0_455/lpcxpresso/tools/bin/../lib/gcc/arm-none-eabi/4.9.3/../../../../arm-none-eabi/lib/armv6-m/libcr_c.a(strlen.o)
 .ARM.attributes
                0x000000000000058d       0x31 /Applications/lpcxpresso_7.9.0_455/lpcxpresso/tools/bin/../lib/gcc/arm-none-eabi/4.9.3/../../../../arm-none-eabi/lib/armv6-m/libcr_c.a(__init_alloc.o)
 .ARM.attributes
                0x00000000000005be       0x31 /Applications/lpcxpresso_7.9.0_455/lpcxpresso/tools/bin/../lib/gcc/arm-none-eabi/4.9.3/../../../../arm-none-eabi/lib/armv6-m/libcr_c.a(_cr_sbrk.o)
 .ARM.attributes
                0x00000000000005ef       0x31 /Applications/lpcxpresso_7.9.0_455/lpcxpresso/tools/bin/../lib/gcc/arm-none-eabi/4.9.3/../../../../arm-none-eabi/lib/armv6-m/libcr_c.a(_do_fflush.o)
 .ARM.attributes
                0x0000000000000620       0x31 /Applications/lpcxpresso_7.9.0_455/lpcxpresso/tools/bin/../lib/gcc/arm-none-eabi/4.9.3/../../../../arm-none-eabi/lib/armv6-m/libcr_c.a(errno.o)
 .ARM.attributes
                0x0000000000000651       0x31 /Applications/lpcxpresso_7.9.0_455/lpcxpresso/tools/bin/../lib/gcc/arm-none-eabi/4.9.3/../../../../arm-none-eabi/lib/armv6-m/libcr_c.a(_cr_check_heap.o)
 .ARM.attributes
                0x0000000000000682       0x21 /Applications/lpcxpresso_7.9.0_455/lpcxpresso/tools/bin/../lib/gcc/arm-none-eabi/4.9.3/armv6-m/libcr_eabihelpers.a(division_32.o)
 .ARM.attributes
                0x00000000000006a3       0x21 /Applications/lpcxpresso_7.9.0_455/lpcxpresso/tools/bin/../lib/gcc/arm-none-eabi/4.9.3/armv6-m/libcr_eabihelpers.a(division_idiv0.o)
 .ARM.attributes
                0x00000000000006c4       0x21 /Applications/lpcxpresso_7.9.0_455/lpcxpresso/tools/bin/../lib/gcc/arm-none-eabi/4.9.3/armv6-m/libcr_eabihelpers.a(memcpy.o)
 .ARM.attributes
                0x00000000000006e5       0x31 /Applications/lpcxpresso_7.9.0_455/lpcxpresso/tools/bin/../lib/gcc/arm-none-eabi/4.9.3/../../../../arm-none-eabi/lib/armv6-m/libcr_nohost.a(__sys_appexit.o)
 .ARM.attributes
                0x0000000000000716       0x31 /Applications/lpcxpresso_7.9.0_455/lpcxpresso/tools/bin/../lib/gcc/arm-none-eabi/4.9.3/../../../../arm-none-eabi/lib/armv6-m/libcr_nohost.a(__sys_close.o)
 .ARM.attributes
                0x0000000000000747       0x31 /Applications/lpcxpresso_7.9.0_455/lpcxpresso/tools/bin/../lib/gcc/arm-none-eabi/4.9.3/../../../../arm-none-eabi/lib/armv6-m/libcr_nohost.a(__sys_flen.o)
 .ARM.attributes
                0x0000000000000778       0x31 /Applications/lpcxpresso_7.9.0_455/lpcxpresso/tools/bin/../lib/gcc/arm-none-eabi/4.9.3/../../../../arm-none-eabi/lib/armv6-m/libcr_nohost.a(__sys_istty.o)
 .ARM.attributes
                0x00000000000007a9       0x31 /Applications/lpcxpresso_7.9.0_455/lpcxpresso/tools/bin/../lib/gcc/arm-none-eabi/4.9.3/../../../../arm-none-eabi/lib/armv6-m/libcr_nohost.a(__sys_remove.o)
 .ARM.attributes
                0x00000000000007da       0x31 /Applications/lpcxpresso_7.9.0_455/lpcxpresso/tools/bin/../lib/gcc/arm-none-eabi/4.9.3/../../../../arm-none-eabi/lib/armv6-m/libcr_nohost.a(__sys_seek.o)
 .ARM.attributes
                0x000000000000080b       0x31 /Applications/lpcxpresso_7.9.0_455/lpcxpresso/tools/bin/../lib/gcc/arm-none-eabi/4.9.3/../../../../arm-none-eabi/lib/armv6-m/libcr_nohost.a(__sys_tmpnam.o)

.debug_frame    0x0000000000000000      0xf84
 .debug_frame   0x0000000000000000       0xb0 ./example/src/cr_startup_lpc11xx.o
 .debug_frame   0x00000000000000b0       0x2c ./example/src/sysinit.o
 .debug_frame   0x00000000000000dc      0x14c ./example/src/uart.o
 .debug_frame   0x0000000000000228      0x2d8 /Users/Rane/LPCXpresso/lab5/nxp_lpcxpresso_11u14_board_lib/Debug/libnxp_lpcxpresso_11u14_board_lib.a(board.o)
 .debug_frame   0x0000000000000500      0x148 /Users/Rane/LPCXpresso/lab5/nxp_lpcxpresso_11u14_board_lib/Debug/libnxp_lpcxpresso_11u14_board_lib.a(board_sysinit.o)
 .debug_frame   0x0000000000000648       0x2c /Users/Rane/LPCXpresso/lab5/lpc_chip_11uxx_lib/Debug/liblpc_chip_11uxx_lib.a(chip_11xx.o)
 .debug_frame   0x0000000000000674      0x220 /Users/Rane/LPCXpresso/lab5/lpc_chip_11uxx_lib/Debug/liblpc_chip_11uxx_lib.a(clock_11xx.o)
 .debug_frame   0x0000000000000894      0x190 /Users/Rane/LPCXpresso/lab5/lpc_chip_11uxx_lib/Debug/liblpc_chip_11uxx_lib.a(gpio_11xx_1.o)
 .debug_frame   0x0000000000000a24       0x30 /Users/Rane/LPCXpresso/lab5/lpc_chip_11uxx_lib/Debug/liblpc_chip_11uxx_lib.a(iocon_11xx.o)
 .debug_frame   0x0000000000000a54      0x130 /Users/Rane/LPCXpresso/lab5/lpc_chip_11uxx_lib/Debug/liblpc_chip_11uxx_lib.a(ring_buffer.o)
 .debug_frame   0x0000000000000b84       0x90 /Users/Rane/LPCXpresso/lab5/lpc_chip_11uxx_lib/Debug/liblpc_chip_11uxx_lib.a(sysctl_11xx.o)
 .debug_frame   0x0000000000000c14      0x370 /Users/Rane/LPCXpresso/lab5/lpc_chip_11uxx_lib/Debug/liblpc_chip_11uxx_lib.a(uart_11xx.o)
