Archive member included because of file (symbol)

/Applications/lpcxpresso_7.9.0_455/lpcxpresso/tools/bin/../lib/gcc/arm-none-eabi/4.9.3/../../../../arm-none-eabi/lib/armv6-m/libcr_c.a(__weak__main.o)
                              ./startup/cr_startup_lpc11.o (__main)
/Applications/lpcxpresso_7.9.0_455/lpcxpresso/tools/bin/../lib/gcc/arm-none-eabi/4.9.3/armv6-m/libcr_eabihelpers.a(division_32.o)
                              ./src/main.o (__aeabi_uidiv)
/Applications/lpcxpresso_7.9.0_455/lpcxpresso/tools/bin/../lib/gcc/arm-none-eabi/4.9.3/armv6-m/libcr_eabihelpers.a(division_idiv0.o)
                              /Applications/lpcxpresso_7.9.0_455/lpcxpresso/tools/bin/../lib/gcc/arm-none-eabi/4.9.3/armv6-m/libcr_eabihelpers.a(division_32.o) (__aeabi_idiv0)
/Applications/lpcxpresso_7.9.0_455/lpcxpresso/tools/bin/../lib/gcc/arm-none-eabi/4.9.3/armv6-m/libcr_eabihelpers.a(float.o)
                              ./src/lock.o (__aeabi_fmul)
/Applications/lpcxpresso_7.9.0_455/lpcxpresso/tools/bin/../lib/gcc/arm-none-eabi/4.9.3/armv6-m/libcr_eabihelpers.a(llong.o)
                              /Applications/lpcxpresso_7.9.0_455/lpcxpresso/tools/bin/../lib/gcc/arm-none-eabi/4.9.3/armv6-m/libcr_eabihelpers.a(float.o) (__aeabi_lmul)

Allocating common symbols
Common symbol       size              file

UARTBuffer          0x40              ./driver/uart.o
UARTStatus          0x4               ./driver/uart.o
ADCValue            0x20              ./driver/adc.o

Discarded input sections

 .group         0x0000000000000000        0x8 ./startup/cr_startup_lpc11.o
 .group         0x0000000000000000        0x8 ./startup/cr_startup_lpc11.o
 .group         0x0000000000000000        0x8 ./startup/cr_startup_lpc11.o
 .group         0x0000000000000000        0x8 ./startup/cr_startup_lpc11.o
 .group         0x0000000000000000        0x8 ./startup/cr_startup_lpc11.o
 .text          0x0000000000000000        0x0 ./startup/cr_startup_lpc11.o
 .data          0x0000000000000000        0x0 ./startup/cr_startup_lpc11.o
 .bss           0x0000000000000000        0x0 ./startup/cr_startup_lpc11.o
 .group         0x0000000000000000        0x8 ./src/lock.o
 .group         0x0000000000000000        0x8 ./src/lock.o
 .group         0x0000000000000000        0x8 ./src/lock.o
 .group         0x0000000000000000        0x8 ./src/lock.o
 .group         0x0000000000000000        0x8 ./src/lock.o
 .group         0x0000000000000000        0x8 ./src/lock.o
 .group         0x0000000000000000        0x8 ./src/lock.o
 .group         0x0000000000000000        0x8 ./src/lock.o
 .group         0x0000000000000000        0x8 ./src/lock.o
 .group         0x0000000000000000        0x8 ./src/lock.o
 .group         0x0000000000000000        0x8 ./src/lock.o
 .group         0x0000000000000000        0x8 ./src/lock.o
 .group         0x0000000000000000        0x8 ./src/lock.o
 .group         0x0000000000000000        0x8 ./src/lock.o
 .group         0x0000000000000000        0x8 ./src/lock.o
 .group         0x0000000000000000        0x8 ./src/lock.o
 .group         0x0000000000000000        0x8 ./src/lock.o
 .text          0x0000000000000000        0x0 ./src/lock.o
 .data          0x0000000000000000        0x0 ./src/lock.o
 .bss           0x0000000000000000        0x0 ./src/lock.o
 .rodata.LPC_GPIO
                0x0000000000000000       0x10 ./src/lock.o
 .debug_macro   0x0000000000000000      0x832 ./src/lock.o
 .debug_macro   0x0000000000000000       0x10 ./src/lock.o
 .debug_macro   0x0000000000000000      0x12d ./src/lock.o
 .debug_macro   0x0000000000000000      0x5b2 ./src/lock.o
 .group         0x0000000000000000        0x8 ./src/main.o
 .group         0x0000000000000000        0x8 ./src/main.o
 .group         0x0000000000000000        0x8 ./src/main.o
 .group         0x0000000000000000        0x8 ./src/main.o
 .group         0x0000000000000000        0x8 ./src/main.o
 .group         0x0000000000000000        0x8 ./src/main.o
 .group         0x0000000000000000        0x8 ./src/main.o
 .group         0x0000000000000000        0x8 ./src/main.o
 .group         0x0000000000000000        0x8 ./src/main.o
 .group         0x0000000000000000        0x8 ./src/main.o
 .group         0x0000000000000000        0x8 ./src/main.o
 .group         0x0000000000000000        0x8 ./src/main.o
 .group         0x0000000000000000        0x8 ./src/main.o
 .group         0x0000000000000000        0x8 ./src/main.o
 .group         0x0000000000000000        0x8 ./src/main.o
 .group         0x0000000000000000        0x8 ./src/main.o
 .group         0x0000000000000000        0x8 ./src/main.o
 .text          0x0000000000000000        0x0 ./src/main.o
 .data          0x0000000000000000        0x0 ./src/main.o
 .bss           0x0000000000000000        0x0 ./src/main.o
 .rodata.LPC_GPIO
                0x0000000000000000       0x10 ./src/main.o
 .debug_macro   0x0000000000000000      0x832 ./src/main.o
 .debug_macro   0x0000000000000000       0x1c ./src/main.o
 .debug_macro   0x0000000000000000       0x22 ./src/main.o
 .debug_macro   0x0000000000000000       0x10 ./src/main.o
 .debug_macro   0x0000000000000000      0x12d ./src/main.o
 .debug_macro   0x0000000000000000      0x5b2 ./src/main.o
 .debug_macro   0x0000000000000000      0x37a ./src/main.o
 .debug_macro   0x0000000000000000       0x8d ./src/main.o
 .debug_macro   0x0000000000000000      0x123 ./src/main.o
 .debug_macro   0x0000000000000000       0x40 ./src/main.o
 .debug_macro   0x0000000000000000       0x2e ./src/main.o
 .debug_macro   0x0000000000000000       0x46 ./src/main.o
 .debug_macro   0x0000000000000000       0x22 ./src/main.o
 .debug_macro   0x0000000000000000       0x46 ./src/main.o
 .debug_macro   0x0000000000000000       0x46 ./src/main.o
 .debug_macro   0x0000000000000000       0xa6 ./src/main.o
 .debug_macro   0x0000000000000000       0xa0 ./src/main.o
 .group         0x0000000000000000        0x8 ./driver/adc.o
 .group         0x0000000000000000        0x8 ./driver/adc.o
 .group         0x0000000000000000        0x8 ./driver/adc.o
 .group         0x0000000000000000        0x8 ./driver/adc.o
 .group         0x0000000000000000        0x8 ./driver/adc.o
 .group         0x0000000000000000        0x8 ./driver/adc.o
 .group         0x0000000000000000        0x8 ./driver/adc.o
 .group         0x0000000000000000        0x8 ./driver/adc.o
 .group         0x0000000000000000        0x8 ./driver/adc.o
 .group         0x0000000000000000        0x8 ./driver/adc.o
 .group         0x0000000000000000        0x8 ./driver/adc.o
 .group         0x0000000000000000        0x8 ./driver/adc.o
 .text          0x0000000000000000        0x0 ./driver/adc.o
 .data          0x0000000000000000        0x0 ./driver/adc.o
 .bss           0x0000000000000000        0x0 ./driver/adc.o
 .text.ADCBurstRead
                0x0000000000000000       0x44 ./driver/adc.o
 .debug_macro   0x0000000000000000      0x832 ./driver/adc.o
 .debug_macro   0x0000000000000000       0x1c ./driver/adc.o
 .debug_macro   0x0000000000000000       0x22 ./driver/adc.o
 .debug_macro   0x0000000000000000       0x10 ./driver/adc.o
 .debug_macro   0x0000000000000000      0x12d ./driver/adc.o
 .debug_macro   0x0000000000000000      0x5b2 ./driver/adc.o
 .debug_macro   0x0000000000000000      0x37a ./driver/adc.o
 .debug_macro   0x0000000000000000       0x8d ./driver/adc.o
 .debug_macro   0x0000000000000000      0x123 ./driver/adc.o
 .debug_macro   0x0000000000000000       0x40 ./driver/adc.o
 .debug_macro   0x0000000000000000       0x46 ./driver/adc.o
 .debug_macro   0x0000000000000000       0x46 ./driver/adc.o
 .group         0x0000000000000000        0x8 ./driver/can.o
 .group         0x0000000000000000        0x8 ./driver/can.o
 .group         0x0000000000000000        0x8 ./driver/can.o
 .group         0x0000000000000000        0x8 ./driver/can.o
 .group         0x0000000000000000        0x8 ./driver/can.o
 .group         0x0000000000000000        0x8 ./driver/can.o
 .group         0x0000000000000000        0x8 ./driver/can.o
 .group         0x0000000000000000        0x8 ./driver/can.o
 .group         0x0000000000000000        0x8 ./driver/can.o
 .group         0x0000000000000000        0x8 ./driver/can.o
 .text          0x0000000000000000        0x0 ./driver/can.o
 .data          0x0000000000000000        0x0 ./driver/can.o
 .bss           0x0000000000000000        0x0 ./driver/can.o
 .debug_info    0x0000000000000000       0x6f ./driver/can.o
 .debug_abbrev  0x0000000000000000       0x29 ./driver/can.o
 .debug_aranges
                0x0000000000000000       0x18 ./driver/can.o
 .debug_macro   0x0000000000000000       0x70 ./driver/can.o
 .debug_macro   0x0000000000000000      0x832 ./driver/can.o
 .debug_macro   0x0000000000000000       0x1c ./driver/can.o
 .debug_macro   0x0000000000000000       0x22 ./driver/can.o
 .debug_macro   0x0000000000000000       0x10 ./driver/can.o
 .debug_macro   0x0000000000000000      0x12d ./driver/can.o
 .debug_macro   0x0000000000000000      0x5b2 ./driver/can.o
 .debug_macro   0x0000000000000000      0x37a ./driver/can.o
 .debug_macro   0x0000000000000000       0x8d ./driver/can.o
 .debug_macro   0x0000000000000000      0x123 ./driver/can.o
 .debug_macro   0x0000000000000000       0x40 ./driver/can.o
 .debug_line    0x0000000000000000      0x151 ./driver/can.o
 .debug_str     0x0000000000000000     0x5a58 ./driver/can.o
 .comment       0x0000000000000000       0x71 ./driver/can.o
 .ARM.attributes
                0x0000000000000000       0x31 ./driver/can.o
 .group         0x0000000000000000        0x8 ./driver/clkconfig.o
 .group         0x0000000000000000        0x8 ./driver/clkconfig.o
 .group         0x0000000000000000        0x8 ./driver/clkconfig.o
 .group         0x0000000000000000        0x8 ./driver/clkconfig.o
 .group         0x0000000000000000        0x8 ./driver/clkconfig.o
 .group         0x0000000000000000        0x8 ./driver/clkconfig.o
 .group         0x0000000000000000        0x8 ./driver/clkconfig.o
 .group         0x0000000000000000        0x8 ./driver/clkconfig.o
 .group         0x0000000000000000        0x8 ./driver/clkconfig.o
 .group         0x0000000000000000        0x8 ./driver/clkconfig.o
 .text          0x0000000000000000        0x0 ./driver/clkconfig.o
 .data          0x0000000000000000        0x0 ./driver/clkconfig.o
 .bss           0x0000000000000000        0x0 ./driver/clkconfig.o
 .debug_info    0x0000000000000000       0x6f ./driver/clkconfig.o
 .debug_abbrev  0x0000000000000000       0x29 ./driver/clkconfig.o
 .debug_aranges
                0x0000000000000000       0x18 ./driver/clkconfig.o
 .debug_macro   0x0000000000000000       0x70 ./driver/clkconfig.o
 .debug_macro   0x0000000000000000      0x832 ./driver/clkconfig.o
 .debug_macro   0x0000000000000000       0x1c ./driver/clkconfig.o
 .debug_macro   0x0000000000000000       0x22 ./driver/clkconfig.o
 .debug_macro   0x0000000000000000       0x10 ./driver/clkconfig.o
 .debug_macro   0x0000000000000000      0x12d ./driver/clkconfig.o
 .debug_macro   0x0000000000000000      0x5b2 ./driver/clkconfig.o
 .debug_macro   0x0000000000000000      0x37a ./driver/clkconfig.o
 .debug_macro   0x0000000000000000       0x8d ./driver/clkconfig.o
 .debug_macro   0x0000000000000000      0x123 ./driver/clkconfig.o
 .debug_macro   0x0000000000000000       0x40 ./driver/clkconfig.o
 .debug_line    0x0000000000000000      0x157 ./driver/clkconfig.o
 .debug_str     0x0000000000000000     0x5a5e ./driver/clkconfig.o
 .comment       0x0000000000000000       0x71 ./driver/clkconfig.o
 .ARM.attributes
                0x0000000000000000       0x31 ./driver/clkconfig.o
 .group         0x0000000000000000        0x8 ./driver/crp.o
 .group         0x0000000000000000        0x8 ./driver/crp.o
 .group         0x0000000000000000        0x8 ./driver/crp.o
 .group         0x0000000000000000        0x8 ./driver/crp.o
 .group         0x0000000000000000        0x8 ./driver/crp.o
 .group         0x0000000000000000        0x8 ./driver/crp.o
 .group         0x0000000000000000        0x8 ./driver/crp.o
 .group         0x0000000000000000        0x8 ./driver/crp.o
 .group         0x0000000000000000        0x8 ./driver/crp.o
 .group         0x0000000000000000        0x8 ./driver/crp.o
 .group         0x0000000000000000        0x8 ./driver/crp.o
 .group         0x0000000000000000        0x8 ./driver/crp.o
 .text          0x0000000000000000        0x0 ./driver/crp.o
 .data          0x0000000000000000        0x0 ./driver/crp.o
 .bss           0x0000000000000000        0x0 ./driver/crp.o
 .debug_macro   0x0000000000000000      0x832 ./driver/crp.o
 .debug_macro   0x0000000000000000       0x1c ./driver/crp.o
 .debug_macro   0x0000000000000000       0x22 ./driver/crp.o
 .debug_macro   0x0000000000000000       0x10 ./driver/crp.o
 .debug_macro   0x0000000000000000      0x12d ./driver/crp.o
 .debug_macro   0x0000000000000000      0x5b2 ./driver/crp.o
 .debug_macro   0x0000000000000000      0x37a ./driver/crp.o
 .debug_macro   0x0000000000000000       0x8d ./driver/crp.o
 .debug_macro   0x0000000000000000      0x123 ./driver/crp.o
 .debug_macro   0x0000000000000000       0x40 ./driver/crp.o
 .debug_macro   0x0000000000000000       0x46 ./driver/crp.o
 .group         0x0000000000000000        0x8 ./driver/debug_printf.o
 .group         0x0000000000000000        0x8 ./driver/debug_printf.o
 .group         0x0000000000000000        0x8 ./driver/debug_printf.o
 .group         0x0000000000000000        0x8 ./driver/debug_printf.o
 .group         0x0000000000000000        0x8 ./driver/debug_printf.o
 .group         0x0000000000000000        0x8 ./driver/debug_printf.o
 .group         0x0000000000000000        0x8 ./driver/debug_printf.o
 .group         0x0000000000000000        0x8 ./driver/debug_printf.o
 .group         0x0000000000000000        0x8 ./driver/debug_printf.o
 .group         0x0000000000000000        0x8 ./driver/debug_printf.o
 .text          0x0000000000000000        0x0 ./driver/debug_printf.o
 .data          0x0000000000000000        0x0 ./driver/debug_printf.o
 .bss           0x0000000000000000        0x0 ./driver/debug_printf.o
 .debug_info    0x0000000000000000       0x6f ./driver/debug_printf.o
 .debug_abbrev  0x0000000000000000       0x29 ./driver/debug_printf.o
 .debug_aranges
                0x0000000000000000       0x18 ./driver/debug_printf.o
 .debug_macro   0x0000000000000000       0x70 ./driver/debug_printf.o
 .debug_macro   0x0000000000000000      0x832 ./driver/debug_printf.o
 .debug_macro   0x0000000000000000       0x1c ./driver/debug_printf.o
 .debug_macro   0x0000000000000000       0x22 ./driver/debug_printf.o
 .debug_macro   0x0000000000000000       0x10 ./driver/debug_printf.o
 .debug_macro   0x0000000000000000      0x12d ./driver/debug_printf.o
 .debug_macro   0x0000000000000000      0x5b2 ./driver/debug_printf.o
 .debug_macro   0x0000000000000000      0x37a ./driver/debug_printf.o
 .debug_macro   0x0000000000000000       0x8d ./driver/debug_printf.o
 .debug_macro   0x0000000000000000      0x123 ./driver/debug_printf.o
 .debug_macro   0x0000000000000000       0x40 ./driver/debug_printf.o
 .debug_line    0x0000000000000000      0x15a ./driver/debug_printf.o
 .debug_str     0x0000000000000000     0x5a61 ./driver/debug_printf.o
 .comment       0x0000000000000000       0x71 ./driver/debug_printf.o
 .ARM.attributes
                0x0000000000000000       0x31 ./driver/debug_printf.o
 .group         0x0000000000000000        0x8 ./driver/gpio.o
 .group         0x0000000000000000        0x8 ./driver/gpio.o
 .group         0x0000000000000000        0x8 ./driver/gpio.o
 .group         0x0000000000000000        0x8 ./driver/gpio.o
 .group         0x0000000000000000        0x8 ./driver/gpio.o
 .group         0x0000000000000000        0x8 ./driver/gpio.o
 .group         0x0000000000000000        0x8 ./driver/gpio.o
 .group         0x0000000000000000        0x8 ./driver/gpio.o
 .group         0x0000000000000000        0x8 ./driver/gpio.o
 .group         0x0000000000000000        0x8 ./driver/gpio.o
 .group         0x0000000000000000        0x8 ./driver/gpio.o
 .text          0x0000000000000000        0x0 ./driver/gpio.o
 .data          0x0000000000000000        0x0 ./driver/gpio.o
 .bss           0x0000000000000000        0x0 ./driver/gpio.o
 .text.GPIOSetInterrupt
                0x0000000000000000      0x2ec ./driver/gpio.o
 .text.GPIOIntEnable
                0x0000000000000000       0x98 ./driver/gpio.o
 .text.GPIOIntDisable
                0x0000000000000000       0xa0 ./driver/gpio.o
 .text.GPIOIntStatus
                0x0000000000000000       0xa4 ./driver/gpio.o
 .text.GPIOIntClear
                0x0000000000000000       0x98 ./driver/gpio.o
 .debug_macro   0x0000000000000000      0x832 ./driver/gpio.o
 .debug_macro   0x0000000000000000       0x1c ./driver/gpio.o
 .debug_macro   0x0000000000000000       0x22 ./driver/gpio.o
 .debug_macro   0x0000000000000000       0x10 ./driver/gpio.o
 .debug_macro   0x0000000000000000      0x12d ./driver/gpio.o
 .debug_macro   0x0000000000000000      0x5b2 ./driver/gpio.o
 .debug_macro   0x0000000000000000      0x37a ./driver/gpio.o
 .debug_macro   0x0000000000000000       0x8d ./driver/gpio.o
 .debug_macro   0x0000000000000000      0x123 ./driver/gpio.o
 .debug_macro   0x0000000000000000       0x40 ./driver/gpio.o
 .debug_macro   0x0000000000000000       0x22 ./driver/gpio.o
 .group         0x0000000000000000        0x8 ./driver/i2c.o
 .group         0x0000000000000000        0x8 ./driver/i2c.o
 .group         0x0000000000000000        0x8 ./driver/i2c.o
 .group         0x0000000000000000        0x8 ./driver/i2c.o
 .group         0x0000000000000000        0x8 ./driver/i2c.o
 .group         0x0000000000000000        0x8 ./driver/i2c.o
 .group         0x0000000000000000        0x8 ./driver/i2c.o
 .group         0x0000000000000000        0x8 ./driver/i2c.o
 .group         0x0000000000000000        0x8 ./driver/i2c.o
 .group         0x0000000000000000        0x8 ./driver/i2c.o
 .text          0x0000000000000000        0x0 ./driver/i2c.o
 .data          0x0000000000000000        0x0 ./driver/i2c.o
 .bss           0x0000000000000000        0x0 ./driver/i2c.o
 .debug_info    0x0000000000000000       0x6f ./driver/i2c.o
 .debug_abbrev  0x0000000000000000       0x29 ./driver/i2c.o
 .debug_aranges
                0x0000000000000000       0x18 ./driver/i2c.o
 .debug_macro   0x0000000000000000       0x70 ./driver/i2c.o
 .debug_macro   0x0000000000000000      0x832 ./driver/i2c.o
 .debug_macro   0x0000000000000000       0x1c ./driver/i2c.o
 .debug_macro   0x0000000000000000       0x22 ./driver/i2c.o
 .debug_macro   0x0000000000000000       0x10 ./driver/i2c.o
 .debug_macro   0x0000000000000000      0x12d ./driver/i2c.o
 .debug_macro   0x0000000000000000      0x5b2 ./driver/i2c.o
 .debug_macro   0x0000000000000000      0x37a ./driver/i2c.o
 .debug_macro   0x0000000000000000       0x8d ./driver/i2c.o
 .debug_macro   0x0000000000000000      0x123 ./driver/i2c.o
 .debug_macro   0x0000000000000000       0x40 ./driver/i2c.o
 .debug_line    0x0000000000000000      0x151 ./driver/i2c.o
 .debug_str     0x0000000000000000     0x5a58 ./driver/i2c.o
 .comment       0x0000000000000000       0x71 ./driver/i2c.o
 .ARM.attributes
                0x0000000000000000       0x31 ./driver/i2c.o
 .group         0x0000000000000000        0x8 ./driver/i2cslave.o
 .group         0x0000000000000000        0x8 ./driver/i2cslave.o
 .group         0x0000000000000000        0x8 ./driver/i2cslave.o
 .group         0x0000000000000000        0x8 ./driver/i2cslave.o
 .group         0x0000000000000000        0x8 ./driver/i2cslave.o
 .group         0x0000000000000000        0x8 ./driver/i2cslave.o
 .group         0x0000000000000000        0x8 ./driver/i2cslave.o
 .group         0x0000000000000000        0x8 ./driver/i2cslave.o
 .group         0x0000000000000000        0x8 ./driver/i2cslave.o
 .group         0x0000000000000000        0x8 ./driver/i2cslave.o
 .text          0x0000000000000000        0x0 ./driver/i2cslave.o
 .data          0x0000000000000000        0x0 ./driver/i2cslave.o
 .bss           0x0000000000000000        0x0 ./driver/i2cslave.o
 .debug_info    0x0000000000000000       0x6f ./driver/i2cslave.o
 .debug_abbrev  0x0000000000000000       0x29 ./driver/i2cslave.o
 .debug_aranges
                0x0000000000000000       0x18 ./driver/i2cslave.o
 .debug_macro   0x0000000000000000       0x70 ./driver/i2cslave.o
 .debug_macro   0x0000000000000000      0x832 ./driver/i2cslave.o
 .debug_macro   0x0000000000000000       0x1c ./driver/i2cslave.o
 .debug_macro   0x0000000000000000       0x22 ./driver/i2cslave.o
 .debug_macro   0x0000000000000000       0x10 ./driver/i2cslave.o
 .debug_macro   0x0000000000000000      0x12d ./driver/i2cslave.o
 .debug_macro   0x0000000000000000      0x5b2 ./driver/i2cslave.o
 .debug_macro   0x0000000000000000      0x37a ./driver/i2cslave.o
 .debug_macro   0x0000000000000000       0x8d ./driver/i2cslave.o
 .debug_macro   0x0000000000000000      0x123 ./driver/i2cslave.o
 .debug_macro   0x0000000000000000       0x40 ./driver/i2cslave.o
 .debug_line    0x0000000000000000      0x156 ./driver/i2cslave.o
 .debug_str     0x0000000000000000     0x5a5d ./driver/i2cslave.o
 .comment       0x0000000000000000       0x71 ./driver/i2cslave.o
 .ARM.attributes
                0x0000000000000000       0x31 ./driver/i2cslave.o
 .group         0x0000000000000000        0x8 ./driver/lpc_swu.o
 .group         0x0000000000000000        0x8 ./driver/lpc_swu.o
 .group         0x0000000000000000        0x8 ./driver/lpc_swu.o
 .group         0x0000000000000000        0x8 ./driver/lpc_swu.o
 .group         0x0000000000000000        0x8 ./driver/lpc_swu.o
 .group         0x0000000000000000        0x8 ./driver/lpc_swu.o
 .group         0x0000000000000000        0x8 ./driver/lpc_swu.o
 .group         0x0000000000000000        0x8 ./driver/lpc_swu.o
 .group         0x0000000000000000        0x8 ./driver/lpc_swu.o
 .group         0x0000000000000000        0x8 ./driver/lpc_swu.o
 .text          0x0000000000000000        0x0 ./driver/lpc_swu.o
 .data          0x0000000000000000        0x0 ./driver/lpc_swu.o
 .bss           0x0000000000000000        0x0 ./driver/lpc_swu.o
 .debug_info    0x0000000000000000       0x6f ./driver/lpc_swu.o
 .debug_abbrev  0x0000000000000000       0x29 ./driver/lpc_swu.o
 .debug_aranges
                0x0000000000000000       0x18 ./driver/lpc_swu.o
 .debug_macro   0x0000000000000000       0x70 ./driver/lpc_swu.o
 .debug_macro   0x0000000000000000      0x832 ./driver/lpc_swu.o
 .debug_macro   0x0000000000000000       0x1c ./driver/lpc_swu.o
 .debug_macro   0x0000000000000000       0x22 ./driver/lpc_swu.o
 .debug_macro   0x0000000000000000       0x10 ./driver/lpc_swu.o
 .debug_macro   0x0000000000000000      0x12d ./driver/lpc_swu.o
 .debug_macro   0x0000000000000000      0x5b2 ./driver/lpc_swu.o
 .debug_macro   0x0000000000000000      0x37a ./driver/lpc_swu.o
 .debug_macro   0x0000000000000000       0x8d ./driver/lpc_swu.o
 .debug_macro   0x0000000000000000      0x123 ./driver/lpc_swu.o
 .debug_macro   0x0000000000000000       0x40 ./driver/lpc_swu.o
 .debug_line    0x0000000000000000      0x155 ./driver/lpc_swu.o
 .debug_str     0x0000000000000000     0x5a5c ./driver/lpc_swu.o
 .comment       0x0000000000000000       0x71 ./driver/lpc_swu.o
 .ARM.attributes
                0x0000000000000000       0x31 ./driver/lpc_swu.o
 .group         0x0000000000000000        0x8 ./driver/rs485.o
 .group         0x0000000000000000        0x8 ./driver/rs485.o
 .group         0x0000000000000000        0x8 ./driver/rs485.o
 .group         0x0000000000000000        0x8 ./driver/rs485.o
 .group         0x0000000000000000        0x8 ./driver/rs485.o
 .group         0x0000000000000000        0x8 ./driver/rs485.o
 .group         0x0000000000000000        0x8 ./driver/rs485.o
 .group         0x0000000000000000        0x8 ./driver/rs485.o
 .group         0x0000000000000000        0x8 ./driver/rs485.o
 .group         0x0000000000000000        0x8 ./driver/rs485.o
 .text          0x0000000000000000        0x0 ./driver/rs485.o
 .data          0x0000000000000000        0x0 ./driver/rs485.o
 .bss           0x0000000000000000        0x0 ./driver/rs485.o
 .debug_info    0x0000000000000000       0x6f ./driver/rs485.o
 .debug_abbrev  0x0000000000000000       0x29 ./driver/rs485.o
 .debug_aranges
                0x0000000000000000       0x18 ./driver/rs485.o
 .debug_macro   0x0000000000000000       0x70 ./driver/rs485.o
 .debug_macro   0x0000000000000000      0x832 ./driver/rs485.o
 .debug_macro   0x0000000000000000       0x1c ./driver/rs485.o
 .debug_macro   0x0000000000000000       0x22 ./driver/rs485.o
 .debug_macro   0x0000000000000000       0x10 ./driver/rs485.o
 .debug_macro   0x0000000000000000      0x12d ./driver/rs485.o
 .debug_macro   0x0000000000000000      0x5b2 ./driver/rs485.o
 .debug_macro   0x0000000000000000      0x37a ./driver/rs485.o
 .debug_macro   0x0000000000000000       0x8d ./driver/rs485.o
 .debug_macro   0x0000000000000000      0x123 ./driver/rs485.o
 .debug_macro   0x0000000000000000       0x40 ./driver/rs485.o
 .debug_line    0x0000000000000000      0x153 ./driver/rs485.o
 .debug_str     0x0000000000000000     0x5a5a ./driver/rs485.o
 .comment       0x0000000000000000       0x71 ./driver/rs485.o
 .ARM.attributes
                0x0000000000000000       0x31 ./driver/rs485.o
 .group         0x0000000000000000        0x8 ./driver/small_gpio.o
 .group         0x0000000000000000        0x8 ./driver/small_gpio.o
 .group         0x0000000000000000        0x8 ./driver/small_gpio.o
 .group         0x0000000000000000        0x8 ./driver/small_gpio.o
 .group         0x0000000000000000        0x8 ./driver/small_gpio.o
 .group         0x0000000000000000        0x8 ./driver/small_gpio.o
 .group         0x0000000000000000        0x8 ./driver/small_gpio.o
 .group         0x0000000000000000        0x8 ./driver/small_gpio.o
 .group         0x0000000000000000        0x8 ./driver/small_gpio.o
 .group         0x0000000000000000        0x8 ./driver/small_gpio.o
 .text          0x0000000000000000        0x0 ./driver/small_gpio.o
 .data          0x0000000000000000        0x0 ./driver/small_gpio.o
 .bss           0x0000000000000000        0x0 ./driver/small_gpio.o
 .debug_info    0x0000000000000000       0x6f ./driver/small_gpio.o
 .debug_abbrev  0x0000000000000000       0x29 ./driver/small_gpio.o
 .debug_aranges
                0x0000000000000000       0x18 ./driver/small_gpio.o
 .debug_macro   0x0000000000000000       0x70 ./driver/small_gpio.o
 .debug_macro   0x0000000000000000      0x832 ./driver/small_gpio.o
 .debug_macro   0x0000000000000000       0x1c ./driver/small_gpio.o
 .debug_macro   0x0000000000000000       0x22 ./driver/small_gpio.o
 .debug_macro   0x0000000000000000       0x10 ./driver/small_gpio.o
 .debug_macro   0x0000000000000000      0x12d ./driver/small_gpio.o
 .debug_macro   0x0000000000000000      0x5b2 ./driver/small_gpio.o
 .debug_macro   0x0000000000000000      0x37a ./driver/small_gpio.o
 .debug_macro   0x0000000000000000       0x8d ./driver/small_gpio.o
 .debug_macro   0x0000000000000000      0x123 ./driver/small_gpio.o
 .debug_macro   0x0000000000000000       0x40 ./driver/small_gpio.o
 .debug_line    0x0000000000000000      0x158 ./driver/small_gpio.o
 .debug_str     0x0000000000000000     0x5a5f ./driver/small_gpio.o
 .comment       0x0000000000000000       0x71 ./driver/small_gpio.o
 .ARM.attributes
                0x0000000000000000       0x31 ./driver/small_gpio.o
 .group         0x0000000000000000        0x8 ./driver/ssp.o
 .group         0x0000000000000000        0x8 ./driver/ssp.o
 .group         0x0000000000000000        0x8 ./driver/ssp.o
 .group         0x0000000000000000        0x8 ./driver/ssp.o
 .group         0x0000000000000000        0x8 ./driver/ssp.o
 .group         0x0000000000000000        0x8 ./driver/ssp.o
 .group         0x0000000000000000        0x8 ./driver/ssp.o
 .group         0x0000000000000000        0x8 ./driver/ssp.o
 .group         0x0000000000000000        0x8 ./driver/ssp.o
 .group         0x0000000000000000        0x8 ./driver/ssp.o
 .text          0x0000000000000000        0x0 ./driver/ssp.o
 .data          0x0000000000000000        0x0 ./driver/ssp.o
 .bss           0x0000000000000000        0x0 ./driver/ssp.o
 .debug_info    0x0000000000000000       0x6f ./driver/ssp.o
 .debug_abbrev  0x0000000000000000       0x29 ./driver/ssp.o
 .debug_aranges
                0x0000000000000000       0x18 ./driver/ssp.o
 .debug_macro   0x0000000000000000       0x70 ./driver/ssp.o
 .debug_macro   0x0000000000000000      0x832 ./driver/ssp.o
 .debug_macro   0x0000000000000000       0x1c ./driver/ssp.o
 .debug_macro   0x0000000000000000       0x22 ./driver/ssp.o
 .debug_macro   0x0000000000000000       0x10 ./driver/ssp.o
 .debug_macro   0x0000000000000000      0x12d ./driver/ssp.o
 .debug_macro   0x0000000000000000      0x5b2 ./driver/ssp.o
 .debug_macro   0x0000000000000000      0x37a ./driver/ssp.o
 .debug_macro   0x0000000000000000       0x8d ./driver/ssp.o
 .debug_macro   0x0000000000000000      0x123 ./driver/ssp.o
 .debug_macro   0x0000000000000000       0x40 ./driver/ssp.o
 .debug_line    0x0000000000000000      0x151 ./driver/ssp.o
 .debug_str     0x0000000000000000     0x5a58 ./driver/ssp.o
 .comment       0x0000000000000000       0x71 ./driver/ssp.o
 .ARM.attributes
                0x0000000000000000       0x31 ./driver/ssp.o
 .group         0x0000000000000000        0x8 ./driver/timer16.o
 .group         0x0000000000000000        0x8 ./driver/timer16.o
 .group         0x0000000000000000        0x8 ./driver/timer16.o
 .group         0x0000000000000000        0x8 ./driver/timer16.o
 .group         0x0000000000000000        0x8 ./driver/timer16.o
 .group         0x0000000000000000        0x8 ./driver/timer16.o
 .group         0x0000000000000000        0x8 ./driver/timer16.o
 .group         0x0000000000000000        0x8 ./driver/timer16.o
 .group         0x0000000000000000        0x8 ./driver/timer16.o
 .group         0x0000000000000000        0x8 ./driver/timer16.o
 .text          0x0000000000000000        0x0 ./driver/timer16.o
 .data          0x0000000000000000        0x0 ./driver/timer16.o
 .bss           0x0000000000000000        0x0 ./driver/timer16.o
 .debug_info    0x0000000000000000       0x6f ./driver/timer16.o
 .debug_abbrev  0x0000000000000000       0x29 ./driver/timer16.o
 .debug_aranges
                0x0000000000000000       0x18 ./driver/timer16.o
 .debug_macro   0x0000000000000000       0x7a ./driver/timer16.o
 .debug_macro   0x0000000000000000      0x832 ./driver/timer16.o
 .debug_macro   0x0000000000000000       0x1c ./driver/timer16.o
 .debug_macro   0x0000000000000000       0x22 ./driver/timer16.o
 .debug_macro   0x0000000000000000       0x10 ./driver/timer16.o
 .debug_macro   0x0000000000000000      0x12d ./driver/timer16.o
 .debug_macro   0x0000000000000000      0x5b2 ./driver/timer16.o
 .debug_macro   0x0000000000000000      0x37a ./driver/timer16.o
 .debug_macro   0x0000000000000000       0x8d ./driver/timer16.o
 .debug_macro   0x0000000000000000      0x123 ./driver/timer16.o
 .debug_macro   0x0000000000000000       0x40 ./driver/timer16.o
 .debug_line    0x0000000000000000      0x162 ./driver/timer16.o
 .debug_str     0x0000000000000000     0x5a69 ./driver/timer16.o
 .comment       0x0000000000000000       0x71 ./driver/timer16.o
 .ARM.attributes
                0x0000000000000000       0x31 ./driver/timer16.o
 .group         0x0000000000000000        0x8 ./driver/timer32.o
 .group         0x0000000000000000        0x8 ./driver/timer32.o
 .group         0x0000000000000000        0x8 ./driver/timer32.o
 .group         0x0000000000000000        0x8 ./driver/timer32.o
 .group         0x0000000000000000        0x8 ./driver/timer32.o
 .group         0x0000000000000000        0x8 ./driver/timer32.o
 .group         0x0000000000000000        0x8 ./driver/timer32.o
 .group         0x0000000000000000        0x8 ./driver/timer32.o
 .group         0x0000000000000000        0x8 ./driver/timer32.o
 .group         0x0000000000000000        0x8 ./driver/timer32.o
 .group         0x0000000000000000        0x8 ./driver/timer32.o
 .text          0x0000000000000000        0x0 ./driver/timer32.o
 .data          0x0000000000000000        0x0 ./driver/timer32.o
 .bss           0x0000000000000000        0x0 ./driver/timer32.o
 .text.reset_timer32
                0x0000000000000000       0x50 ./driver/timer32.o
 .text.setMatch_timer32PWM
                0x0000000000000000       0xa0 ./driver/timer32.o
 .debug_macro   0x0000000000000000      0x832 ./driver/timer32.o
 .debug_macro   0x0000000000000000       0x1c ./driver/timer32.o
 .debug_macro   0x0000000000000000       0x22 ./driver/timer32.o
 .debug_macro   0x0000000000000000       0x10 ./driver/timer32.o
 .debug_macro   0x0000000000000000      0x12d ./driver/timer32.o
 .debug_macro   0x0000000000000000      0x5b2 ./driver/timer32.o
 .debug_macro   0x0000000000000000      0x37a ./driver/timer32.o
 .debug_macro   0x0000000000000000       0x8d ./driver/timer32.o
 .debug_macro   0x0000000000000000      0x123 ./driver/timer32.o
 .debug_macro   0x0000000000000000       0x40 ./driver/timer32.o
 .debug_macro   0x0000000000000000       0x46 ./driver/timer32.o
 .group         0x0000000000000000        0x8 ./driver/uart.o
 .group         0x0000000000000000        0x8 ./driver/uart.o
 .group         0x0000000000000000        0x8 ./driver/uart.o
 .group         0x0000000000000000        0x8 ./driver/uart.o
 .group         0x0000000000000000        0x8 ./driver/uart.o
 .group         0x0000000000000000        0x8 ./driver/uart.o
 .group         0x0000000000000000        0x8 ./driver/uart.o
 .group         0x0000000000000000        0x8 ./driver/uart.o
 .group         0x0000000000000000        0x8 ./driver/uart.o
 .group         0x0000000000000000        0x8 ./driver/uart.o
 .group         0x0000000000000000        0x8 ./driver/uart.o
 .text          0x0000000000000000        0x0 ./driver/uart.o
 .data          0x0000000000000000        0x0 ./driver/uart.o
 .bss           0x0000000000000000        0x0 ./driver/uart.o
 .text.ModemInit
                0x0000000000000000       0xd0 ./driver/uart.o
 .debug_macro   0x0000000000000000      0x832 ./driver/uart.o
 .debug_macro   0x0000000000000000       0x1c ./driver/uart.o
 .debug_macro   0x0000000000000000       0x22 ./driver/uart.o
 .debug_macro   0x0000000000000000       0x10 ./driver/uart.o
 .debug_macro   0x0000000000000000      0x12d ./driver/uart.o
 .debug_macro   0x0000000000000000      0x5b2 ./driver/uart.o
 .debug_macro   0x0000000000000000      0x37a ./driver/uart.o
 .debug_macro   0x0000000000000000       0x8d ./driver/uart.o
 .debug_macro   0x0000000000000000      0x123 ./driver/uart.o
 .debug_macro   0x0000000000000000       0x40 ./driver/uart.o
 .debug_macro   0x0000000000000000       0xa6 ./driver/uart.o
 .group         0x0000000000000000        0x8 ./driver/wdt.o
 .group         0x0000000000000000        0x8 ./driver/wdt.o
 .group         0x0000000000000000        0x8 ./driver/wdt.o
 .group         0x0000000000000000        0x8 ./driver/wdt.o
 .group         0x0000000000000000        0x8 ./driver/wdt.o
 .group         0x0000000000000000        0x8 ./driver/wdt.o
 .group         0x0000000000000000        0x8 ./driver/wdt.o
 .group         0x0000000000000000        0x8 ./driver/wdt.o
 .group         0x0000000000000000        0x8 ./driver/wdt.o
 .group         0x0000000000000000        0x8 ./driver/wdt.o
 .text          0x0000000000000000        0x0 ./driver/wdt.o
 .data          0x0000000000000000        0x0 ./driver/wdt.o
 .bss           0x0000000000000000        0x0 ./driver/wdt.o
 .debug_info    0x0000000000000000       0x6f ./driver/wdt.o
 .debug_abbrev  0x0000000000000000       0x29 ./driver/wdt.o
 .debug_aranges
                0x0000000000000000       0x18 ./driver/wdt.o
 .debug_macro   0x0000000000000000       0x7a ./driver/wdt.o
 .debug_macro   0x0000000000000000      0x832 ./driver/wdt.o
 .debug_macro   0x0000000000000000       0x1c ./driver/wdt.o
 .debug_macro   0x0000000000000000       0x22 ./driver/wdt.o
 .debug_macro   0x0000000000000000       0x10 ./driver/wdt.o
 .debug_macro   0x0000000000000000      0x12d ./driver/wdt.o
 .debug_macro   0x0000000000000000      0x5b2 ./driver/wdt.o
 .debug_macro   0x0000000000000000      0x37a ./driver/wdt.o
 .debug_macro   0x0000000000000000       0x8d ./driver/wdt.o
 .debug_macro   0x0000000000000000      0x123 ./driver/wdt.o
 .debug_macro   0x0000000000000000       0x40 ./driver/wdt.o
 .debug_line    0x0000000000000000      0x15a ./driver/wdt.o
 .debug_str     0x0000000000000000     0x5a61 ./driver/wdt.o
 .comment       0x0000000000000000       0x71 ./driver/wdt.o
 .ARM.attributes
                0x0000000000000000       0x31 ./driver/wdt.o
 .group         0x0000000000000000        0x8 ./cmsis/core_cm0.o
 .group         0x0000000000000000        0x8 ./cmsis/core_cm0.o
 .group         0x0000000000000000        0x8 ./cmsis/core_cm0.o
 .group         0x0000000000000000        0x8 ./cmsis/core_cm0.o
 .text          0x0000000000000000        0x0 ./cmsis/core_cm0.o
 .data          0x0000000000000000        0x0 ./cmsis/core_cm0.o
 .bss           0x0000000000000000        0x0 ./cmsis/core_cm0.o
 .text.__get_PSP
                0x0000000000000000        0x8 ./cmsis/core_cm0.o
 .text.__set_PSP
                0x0000000000000000        0x6 ./cmsis/core_cm0.o
 .text.__get_MSP
                0x0000000000000000        0x8 ./cmsis/core_cm0.o
 .text.__set_MSP
                0x0000000000000000        0x6 ./cmsis/core_cm0.o
 .text.__get_PRIMASK
                0x0000000000000000        0x6 ./cmsis/core_cm0.o
 .text.__set_PRIMASK
                0x0000000000000000        0x6 ./cmsis/core_cm0.o
 .text.__get_CONTROL
                0x0000000000000000        0x6 ./cmsis/core_cm0.o
 .text.__set_CONTROL
                0x0000000000000000        0x6 ./cmsis/core_cm0.o
 .text.__REV    0x0000000000000000        0x4 ./cmsis/core_cm0.o
 .text.__REV16  0x0000000000000000        0x4 ./cmsis/core_cm0.o
 .text.__REVSH  0x0000000000000000        0x4 ./cmsis/core_cm0.o
 .debug_info    0x0000000000000000      0x289 ./cmsis/core_cm0.o
 .debug_abbrev  0x0000000000000000       0xb7 ./cmsis/core_cm0.o
 .debug_loc     0x0000000000000000      0x13c ./cmsis/core_cm0.o
 .debug_aranges
                0x0000000000000000       0x70 ./cmsis/core_cm0.o
 .debug_ranges  0x0000000000000000       0x60 ./cmsis/core_cm0.o
 .debug_macro   0x0000000000000000       0x48 ./cmsis/core_cm0.o
 .debug_macro   0x0000000000000000      0x838 ./cmsis/core_cm0.o
 .debug_macro   0x0000000000000000       0x10 ./cmsis/core_cm0.o
 .debug_macro   0x0000000000000000      0x12d ./cmsis/core_cm0.o
 .debug_macro   0x0000000000000000      0x5b2 ./cmsis/core_cm0.o
 .debug_line    0x0000000000000000      0x1ce ./cmsis/core_cm0.o
 .debug_str     0x0000000000000000     0x3b9b ./cmsis/core_cm0.o
 .comment       0x0000000000000000       0x71 ./cmsis/core_cm0.o
 .debug_frame   0x0000000000000000       0xc0 ./cmsis/core_cm0.o
 .ARM.attributes
                0x0000000000000000       0x31 ./cmsis/core_cm0.o
 .group         0x0000000000000000        0x8 ./cmsis/system_LPC11xx.o
 .group         0x0000000000000000        0x8 ./cmsis/system_LPC11xx.o
 .group         0x0000000000000000        0x8 ./cmsis/system_LPC11xx.o
 .group         0x0000000000000000        0x8 ./cmsis/system_LPC11xx.o
 .group         0x0000000000000000        0x8 ./cmsis/system_LPC11xx.o
 .group         0x0000000000000000        0x8 ./cmsis/system_LPC11xx.o
 .group         0x0000000000000000        0x8 ./cmsis/system_LPC11xx.o
 .group         0x0000000000000000        0x8 ./cmsis/system_LPC11xx.o
 .text          0x0000000000000000        0x0 ./cmsis/system_LPC11xx.o
 .data          0x0000000000000000        0x0 ./cmsis/system_LPC11xx.o
 .bss           0x0000000000000000        0x0 ./cmsis/system_LPC11xx.o
 .debug_macro   0x0000000000000000      0x838 ./cmsis/system_LPC11xx.o
 .debug_macro   0x0000000000000000       0x10 ./cmsis/system_LPC11xx.o
 .debug_macro   0x0000000000000000      0x12d ./cmsis/system_LPC11xx.o
 .debug_macro   0x0000000000000000      0x5b2 ./cmsis/system_LPC11xx.o
 .debug_macro   0x0000000000000000       0x1c ./cmsis/system_LPC11xx.o
 .debug_macro   0x0000000000000000       0x8d ./cmsis/system_LPC11xx.o
 .debug_macro   0x0000000000000000      0x123 ./cmsis/system_LPC11xx.o
 .text          0x0000000000000000        0x0 /Applications/lpcxpresso_7.9.0_455/lpcxpresso/tools/bin/../lib/gcc/arm-none-eabi/4.9.3/../../../../arm-none-eabi/lib/armv6-m/libcr_c.a(__weak__main.o)
 .data          0x0000000000000000        0x0 /Applications/lpcxpresso_7.9.0_455/lpcxpresso/tools/bin/../lib/gcc/arm-none-eabi/4.9.3/../../../../arm-none-eabi/lib/armv6-m/libcr_c.a(__weak__main.o)
 .bss           0x0000000000000000        0x0 /Applications/lpcxpresso_7.9.0_455/lpcxpresso/tools/bin/../lib/gcc/arm-none-eabi/4.9.3/../../../../arm-none-eabi/lib/armv6-m/libcr_c.a(__weak__main.o)
 .text          0x0000000000000000        0x0 /Applications/lpcxpresso_7.9.0_455/lpcxpresso/tools/bin/../lib/gcc/arm-none-eabi/4.9.3/armv6-m/libcr_eabihelpers.a(division_32.o)
 .data          0x0000000000000000        0x0 /Applications/lpcxpresso_7.9.0_455/lpcxpresso/tools/bin/../lib/gcc/arm-none-eabi/4.9.3/armv6-m/libcr_eabihelpers.a(division_32.o)
 .bss           0x0000000000000000        0x0 /Applications/lpcxpresso_7.9.0_455/lpcxpresso/tools/bin/../lib/gcc/arm-none-eabi/4.9.3/armv6-m/libcr_eabihelpers.a(division_32.o)
 .text          0x0000000000000000        0x0 /Applications/lpcxpresso_7.9.0_455/lpcxpresso/tools/bin/../lib/gcc/arm-none-eabi/4.9.3/armv6-m/libcr_eabihelpers.a(division_idiv0.o)
 .data          0x0000000000000000        0x0 /Applications/lpcxpresso_7.9.0_455/lpcxpresso/tools/bin/../lib/gcc/arm-none-eabi/4.9.3/armv6-m/libcr_eabihelpers.a(division_idiv0.o)
 .bss           0x0000000000000000        0x0 /Applications/lpcxpresso_7.9.0_455/lpcxpresso/tools/bin/../lib/gcc/arm-none-eabi/4.9.3/armv6-m/libcr_eabihelpers.a(division_idiv0.o)
 .text          0x0000000000000000        0x0 /Applications/lpcxpresso_7.9.0_455/lpcxpresso/tools/bin/../lib/gcc/arm-none-eabi/4.9.3/armv6-m/libcr_eabihelpers.a(float.o)
 .data          0x0000000000000000        0x0 /Applications/lpcxpresso_7.9.0_455/lpcxpresso/tools/bin/../lib/gcc/arm-none-eabi/4.9.3/armv6-m/libcr_eabihelpers.a(float.o)
 .bss           0x0000000000000000        0x0 /Applications/lpcxpresso_7.9.0_455/lpcxpresso/tools/bin/../lib/gcc/arm-none-eabi/4.9.3/armv6-m/libcr_eabihelpers.a(float.o)
 .text.__aeabi_fsub
                0x0000000000000000      0x128 /Applications/lpcxpresso_7.9.0_455/lpcxpresso/tools/bin/../lib/gcc/arm-none-eabi/4.9.3/armv6-m/libcr_eabihelpers.a(float.o)
 .text.__aeabi_fadd
                0x0000000000000000       0xbc /Applications/lpcxpresso_7.9.0_455/lpcxpresso/tools/bin/../lib/gcc/arm-none-eabi/4.9.3/armv6-m/libcr_eabihelpers.a(float.o)
 .text.__aeabi_frsub
                0x0000000000000000       0x10 /Applications/lpcxpresso_7.9.0_455/lpcxpresso/tools/bin/../lib/gcc/arm-none-eabi/4.9.3/armv6-m/libcr_eabihelpers.a(float.o)
 .text.__aeabi_fneg
                0x0000000000000000        0x8 /Applications/lpcxpresso_7.9.0_455/lpcxpresso/tools/bin/../lib/gcc/arm-none-eabi/4.9.3/armv6-m/libcr_eabihelpers.a(float.o)
 .text.__aeabi_f2uiz
                0x0000000000000000       0x28 /Applications/lpcxpresso_7.9.0_455/lpcxpresso/tools/bin/../lib/gcc/arm-none-eabi/4.9.3/armv6-m/libcr_eabihelpers.a(float.o)
 .text.__aeabi_f2lz
                0x0000000000000000       0x60 /Applications/lpcxpresso_7.9.0_455/lpcxpresso/tools/bin/../lib/gcc/arm-none-eabi/4.9.3/armv6-m/libcr_eabihelpers.a(float.o)
 .text.__aeabi_f2ulz
                0x0000000000000000       0x3e /Applications/lpcxpresso_7.9.0_455/lpcxpresso/tools/bin/../lib/gcc/arm-none-eabi/4.9.3/armv6-m/libcr_eabihelpers.a(float.o)
 .text.__bhs_ui2f
                0x0000000000000000       0x60 /Applications/lpcxpresso_7.9.0_455/lpcxpresso/tools/bin/../lib/gcc/arm-none-eabi/4.9.3/armv6-m/libcr_eabihelpers.a(float.o)
 .text.__bhs_ul2f
                0x0000000000000000       0x82 /Applications/lpcxpresso_7.9.0_455/lpcxpresso/tools/bin/../lib/gcc/arm-none-eabi/4.9.3/armv6-m/libcr_eabihelpers.a(float.o)
 .text.__aeabi_i2f
                0x0000000000000000       0x16 /Applications/lpcxpresso_7.9.0_455/lpcxpresso/tools/bin/../lib/gcc/arm-none-eabi/4.9.3/armv6-m/libcr_eabihelpers.a(float.o)
 .text.__aeabi_ui2f
                0x0000000000000000        0xc /Applications/lpcxpresso_7.9.0_455/lpcxpresso/tools/bin/../lib/gcc/arm-none-eabi/4.9.3/armv6-m/libcr_eabihelpers.a(float.o)
 .text.__aeabi_l2f
                0x0000000000000000       0x20 /Applications/lpcxpresso_7.9.0_455/lpcxpresso/tools/bin/../lib/gcc/arm-none-eabi/4.9.3/armv6-m/libcr_eabihelpers.a(float.o)
 .text.__aeabi_ul2f
                0x0000000000000000        0xc /Applications/lpcxpresso_7.9.0_455/lpcxpresso/tools/bin/../lib/gcc/arm-none-eabi/4.9.3/armv6-m/libcr_eabihelpers.a(float.o)
 .text.__aeabi_f2d
                0x0000000000000000       0x40 /Applications/lpcxpresso_7.9.0_455/lpcxpresso/tools/bin/../lib/gcc/arm-none-eabi/4.9.3/armv6-m/libcr_eabihelpers.a(float.o)
 .text.__aeabi_fcmpeq
                0x0000000000000000       0x20 /Applications/lpcxpresso_7.9.0_455/lpcxpresso/tools/bin/../lib/gcc/arm-none-eabi/4.9.3/armv6-m/libcr_eabihelpers.a(float.o)
 .text.__aeabi_fcmplt
                0x0000000000000000       0x42 /Applications/lpcxpresso_7.9.0_455/lpcxpresso/tools/bin/../lib/gcc/arm-none-eabi/4.9.3/armv6-m/libcr_eabihelpers.a(float.o)
 .text.__aeabi_fcmpgt
                0x0000000000000000       0x3e /Applications/lpcxpresso_7.9.0_455/lpcxpresso/tools/bin/../lib/gcc/arm-none-eabi/4.9.3/armv6-m/libcr_eabihelpers.a(float.o)
 .text.__aeabi_fcmple
                0x0000000000000000       0x40 /Applications/lpcxpresso_7.9.0_455/lpcxpresso/tools/bin/../lib/gcc/arm-none-eabi/4.9.3/armv6-m/libcr_eabihelpers.a(float.o)
 .text.__aeabi_fcmpge
                0x0000000000000000       0x3c /Applications/lpcxpresso_7.9.0_455/lpcxpresso/tools/bin/../lib/gcc/arm-none-eabi/4.9.3/armv6-m/libcr_eabihelpers.a(float.o)
 .text.__aeabi_fcmpun
                0x0000000000000000       0x16 /Applications/lpcxpresso_7.9.0_455/lpcxpresso/tools/bin/../lib/gcc/arm-none-eabi/4.9.3/armv6-m/libcr_eabihelpers.a(float.o)
 .text.__aeabi_cfcmple
                0x0000000000000000       0x24 /Applications/lpcxpresso_7.9.0_455/lpcxpresso/tools/bin/../lib/gcc/arm-none-eabi/4.9.3/armv6-m/libcr_eabihelpers.a(float.o)
 .text.__aeabi_cfrcmple
                0x0000000000000000        0xe /Applications/lpcxpresso_7.9.0_455/lpcxpresso/tools/bin/../lib/gcc/arm-none-eabi/4.9.3/armv6-m/libcr_eabihelpers.a(float.o)
 .text          0x0000000000000000        0x0 /Applications/lpcxpresso_7.9.0_455/lpcxpresso/tools/bin/../lib/gcc/arm-none-eabi/4.9.3/armv6-m/libcr_eabihelpers.a(llong.o)
 .data          0x0000000000000000        0x0 /Applications/lpcxpresso_7.9.0_455/lpcxpresso/tools/bin/../lib/gcc/arm-none-eabi/4.9.3/armv6-m/libcr_eabihelpers.a(llong.o)
 .bss           0x0000000000000000        0x0 /Applications/lpcxpresso_7.9.0_455/lpcxpresso/tools/bin/../lib/gcc/arm-none-eabi/4.9.3/armv6-m/libcr_eabihelpers.a(llong.o)
 .text.__aeabi_llong_llsl
                0x0000000000000000       0x18 /Applications/lpcxpresso_7.9.0_455/lpcxpresso/tools/bin/../lib/gcc/arm-none-eabi/4.9.3/armv6-m/libcr_eabihelpers.a(llong.o)
 .text.__aeabi_llong_llsr
                0x0000000000000000       0x18 /Applications/lpcxpresso_7.9.0_455/lpcxpresso/tools/bin/../lib/gcc/arm-none-eabi/4.9.3/armv6-m/libcr_eabihelpers.a(llong.o)
 .text.__aeabi_llong_lasr
                0x0000000000000000       0x18 /Applications/lpcxpresso_7.9.0_455/lpcxpresso/tools/bin/../lib/gcc/arm-none-eabi/4.9.3/armv6-m/libcr_eabihelpers.a(llong.o)
 .text.__aeabi_llong_lcmp
                0x0000000000000000       0x14 /Applications/lpcxpresso_7.9.0_455/lpcxpresso/tools/bin/../lib/gcc/arm-none-eabi/4.9.3/armv6-m/libcr_eabihelpers.a(llong.o)
 .text.__aeabi_llong_ulcmp
                0x0000000000000000       0x10 /Applications/lpcxpresso_7.9.0_455/lpcxpresso/tools/bin/../lib/gcc/arm-none-eabi/4.9.3/armv6-m/libcr_eabihelpers.a(llong.o)

Memory Configuration

Name             Origin             Length             Attributes
MFlash32         0x0000000000000000 0x0000000000008000 xr
RamLoc8          0x0000000010000000 0x0000000000002000 xrw
*default*        0x0000000000000000 0xffffffffffffffff

Linker script and memory map

LOAD ./startup/cr_startup_lpc11.o
LOAD ./src/lock.o
LOAD ./src/main.o
LOAD ./driver/adc.o
LOAD ./driver/can.o
LOAD ./driver/clkconfig.o
LOAD ./driver/crp.o
LOAD ./driver/debug_printf.o
LOAD ./driver/gpio.o
LOAD ./driver/i2c.o
LOAD ./driver/i2cslave.o
LOAD ./driver/lpc_swu.o
LOAD ./driver/rs485.o
LOAD ./driver/small_gpio.o
LOAD ./driver/ssp.o
LOAD ./driver/timer16.o
LOAD ./driver/timer32.o
LOAD ./driver/uart.o
LOAD ./driver/wdt.o
LOAD ./cmsis/core_cm0.o
LOAD ./cmsis/system_LPC11xx.o
START GROUP
LOAD /Applications/lpcxpresso_7.9.0_455/lpcxpresso/tools/bin/../lib/gcc/arm-none-eabi/4.9.3/../../../../arm-none-eabi/lib/armv6-m/libcr_c.a
LOAD /Applications/lpcxpresso_7.9.0_455/lpcxpresso/tools/bin/../lib/gcc/arm-none-eabi/4.9.3/../../../../arm-none-eabi/lib/armv6-m/libcr_semihost.a
LOAD /Applications/lpcxpresso_7.9.0_455/lpcxpresso/tools/bin/../lib/gcc/arm-none-eabi/4.9.3/armv6-m/libcr_eabihelpers.a
END GROUP
                0x0000000000008000                __top_MFlash32 = 0x8000
                0x0000000010002000                __top_RamLoc8 = 0x10002000

.text           0x0000000000000000     0x146c
 FILL mask 0xff
 *(.isr_vector)
 .isr_vector    0x0000000000000000       0xc0 ./startup/cr_startup_lpc11.o
                0x0000000000000000                g_pfnVectors
 *(.text.Reset_Handler .text.SystemInit)
 .text.SystemInit
                0x00000000000000c0       0xac ./cmsis/system_LPC11xx.o
                0x00000000000000c0                SystemInit
                0x00000000000002fc                . = 0x2fc
 *fill*         0x000000000000016c      0x190 ff
 *(.crp)
 .crp           0x00000000000002fc        0x4 ./driver/crp.o
                0x00000000000002fc                CRP_WORD
 *(.text*)
 .text.ResetISR
                0x0000000000000300       0x60 ./startup/cr_startup_lpc11.o
                0x0000000000000300                ResetISR
 .text.NMI_Handler
                0x0000000000000360        0x8 ./startup/cr_startup_lpc11.o
                0x0000000000000360                NMI_Handler
 .text.HardFault_Handler
                0x0000000000000368        0x8 ./startup/cr_startup_lpc11.o
                0x0000000000000368                HardFault_Handler
 .text.SVCall_Handler
                0x0000000000000370        0x8 ./startup/cr_startup_lpc11.o
                0x0000000000000370                SVCall_Handler
 .text.PendSV_Handler
                0x0000000000000378        0x8 ./startup/cr_startup_lpc11.o
                0x0000000000000378                PendSV_Handler
 .text.SysTick_Handler
                0x0000000000000380        0x8 ./startup/cr_startup_lpc11.o
                0x0000000000000380                SysTick_Handler
 .text.IntDefaultHandler
                0x0000000000000388        0x8 ./startup/cr_startup_lpc11.o
                0x0000000000000388                PIOINT3_IRQHandler
                0x0000000000000388                TIMER32_1_IRQHandler
                0x0000000000000388                IntDefaultHandler
                0x0000000000000388                PIOINT1_IRQHandler
                0x0000000000000388                CAN_IRQHandler
                0x0000000000000388                SSP0_IRQHandler
                0x0000000000000388                TIMER16_1_IRQHandler
                0x0000000000000388                SSP1_IRQHandler
                0x0000000000000388                PIOINT2_IRQHandler
                0x0000000000000388                BOD_IRQHandler
                0x0000000000000388                WAKEUP_IRQHandler
                0x0000000000000388                PIOINT0_IRQHandler
                0x0000000000000388                I2C_IRQHandler
                0x0000000000000388                WDT_IRQHandler
                0x0000000000000388                TIMER16_0_IRQHandler
 .text.lock     0x0000000000000390       0x7c ./src/lock.o
                0x0000000000000390                lock
 .text.unlock   0x000000000000040c       0x7c ./src/lock.o
                0x000000000000040c                unlock
 .text.freq     0x0000000000000488       0x44 ./src/lock.o
                0x0000000000000488                freq
 .text.initLED  0x00000000000004cc       0x44 ./src/lock.o
                0x00000000000004cc                initLED
 .text.main     0x0000000000000510       0xa0 ./src/main.o
                0x0000000000000510                main
 .text.ADC_IRQHandler
                0x00000000000005b0       0xe4 ./driver/adc.o
                0x00000000000005b0                ADC_IRQHandler
 .text.ADCInit  0x0000000000000694      0x120 ./driver/adc.o
                0x0000000000000694                ADCInit
 .text.ADCRead  0x00000000000007b4       0x98 ./driver/adc.o
                0x00000000000007b4                ADCRead
 .text.GPIOInit
                0x000000000000084c       0x20 ./driver/gpio.o
                0x000000000000084c                GPIOInit
 .text.GPIOSetValue
                0x000000000000086c       0x34 ./driver/gpio.o
                0x000000000000086c                GPIOSetValue
 .text.GPIOSetDir
                0x00000000000008a0       0x6c ./driver/gpio.o
                0x00000000000008a0                GPIOSetDir
 .text.NVIC_EnableIRQ
                0x000000000000090c       0x2c ./driver/timer32.o
 .text.delay32Ms
                0x0000000000000938       0xdc ./driver/timer32.o
                0x0000000000000938                delay32Ms
 .text.TIMER32_0_IRQHandler
                0x0000000000000a14       0x4c ./driver/timer32.o
                0x0000000000000a14                TIMER32_0_IRQHandler
 .text.enable_timer32
                0x0000000000000a60       0x34 ./driver/timer32.o
                0x0000000000000a60                enable_timer32
 .text.disable_timer32
                0x0000000000000a94       0x34 ./driver/timer32.o
                0x0000000000000a94                disable_timer32
 .text.init_timer32
                0x0000000000000ac8      0x134 ./driver/timer32.o
                0x0000000000000ac8                init_timer32
 .text.init_timer32PWM
                0x0000000000000bfc      0x21c ./driver/timer32.o
                0x0000000000000bfc                init_timer32PWM
 .text.NVIC_EnableIRQ
                0x0000000000000e18       0x2c ./driver/uart.o
 .text.NVIC_DisableIRQ
                0x0000000000000e44       0x30 ./driver/uart.o
 .text.UART_IRQHandler
                0x0000000000000e74      0x110 ./driver/uart.o
                0x0000000000000e74                UART_IRQHandler
 .text.UARTInit
                0x0000000000000f84      0x114 ./driver/uart.o
                0x0000000000000f84                UARTInit
 .text.UARTSend
                0x0000000000001098       0x40 ./driver/uart.o
                0x0000000000001098                UARTSend
 .text.SystemCoreClockUpdate
                0x00000000000010d8       0xb0 ./cmsis/system_LPC11xx.o
                0x00000000000010d8                SystemCoreClockUpdate
 .text.__weak_main
                0x0000000000001188        0x8 /Applications/lpcxpresso_7.9.0_455/lpcxpresso/tools/bin/../lib/gcc/arm-none-eabi/4.9.3/../../../../arm-none-eabi/lib/armv6-m/libcr_c.a(__weak__main.o)
                0x0000000000001188                __main
                0x0000000000001188                __weak_main
 .text.__aeabi_division_idivmod
                0x0000000000001190       0x78 /Applications/lpcxpresso_7.9.0_455/lpcxpresso/tools/bin/../lib/gcc/arm-none-eabi/4.9.3/armv6-m/libcr_eabihelpers.a(division_32.o)
                0x0000000000001190                __aeabi_idiv
                0x0000000000001190                __aeabi_idivmod
                0x0000000000001196                __aeabi_uidiv
                0x0000000000001196                __aeabi_uidivmod
 .text.__aeabi_division_idiv0
                0x0000000000001208        0x2 /Applications/lpcxpresso_7.9.0_455/lpcxpresso/tools/bin/../lib/gcc/arm-none-eabi/4.9.3/armv6-m/libcr_eabihelpers.a(division_idiv0.o)
                0x0000000000001208                __aeabi_idiv0
 *fill*         0x000000000000120a        0x2 
 .text.__aeabi_fmul
                0x000000000000120c       0xc0 /Applications/lpcxpresso_7.9.0_455/lpcxpresso/tools/bin/../lib/gcc/arm-none-eabi/4.9.3/armv6-m/libcr_eabihelpers.a(float.o)
                0x000000000000120c                __aeabi_fmul
 .text.__aeabi_fdiv
                0x00000000000012cc       0xe8 /Applications/lpcxpresso_7.9.0_455/lpcxpresso/tools/bin/../lib/gcc/arm-none-eabi/4.9.3/armv6-m/libcr_eabihelpers.a(float.o)
                0x00000000000012cc                __aeabi_fdiv
 .text.__aeabi_f2iz
                0x00000000000013b4       0x38 /Applications/lpcxpresso_7.9.0_455/lpcxpresso/tools/bin/../lib/gcc/arm-none-eabi/4.9.3/armv6-m/libcr_eabihelpers.a(float.o)
                0x00000000000013b4                __aeabi_f2iz
 .text.__aeabi_llong_lmul
                0x00000000000013ec       0x2e /Applications/lpcxpresso_7.9.0_455/lpcxpresso/tools/bin/../lib/gcc/arm-none-eabi/4.9.3/armv6-m/libcr_eabihelpers.a(llong.o)
                0x00000000000013ec                __aeabi_lmul
 *(.rodata*)
 *fill*         0x000000000000141a        0x2 
 .rodata.LPC_GPIO
                0x000000000000141c       0x10 ./driver/gpio.o
 .rodata.CSWTCH.8
                0x000000000000142c       0x40 ./cmsis/system_LPC11xx.o

.glue_7         0x000000000000146c        0x0
 .glue_7        0x0000000000000000        0x0 linker stubs

.glue_7t        0x000000000000146c        0x0
 .glue_7t       0x0000000000000000        0x0 linker stubs

.vfp11_veneer   0x000000000000146c        0x0
 .vfp11_veneer  0x0000000000000000        0x0 linker stubs

.v4_bx          0x000000000000146c        0x0
 .v4_bx         0x0000000000000000        0x0 linker stubs

.iplt           0x000000000000146c        0x0
 .iplt          0x0000000000000000        0x0 ./startup/cr_startup_lpc11.o

.rel.dyn        0x000000000000146c        0x0
 .rel.iplt      0x0000000000000000        0x0 ./startup/cr_startup_lpc11.o

.ARM.extab
 *(.ARM.extab* .gnu.linkonce.armextab.*)
                0x000000000000146c                __exidx_start = .

.ARM.exidx
 *(.ARM.exidx* .gnu.linkonce.armexidx.*)
                0x000000000000146c                __exidx_end = .
                0x000000000000146c                _etext = .

.data           0x0000000010000000        0x8 load address 0x000000000000146c
                0x0000000010000000                _data = .
 *(vtable)
 *(.data*)
 .data.UARTTxEmpty
                0x0000000010000000        0x1 ./driver/uart.o
                0x0000000010000000                UARTTxEmpty
 *fill*         0x0000000010000001        0x3 
 .data.SystemCoreClock
                0x0000000010000004        0x4 ./cmsis/system_LPC11xx.o
                0x0000000010000004                SystemCoreClock
                0x0000000010000008                _edata = .

.igot.plt       0x0000000010000008        0x0 load address 0x0000000000001474
 .igot.plt      0x0000000000000000        0x0 ./startup/cr_startup_lpc11.o

.bss            0x0000000010000008       0x80 load address 0x0000000000001474
                0x0000000010000008                _bss = .
 *(.bss*)
 .bss.ADCIntDone
                0x0000000010000008        0x4 ./driver/adc.o
                0x0000000010000008                ADCIntDone
 .bss.OverRunCounter
                0x000000001000000c        0x4 ./driver/adc.o
                0x000000001000000c                OverRunCounter
 .bss.timer32_0_period
                0x0000000010000010        0x4 ./driver/timer32.o
                0x0000000010000010                timer32_0_period
 .bss.timer32_0_counter
                0x0000000010000014        0x4 ./driver/timer32.o
                0x0000000010000014                timer32_0_counter
 .bss.timer32_0_capture
                0x0000000010000018        0x4 ./driver/timer32.o
                0x0000000010000018                timer32_0_capture
 .bss.timer32_1_period
                0x000000001000001c        0x4 ./driver/timer32.o
                0x000000001000001c                timer32_1_period
 .bss.UARTCount
                0x0000000010000020        0x4 ./driver/uart.o
                0x0000000010000020                UARTCount
 *(COMMON)
 COMMON         0x0000000010000024       0x20 ./driver/adc.o
                0x0000000010000024                ADCValue
 COMMON         0x0000000010000044       0x44 ./driver/uart.o
                0x0000000010000044                UARTBuffer
                0x0000000010000084                UARTStatus
                0x0000000010000088                _ebss = .

.cr_heap        0x0000000010000088        0x0 load address 0x0000000000001474
                0x0000000010000088                end = .
                0x0000000010000088                _pvHeapStart = .
                0x0000000010002000                _vRamTop = __top_RamLoc8
                0x0000000010002000                _vStackTop = _vRamTop
OUTPUT(lock.axf elf32-littlearm)

.debug_info     0x0000000000000000     0x3265
 .debug_info    0x0000000000000000      0x186 ./startup/cr_startup_lpc11.o
 .debug_info    0x0000000000000186      0x24d ./src/lock.o
 .debug_info    0x00000000000003d3      0x383 ./src/main.o
 .debug_info    0x0000000000000756      0x7ee ./driver/adc.o
 .debug_info    0x0000000000000f44       0x90 ./driver/crp.o
 .debug_info    0x0000000000000fd4      0x737 ./driver/gpio.o
 .debug_info    0x000000000000170b      0xb3c ./driver/timer32.o
 .debug_info    0x0000000000002247      0xb3c ./driver/uart.o
 .debug_info    0x0000000000002d83      0x4e2 ./cmsis/system_LPC11xx.o

.debug_abbrev   0x0000000000000000      0xbd5
 .debug_abbrev  0x0000000000000000       0xb9 ./startup/cr_startup_lpc11.o
 .debug_abbrev  0x00000000000000b9      0x154 ./src/lock.o
 .debug_abbrev  0x000000000000020d      0x14b ./src/main.o
 .debug_abbrev  0x0000000000000358      0x181 ./driver/adc.o
 .debug_abbrev  0x00000000000004d9       0x4e ./driver/crp.o
 .debug_abbrev  0x0000000000000527      0x1bb ./driver/gpio.o
 .debug_abbrev  0x00000000000006e2      0x1d8 ./driver/timer32.o
 .debug_abbrev  0x00000000000008ba      0x1d0 ./driver/uart.o
 .debug_abbrev  0x0000000000000a8a      0x14b ./cmsis/system_LPC11xx.o

.debug_aranges  0x0000000000000000      0x220
 .debug_aranges
                0x0000000000000000       0x50 ./startup/cr_startup_lpc11.o
 .debug_aranges
                0x0000000000000050       0x38 ./src/lock.o
 .debug_aranges
                0x0000000000000088       0x20 ./src/main.o
 .debug_aranges
                0x00000000000000a8       0x38 ./driver/adc.o
 .debug_aranges
                0x00000000000000e0       0x18 ./driver/crp.o
 .debug_aranges
                0x00000000000000f8       0x58 ./driver/gpio.o
 .debug_aranges
                0x0000000000000150       0x60 ./driver/timer32.o
 .debug_aranges
                0x00000000000001b0       0x48 ./driver/uart.o
 .debug_aranges
                0x00000000000001f8       0x28 ./cmsis/system_LPC11xx.o

.debug_ranges   0x0000000000000000      0x188
 .debug_ranges  0x0000000000000000       0x40 ./startup/cr_startup_lpc11.o
 .debug_ranges  0x0000000000000040       0x28 ./src/lock.o
 .debug_ranges  0x0000000000000068       0x10 ./src/main.o
 .debug_ranges  0x0000000000000078       0x28 ./driver/adc.o
 .debug_ranges  0x00000000000000a0       0x48 ./driver/gpio.o
 .debug_ranges  0x00000000000000e8       0x50 ./driver/timer32.o
 .debug_ranges  0x0000000000000138       0x38 ./driver/uart.o
 .debug_ranges  0x0000000000000170       0x18 ./cmsis/system_LPC11xx.o

.debug_macro    0x0000000000000000     0x2085
 .debug_macro   0x0000000000000000       0x57 ./startup/cr_startup_lpc11.o
 .debug_macro   0x0000000000000057      0x832 ./startup/cr_startup_lpc11.o
 .debug_macro   0x0000000000000889       0x10 ./startup/cr_startup_lpc11.o
 .debug_macro   0x0000000000000899      0x12d ./startup/cr_startup_lpc11.o
 .debug_macro   0x00000000000009c6      0x5b2 ./startup/cr_startup_lpc11.o
 .debug_macro   0x0000000000000f78       0x87 ./startup/cr_startup_lpc11.o
 .debug_macro   0x0000000000000fff       0xc9 ./src/lock.o
 .debug_macro   0x00000000000010c8       0x1c ./src/lock.o
 .debug_macro   0x00000000000010e4       0x22 ./src/lock.o
 .debug_macro   0x0000000000001106      0x37a ./src/lock.o
 .debug_macro   0x0000000000001480       0x8d ./src/lock.o
 .debug_macro   0x000000000000150d      0x123 ./src/lock.o
 .debug_macro   0x0000000000001630       0x40 ./src/lock.o
 .debug_macro   0x0000000000001670       0x2e ./src/lock.o
 .debug_macro   0x000000000000169e       0x46 ./src/lock.o
 .debug_macro   0x00000000000016e4       0x22 ./src/lock.o
 .debug_macro   0x0000000000001706       0x46 ./src/lock.o
 .debug_macro   0x000000000000174c       0x46 ./src/lock.o
 .debug_macro   0x0000000000001792       0xa6 ./src/lock.o
 .debug_macro   0x0000000000001838       0xa0 ./src/lock.o
 .debug_macro   0x00000000000018d8       0xc9 ./src/main.o
 .debug_macro   0x00000000000019a1       0x88 ./driver/adc.o
 .debug_macro   0x0000000000001a29       0x88 ./driver/crp.o
 .debug_macro   0x0000000000001ab1       0x28 ./driver/crp.o
 .debug_macro   0x0000000000001ad9       0x79 ./driver/gpio.o
 .debug_macro   0x0000000000001b52       0x79 ./driver/timer32.o
 .debug_macro   0x0000000000001bcb       0x79 ./driver/uart.o
 .debug_macro   0x0000000000001c44       0xa9 ./cmsis/system_LPC11xx.o
 .debug_macro   0x0000000000001ced      0x398 ./cmsis/system_LPC11xx.o

.debug_line     0x0000000000000000     0x1248
 .debug_line    0x0000000000000000      0x1db ./startup/cr_startup_lpc11.o
 .debug_line    0x00000000000001db      0x20c ./src/lock.o
 .debug_line    0x00000000000003e7      0x1cb ./src/main.o
 .debug_line    0x00000000000005b2      0x204 ./driver/adc.o
 .debug_line    0x00000000000007b6      0x15a ./driver/crp.o
 .debug_line    0x0000000000000910      0x284 ./driver/gpio.o
 .debug_line    0x0000000000000b94      0x2bc ./driver/timer32.o
 .debug_line    0x0000000000000e50      0x23a ./driver/uart.o
 .debug_line    0x000000000000108a      0x1be ./cmsis/system_LPC11xx.o

.debug_str      0x0000000000000000     0x6e70
 .debug_str     0x0000000000000000     0x3cf6 ./startup/cr_startup_lpc11.o
                                       0x3d81 (size before relaxing)
 .debug_str     0x0000000000003cf6     0x244b ./src/lock.o
                                       0x60c9 (size before relaxing)
 .debug_str     0x0000000000006141       0x7f ./src/main.o
                                       0x611b (size before relaxing)
 .debug_str     0x00000000000061c0      0x490 ./driver/adc.o
                                       0x6020 (size before relaxing)
 .debug_str     0x0000000000006650       0xbf ./driver/crp.o
                                       0x5b10 (size before relaxing)
 .debug_str     0x000000000000670f       0xa5 ./driver/gpio.o
                                       0x5df3 (size before relaxing)
 .debug_str     0x00000000000067b4      0x341 ./driver/timer32.o
                                       0x626b (size before relaxing)
 .debug_str     0x0000000000006af5       0x9b ./driver/uart.o
                                       0x6312 (size before relaxing)
 .debug_str     0x0000000000006b90      0x2e0 ./cmsis/system_LPC11xx.o
                                       0x5e03 (size before relaxing)

.comment        0x0000000000000000       0xe0
 .comment       0x0000000000000000       0x70 ./startup/cr_startup_lpc11.o
                                         0x71 (size before relaxing)
 .comment       0x0000000000000000       0x71 ./src/lock.o
 .comment       0x0000000000000000       0x71 ./src/main.o
 .comment       0x0000000000000000       0x71 ./driver/adc.o
 .comment       0x0000000000000000       0x71 ./driver/crp.o
 .comment       0x0000000000000000       0x71 ./driver/gpio.o
 .comment       0x0000000000000000       0x71 ./driver/timer32.o
 .comment       0x0000000000000000       0x71 ./driver/uart.o
 .comment       0x0000000000000000       0x71 ./cmsis/system_LPC11xx.o
 .comment       0x0000000000000070       0x70 /Applications/lpcxpresso_7.9.0_455/lpcxpresso/tools/bin/../lib/gcc/arm-none-eabi/4.9.3/../../../../arm-none-eabi/lib/armv6-m/libcr_c.a(__weak__main.o)
                                         0x71 (size before relaxing)
 .comment       0x0000000000000000       0x71 /Applications/lpcxpresso_7.9.0_455/lpcxpresso/tools/bin/../lib/gcc/arm-none-eabi/4.9.3/armv6-m/libcr_eabihelpers.a(float.o)

.ARM.attributes
                0x0000000000000000       0x2f
 .ARM.attributes
                0x0000000000000000       0x31 ./startup/cr_startup_lpc11.o
 .ARM.attributes
                0x0000000000000031       0x31 ./src/lock.o
 .ARM.attributes
                0x0000000000000062       0x31 ./src/main.o
 .ARM.attributes
                0x0000000000000093       0x31 ./driver/adc.o
 .ARM.attributes
                0x00000000000000c4       0x31 ./driver/crp.o
 .ARM.attributes
                0x00000000000000f5       0x31 ./driver/gpio.o
 .ARM.attributes
                0x0000000000000126       0x31 ./driver/timer32.o
 .ARM.attributes
                0x0000000000000157       0x31 ./driver/uart.o
 .ARM.attributes
                0x0000000000000188       0x31 ./cmsis/system_LPC11xx.o
 .ARM.attributes
                0x00000000000001b9       0x31 /Applications/lpcxpresso_7.9.0_455/lpcxpresso/tools/bin/../lib/gcc/arm-none-eabi/4.9.3/../../../../arm-none-eabi/lib/armv6-m/libcr_c.a(__weak__main.o)
 .ARM.attributes
                0x00000000000001ea       0x21 /Applications/lpcxpresso_7.9.0_455/lpcxpresso/tools/bin/../lib/gcc/arm-none-eabi/4.9.3/armv6-m/libcr_eabihelpers.a(division_32.o)
 .ARM.attributes
                0x000000000000020b       0x21 /Applications/lpcxpresso_7.9.0_455/lpcxpresso/tools/bin/../lib/gcc/arm-none-eabi/4.9.3/armv6-m/libcr_eabihelpers.a(division_idiv0.o)
 .ARM.attributes
                0x000000000000022c       0x31 /Applications/lpcxpresso_7.9.0_455/lpcxpresso/tools/bin/../lib/gcc/arm-none-eabi/4.9.3/armv6-m/libcr_eabihelpers.a(float.o)
 .ARM.attributes
                0x000000000000025d       0x21 /Applications/lpcxpresso_7.9.0_455/lpcxpresso/tools/bin/../lib/gcc/arm-none-eabi/4.9.3/armv6-m/libcr_eabihelpers.a(llong.o)

.debug_frame    0x0000000000000000      0x568
 .debug_frame   0x0000000000000000       0xd8 ./startup/cr_startup_lpc11.o
 .debug_frame   0x00000000000000d8       0x8c ./src/lock.o
 .debug_frame   0x0000000000000164       0x2c ./src/main.o
 .debug_frame   0x0000000000000190       0x8c ./driver/adc.o
 .debug_frame   0x000000000000021c      0x10c ./driver/gpio.o
 .debug_frame   0x0000000000000328      0x12c ./driver/timer32.o
 .debug_frame   0x0000000000000454       0xcc ./driver/uart.o
 .debug_frame   0x0000000000000520       0x48 ./cmsis/system_LPC11xx.o

.debug_loc      0x0000000000000000       0x84
 .debug_loc     0x0000000000000000       0x84 ./cmsis/system_LPC11xx.o
