Archive member included because of file (symbol)

/Applications/lpcxpresso_7.9.0_455/lpcxpresso/tools/bin/../lib/gcc/arm-none-eabi/4.9.3/../../../../arm-none-eabi/lib/armv6-m/libcr_c.a(__weak__main.o)
                              ./startup/cr_startup_lpc11.o (__main)
/Applications/lpcxpresso_7.9.0_455/lpcxpresso/tools/bin/../lib/gcc/arm-none-eabi/4.9.3/armv6-m/libcr_eabihelpers.a(division_32.o)
                              ./driver/adc.o (__aeabi_uidiv)
/Applications/lpcxpresso_7.9.0_455/lpcxpresso/tools/bin/../lib/gcc/arm-none-eabi/4.9.3/armv6-m/libcr_eabihelpers.a(division_idiv0.o)
                              /Applications/lpcxpresso_7.9.0_455/lpcxpresso/tools/bin/../lib/gcc/arm-none-eabi/4.9.3/armv6-m/libcr_eabihelpers.a(division_32.o) (__aeabi_idiv0)
/Applications/lpcxpresso_7.9.0_455/lpcxpresso/tools/bin/../lib/gcc/arm-none-eabi/4.9.3/armv6-m/libcr_eabihelpers.a(float.o)
                              ./src/lock.o (__aeabi_fmul)
/Applications/lpcxpresso_7.9.0_455/lpcxpresso/tools/bin/../lib/gcc/arm-none-eabi/4.9.3/armv6-m/libcr_eabihelpers.a(llong.o)
                              /Applications/lpcxpresso_7.9.0_455/lpcxpresso/tools/bin/../lib/gcc/arm-none-eabi/4.9.3/armv6-m/libcr_eabihelpers.a(float.o) (__aeabi_lmul)

Allocating common symbols
Common symbol       size              file

UARTBuffer          0x40              ./driver/uart.o
UARTStatus          0x4               ./driver/uart.o
ADCValue            0x20              ./driver/adc.o

Discarded input sections

 .group         0x0000000000000000        0x8 ./startup/cr_startup_lpc11.o
 .group         0x0000000000000000        0x8 ./startup/cr_startup_lpc11.o
 .group         0x0000000000000000        0x8 ./startup/cr_startup_lpc11.o
 .group         0x0000000000000000        0x8 ./startup/cr_startup_lpc11.o
 .group         0x0000000000000000        0x8 ./startup/cr_startup_lpc11.o
 .text          0x0000000000000000        0x0 ./startup/cr_startup_lpc11.o
 .data          0x0000000000000000        0x0 ./startup/cr_startup_lpc11.o
 .bss           0x0000000000000000        0x0 ./startup/cr_startup_lpc11.o
 .group         0x0000000000000000        0x8 ./src/lock.o
 .group         0x0000000000000000        0x8 ./src/lock.o
 .group         0x0000000000000000        0x8 ./src/lock.o
 .group         0x0000000000000000        0x8 ./src/lock.o
 .group         0x0000000000000000        0x8 ./src/lock.o
 .group         0x0000000000000000        0x8 ./src/lock.o
 .group         0x0000000000000000        0x8 ./src/lock.o
 .group         0x0000000000000000        0x8 ./src/lock.o
 .group         0x0000000000000000        0x8 ./src/lock.o
 .group         0x0000000000000000        0x8 ./src/lock.o
 .group         0x0000000000000000        0x8 ./src/lock.o
 .group         0x0000000000000000        0x8 ./src/lock.o
 .group         0x0000000000000000        0x8 ./src/lock.o
 .group         0x0000000000000000        0x8 ./src/lock.o
 .group         0x0000000000000000        0x8 ./src/lock.o
 .group         0x0000000000000000        0x8 ./src/lock.o
 .group         0x0000000000000000        0x8 ./src/lock.o
 .text          0x0000000000000000        0x0 ./src/lock.o
 .data          0x0000000000000000        0x0 ./src/lock.o
 .bss           0x0000000000000000        0x0 ./src/lock.o
 .rodata.LPC_GPIO
                0x0000000000000000       0x10 ./src/lock.o
 .debug_macro   0x0000000000000000      0x832 ./src/lock.o
 .debug_macro   0x0000000000000000       0x10 ./src/lock.o
 .debug_macro   0x0000000000000000      0x12d ./src/lock.o
 .debug_macro   0x0000000000000000      0x5b2 ./src/lock.o
 .group         0x0000000000000000        0x8 ./src/main.o
 .group         0x0000000000000000        0x8 ./src/main.o
 .group         0x0000000000000000        0x8 ./src/main.o
 .group         0x0000000000000000        0x8 ./src/main.o
 .group         0x0000000000000000        0x8 ./src/main.o
 .group         0x0000000000000000        0x8 ./src/main.o
 .group         0x0000000000000000        0x8 ./src/main.o
 .group         0x0000000000000000        0x8 ./src/main.o
 .group         0x0000000000000000        0x8 ./src/main.o
 .group         0x0000000000000000        0x8 ./src/main.o
 .group         0x0000000000000000        0x8 ./src/main.o
 .group         0x0000000000000000        0x8 ./src/main.o
 .group         0x0000000000000000        0x8 ./src/main.o
 .group         0x0000000000000000        0x8 ./src/main.o
 .group         0x0000000000000000        0x8 ./src/main.o
 .group         0x0000000000000000        0x8 ./src/main.o
 .group         0x0000000000000000        0x8 ./src/main.o
 .text          0x0000000000000000        0x0 ./src/main.o
 .data          0x0000000000000000        0x0 ./src/main.o
 .bss           0x0000000000000000        0x0 ./src/main.o
 .rodata.LPC_GPIO
                0x0000000000000000       0x10 ./src/main.o
 .debug_macro   0x0000000000000000      0x832 ./src/main.o
 .debug_macro   0x0000000000000000       0x1c ./src/main.o
 .debug_macro   0x0000000000000000       0x22 ./src/main.o
 .debug_macro   0x0000000000000000       0x10 ./src/main.o
 .debug_macro   0x0000000000000000      0x12d ./src/main.o
 .debug_macro   0x0000000000000000      0x5b2 ./src/main.o
 .debug_macro   0x0000000000000000      0x37a ./src/main.o
 .debug_macro   0x0000000000000000       0x8d ./src/main.o
 .debug_macro   0x0000000000000000      0x123 ./src/main.o
 .debug_macro   0x0000000000000000       0x3a ./src/main.o
 .debug_macro   0x0000000000000000       0x2e ./src/main.o
 .debug_macro   0x0000000000000000       0x46 ./src/main.o
 .debug_macro   0x0000000000000000       0x22 ./src/main.o
 .debug_macro   0x0000000000000000       0x40 ./src/main.o
 .debug_macro   0x0000000000000000       0x46 ./src/main.o
 .debug_macro   0x0000000000000000       0xa6 ./src/main.o
 .debug_macro   0x0000000000000000       0xa0 ./src/main.o
 .group         0x0000000000000000        0x8 ./driver/adc.o
 .group         0x0000000000000000        0x8 ./driver/adc.o
 .group         0x0000000000000000        0x8 ./driver/adc.o
 .group         0x0000000000000000        0x8 ./driver/adc.o
 .group         0x0000000000000000        0x8 ./driver/adc.o
 .group         0x0000000000000000        0x8 ./driver/adc.o
 .group         0x0000000000000000        0x8 ./driver/adc.o
 .group         0x0000000000000000        0x8 ./driver/adc.o
 .group         0x0000000000000000        0x8 ./driver/adc.o
 .group         0x0000000000000000        0x8 ./driver/adc.o
 .group         0x0000000000000000        0x8 ./driver/adc.o
 .group         0x0000000000000000        0x8 ./driver/adc.o
 .text          0x0000000000000000        0x0 ./driver/adc.o
 .data          0x0000000000000000        0x0 ./driver/adc.o
 .bss           0x0000000000000000        0x0 ./driver/adc.o
 .text.ADCBurstRead
                0x0000000000000000       0x44 ./driver/adc.o
 .debug_macro   0x0000000000000000      0x832 ./driver/adc.o
 .debug_macro   0x0000000000000000       0x1c ./driver/adc.o
 .debug_macro   0x0000000000000000       0x22 ./driver/adc.o
 .debug_macro   0x0000000000000000       0x10 ./driver/adc.o
 .debug_macro   0x0000000000000000      0x12d ./driver/adc.o
 .debug_macro   0x0000000000000000      0x5b2 ./driver/adc.o
 .debug_macro   0x0000000000000000      0x37a ./driver/adc.o
 .debug_macro   0x0000000000000000       0x8d ./driver/adc.o
 .debug_macro   0x0000000000000000      0x123 ./driver/adc.o
 .debug_macro   0x0000000000000000       0x3a ./driver/adc.o
 .debug_macro   0x0000000000000000       0x40 ./driver/adc.o
 .debug_macro   0x0000000000000000       0x46 ./driver/adc.o
 .group         0x0000000000000000        0x8 ./driver/can.o
 .group         0x0000000000000000        0x8 ./driver/can.o
 .group         0x0000000000000000        0x8 ./driver/can.o
 .group         0x0000000000000000        0x8 ./driver/can.o
 .group         0x0000000000000000        0x8 ./driver/can.o
 .group         0x0000000000000000        0x8 ./driver/can.o
 .group         0x0000000000000000        0x8 ./driver/can.o
 .group         0x0000000000000000        0x8 ./driver/can.o
 .group         0x0000000000000000        0x8 ./driver/can.o
 .group         0x0000000000000000        0x8 ./driver/can.o
 .text          0x0000000000000000        0x0 ./driver/can.o
 .data          0x0000000000000000        0x0 ./driver/can.o
 .bss           0x0000000000000000        0x0 ./driver/can.o
 .debug_info    0x0000000000000000       0x6f ./driver/can.o
 .debug_abbrev  0x0000000000000000       0x29 ./driver/can.o
 .debug_aranges
                0x0000000000000000       0x18 ./driver/can.o
 .debug_macro   0x0000000000000000       0x70 ./driver/can.o
 .debug_macro   0x0000000000000000      0x832 ./driver/can.o
 .debug_macro   0x0000000000000000       0x1c ./driver/can.o
 .debug_macro   0x0000000000000000       0x22 ./driver/can.o
 .debug_macro   0x0000000000000000       0x10 ./driver/can.o
 .debug_macro   0x0000000000000000      0x12d ./driver/can.o
 .debug_macro   0x0000000000000000      0x5b2 ./driver/can.o
 .debug_macro   0x0000000000000000      0x37a ./driver/can.o
 .debug_macro   0x0000000000000000       0x8d ./driver/can.o
 .debug_macro   0x0000000000000000      0x123 ./driver/can.o
 .debug_macro   0x0000000000000000       0x3a ./driver/can.o
 .debug_line    0x0000000000000000      0x151 ./driver/can.o
 .debug_str     0x0000000000000000     0x5a58 ./driver/can.o
 .comment       0x0000000000000000       0x71 ./driver/can.o
 .ARM.attributes
                0x0000000000000000       0x31 ./driver/can.o
 .group         0x0000000000000000        0x8 ./driver/clkconfig.o
 .group         0x0000000000000000        0x8 ./driver/clkconfig.o
 .group         0x0000000000000000        0x8 ./driver/clkconfig.o
 .group         0x0000000000000000        0x8 ./driver/clkconfig.o
 .group         0x0000000000000000        0x8 ./driver/clkconfig.o
 .group         0x0000000000000000        0x8 ./driver/clkconfig.o
 .group         0x0000000000000000        0x8 ./driver/clkconfig.o
 .group         0x0000000000000000        0x8 ./driver/clkconfig.o
 .group         0x0000000000000000        0x8 ./driver/clkconfig.o
 .group         0x0000000000000000        0x8 ./driver/clkconfig.o
 .text          0x0000000000000000        0x0 ./driver/clkconfig.o
 .data          0x0000000000000000        0x0 ./driver/clkconfig.o
 .bss           0x0000000000000000        0x0 ./driver/clkconfig.o
 .debug_info    0x0000000000000000       0x6f ./driver/clkconfig.o
 .debug_abbrev  0x0000000000000000       0x29 ./driver/clkconfig.o
 .debug_aranges
                0x0000000000000000       0x18 ./driver/clkconfig.o
 .debug_macro   0x0000000000000000       0x70 ./driver/clkconfig.o
 .debug_macro   0x0000000000000000      0x832 ./driver/clkconfig.o
 .debug_macro   0x0000000000000000       0x1c ./driver/clkconfig.o
 .debug_macro   0x0000000000000000       0x22 ./driver/clkconfig.o
 .debug_macro   0x0000000000000000       0x10 ./driver/clkconfig.o
 .debug_macro   0x0000000000000000      0x12d ./driver/clkconfig.o
 .debug_macro   0x0000000000000000      0x5b2 ./driver/clkconfig.o
 .debug_macro   0x0000000000000000      0x37a ./driver/clkconfig.o
 .debug_macro   0x0000000000000000       0x8d ./driver/clkconfig.o
 .debug_macro   0x0000000000000000      0x123 ./driver/clkconfig.o
 .debug_macro   0x0000000000000000       0x3a ./driver/clkconfig.o
 .debug_line    0x0000000000000000      0x157 ./driver/clkconfig.o
 .debug_str     0x0000000000000000     0x5a5e ./driver/clkconfig.o
 .comment       0x0000000000000000       0x71 ./driver/clkconfig.o
 .ARM.attributes
                0x0000000000000000       0x31 ./driver/clkconfig.o
 .group         0x0000000000000000        0x8 ./driver/crp.o
 .group         0x0000000000000000        0x8 ./driver/crp.o
 .group         0x0000000000000000        0x8 ./driver/crp.o
 .group         0x0000000000000000        0x8 ./driver/crp.o
 .group         0x0000000000000000        0x8 ./driver/crp.o
 .group         0x0000000000000000        0x8 ./driver/crp.o
 .group         0x0000000000000000        0x8 ./driver/crp.o
 .group         0x0000000000000000        0x8 ./driver/crp.o
 .group         0x0000000000000000        0x8 ./driver/crp.o
 .group         0x0000000000000000        0x8 ./driver/crp.o
 .group         0x0000000000000000        0x8 ./driver/crp.o
 .group         0x0000000000000000        0x8 ./driver/crp.o
 .text          0x0000000000000000        0x0 ./driver/crp.o
 .data          0x0000000000000000        0x0 ./driver/crp.o
 .bss           0x0000000000000000        0x0 ./driver/crp.o
 .debug_macro   0x0000000000000000      0x832 ./driver/crp.o
 .debug_macro   0x0000000000000000       0x1c ./driver/crp.o
 .debug_macro   0x0000000000000000       0x22 ./driver/crp.o
 .debug_macro   0x0000000000000000       0x10 ./driver/crp.o
 .debug_macro   0x0000000000000000      0x12d ./driver/crp.o
 .debug_macro   0x0000000000000000      0x5b2 ./driver/crp.o
 .debug_macro   0x0000000000000000      0x37a ./driver/crp.o
 .debug_macro   0x0000000000000000       0x8d ./driver/crp.o
 .debug_macro   0x0000000000000000      0x123 ./driver/crp.o
 .debug_macro   0x0000000000000000       0x3a ./driver/crp.o
 .debug_macro   0x0000000000000000       0x40 ./driver/crp.o
 .group         0x0000000000000000        0x8 ./driver/debug_printf.o
 .group         0x0000000000000000        0x8 ./driver/debug_printf.o
 .group         0x0000000000000000        0x8 ./driver/debug_printf.o
 .group         0x0000000000000000        0x8 ./driver/debug_printf.o
 .group         0x0000000000000000        0x8 ./driver/debug_printf.o
 .group         0x0000000000000000        0x8 ./driver/debug_printf.o
 .group         0x0000000000000000        0x8 ./driver/debug_printf.o
 .group         0x0000000000000000        0x8 ./driver/debug_printf.o
 .group         0x0000000000000000        0x8 ./driver/debug_printf.o
 .group         0x0000000000000000        0x8 ./driver/debug_printf.o
 .text          0x0000000000000000        0x0 ./driver/debug_printf.o
 .data          0x0000000000000000        0x0 ./driver/debug_printf.o
 .bss           0x0000000000000000        0x0 ./driver/debug_printf.o
 .debug_info    0x0000000000000000       0x6f ./driver/debug_printf.o
 .debug_abbrev  0x0000000000000000       0x29 ./driver/debug_printf.o
 .debug_aranges
                0x0000000000000000       0x18 ./driver/debug_printf.o
 .debug_macro   0x0000000000000000       0x70 ./driver/debug_printf.o
 .debug_macro   0x0000000000000000      0x832 ./driver/debug_printf.o
 .debug_macro   0x0000000000000000       0x1c ./driver/debug_printf.o
 .debug_macro   0x0000000000000000       0x22 ./driver/debug_printf.o
 .debug_macro   0x0000000000000000       0x10 ./driver/debug_printf.o
 .debug_macro   0x0000000000000000      0x12d ./driver/debug_printf.o
 .debug_macro   0x0000000000000000      0x5b2 ./driver/debug_printf.o
 .debug_macro   0x0000000000000000      0x37a ./driver/debug_printf.o
 .debug_macro   0x0000000000000000       0x8d ./driver/debug_printf.o
 .debug_macro   0x0000000000000000      0x123 ./driver/debug_printf.o
 .debug_macro   0x0000000000000000       0x3a ./driver/debug_printf.o
 .debug_line    0x0000000000000000      0x15a ./driver/debug_printf.o
 .debug_str     0x0000000000000000     0x5a61 ./driver/debug_printf.o
 .comment       0x0000000000000000       0x71 ./driver/debug_printf.o
 .ARM.attributes
                0x0000000000000000       0x31 ./driver/debug_printf.o
 .group         0x0000000000000000        0x8 ./driver/gpio.o
 .group         0x0000000000000000        0x8 ./driver/gpio.o
 .group         0x0000000000000000        0x8 ./driver/gpio.o
 .group         0x0000000000000000        0x8 ./driver/gpio.o
 .group         0x0000000000000000        0x8 ./driver/gpio.o
 .group         0x0000000000000000        0x8 ./driver/gpio.o
 .group         0x0000000000000000        0x8 ./driver/gpio.o
 .group         0x0000000000000000        0x8 ./driver/gpio.o
 .group         0x0000000000000000        0x8 ./driver/gpio.o
 .group         0x0000000000000000        0x8 ./driver/gpio.o
 .group         0x0000000000000000        0x8 ./driver/gpio.o
 .text          0x0000000000000000        0x0 ./driver/gpio.o
 .data          0x0000000000000000        0x0 ./driver/gpio.o
 .bss           0x0000000000000000        0x0 ./driver/gpio.o
 .text.GPIOSetInterrupt
                0x0000000000000000      0x2ec ./driver/gpio.o
 .text.GPIOIntEnable
                0x0000000000000000       0x98 ./driver/gpio.o
 .text.GPIOIntDisable
                0x0000000000000000       0xa0 ./driver/gpio.o
 .text.GPIOIntStatus
                0x0000000000000000       0xa4 ./driver/gpio.o
 .text.GPIOIntClear
                0x0000000000000000       0x98 ./driver/gpio.o
 .debug_macro   0x0000000000000000      0x832 ./driver/gpio.o
 .debug_macro   0x0000000000000000       0x1c ./driver/gpio.o
 .debug_macro   0x0000000000000000       0x22 ./driver/gpio.o
 .debug_macro   0x0000000000000000       0x10 ./driver/gpio.o
 .debug_macro   0x0000000000000000      0x12d ./driver/gpio.o
 .debug_macro   0x0000000000000000      0x5b2 ./driver/gpio.o
 .debug_macro   0x0000000000000000      0x37a ./driver/gpio.o
 .debug_macro   0x0000000000000000       0x8d ./driver/gpio.o
 .debug_macro   0x0000000000000000      0x123 ./driver/gpio.o
 .debug_macro   0x0000000000000000       0x3a ./driver/gpio.o
 .debug_macro   0x0000000000000000       0x22 ./driver/gpio.o
 .group         0x0000000000000000        0x8 ./driver/i2c.o
 .group         0x0000000000000000        0x8 ./driver/i2c.o
 .group         0x0000000000000000        0x8 ./driver/i2c.o
 .group         0x0000000000000000        0x8 ./driver/i2c.o
 .group         0x0000000000000000        0x8 ./driver/i2c.o
 .group         0x0000000000000000        0x8 ./driver/i2c.o
 .group         0x0000000000000000        0x8 ./driver/i2c.o
 .group         0x0000000000000000        0x8 ./driver/i2c.o
 .group         0x0000000000000000        0x8 ./driver/i2c.o
 .group         0x0000000000000000        0x8 ./driver/i2c.o
 .text          0x0000000000000000        0x0 ./driver/i2c.o
 .data          0x0000000000000000        0x0 ./driver/i2c.o
 .bss           0x0000000000000000        0x0 ./driver/i2c.o
 .debug_info    0x0000000000000000       0x6f ./driver/i2c.o
 .debug_abbrev  0x0000000000000000       0x29 ./driver/i2c.o
 .debug_aranges
                0x0000000000000000       0x18 ./driver/i2c.o
 .debug_macro   0x0000000000000000       0x70 ./driver/i2c.o
 .debug_macro   0x0000000000000000      0x832 ./driver/i2c.o
 .debug_macro   0x0000000000000000       0x1c ./driver/i2c.o
 .debug_macro   0x0000000000000000       0x22 ./driver/i2c.o
 .debug_macro   0x0000000000000000       0x10 ./driver/i2c.o
 .debug_macro   0x0000000000000000      0x12d ./driver/i2c.o
 .debug_macro   0x0000000000000000      0x5b2 ./driver/i2c.o
 .debug_macro   0x0000000000000000      0x37a ./driver/i2c.o
 .debug_macro   0x0000000000000000       0x8d ./driver/i2c.o
 .debug_macro   0x0000000000000000      0x123 ./driver/i2c.o
 .debug_macro   0x0000000000000000       0x3a ./driver/i2c.o
 .debug_line    0x0000000000000000      0x151 ./driver/i2c.o
 .debug_str     0x0000000000000000     0x5a58 ./driver/i2c.o
 .comment       0x0000000000000000       0x71 ./driver/i2c.o
 .ARM.attributes
                0x0000000000000000       0x31 ./driver/i2c.o
 .group         0x0000000000000000        0x8 ./driver/i2cslave.o
 .group         0x0000000000000000        0x8 ./driver/i2cslave.o
 .group         0x0000000000000000        0x8 ./driver/i2cslave.o
 .group         0x0000000000000000        0x8 ./driver/i2cslave.o
 .group         0x0000000000000000        0x8 ./driver/i2cslave.o
 .group         0x0000000000000000        0x8 ./driver/i2cslave.o
 .group         0x0000000000000000        0x8 ./driver/i2cslave.o
 .group         0x0000000000000000        0x8 ./driver/i2cslave.o
 .group         0x0000000000000000        0x8 ./driver/i2cslave.o
 .group         0x0000000000000000        0x8 ./driver/i2cslave.o
 .text          0x0000000000000000        0x0 ./driver/i2cslave.o
 .data          0x0000000000000000        0x0 ./driver/i2cslave.o
 .bss           0x0000000000000000        0x0 ./driver/i2cslave.o
 .debug_info    0x0000000000000000       0x6f ./driver/i2cslave.o
 .debug_abbrev  0x0000000000000000       0x29 ./driver/i2cslave.o
 .debug_aranges
                0x0000000000000000       0x18 ./driver/i2cslave.o
 .debug_macro   0x0000000000000000       0x70 ./driver/i2cslave.o
 .debug_macro   0x0000000000000000      0x832 ./driver/i2cslave.o
 .debug_macro   0x0000000000000000       0x1c ./driver/i2cslave.o
 .debug_macro   0x0000000000000000       0x22 ./driver/i2cslave.o
 .debug_macro   0x0000000000000000       0x10 ./driver/i2cslave.o
 .debug_macro   0x0000000000000000      0x12d ./driver/i2cslave.o
 .debug_macro   0x0000000000000000      0x5b2 ./driver/i2cslave.o
 .debug_macro   0x0000000000000000      0x37a ./driver/i2cslave.o
 .debug_macro   0x0000000000000000       0x8d ./driver/i2cslave.o
 .debug_macro   0x0000000000000000      0x123 ./driver/i2cslave.o
 .debug_macro   0x0000000000000000       0x3a ./driver/i2cslave.o
 .debug_line    0x0000000000000000      0x156 ./driver/i2cslave.o
 .debug_str     0x0000000000000000     0x5a5d ./driver/i2cslave.o
 .comment       0x0000000000000000       0x71 ./driver/i2cslave.o
 .ARM.attributes
                0x0000000000000000       0x31 ./driver/i2cslave.o
 .group         0x0000000000000000        0x8 ./driver/lpc_swu.o
 .group         0x0000000000000000        0x8 ./driver/lpc_swu.o
 .group         0x0000000000000000        0x8 ./driver/lpc_swu.o
 .group         0x0000000000000000        0x8 ./driver/lpc_swu.o
 .group         0x0000000000000000        0x8 ./driver/lpc_swu.o
 .group         0x0000000000000000        0x8 ./driver/lpc_swu.o
 .group         0x0000000000000000        0x8 ./driver/lpc_swu.o
 .group         0x0000000000000000        0x8 ./driver/lpc_swu.o
 .group         0x0000000000000000        0x8 ./driver/lpc_swu.o
 .group         0x0000000000000000        0x8 ./driver/lpc_swu.o
 .text          0x0000000000000000        0x0 ./driver/lpc_swu.o
 .data          0x0000000000000000        0x0 ./driver/lpc_swu.o
 .bss           0x0000000000000000        0x0 ./driver/lpc_swu.o
 .debug_info    0x0000000000000000       0x6f ./driver/lpc_swu.o
 .debug_abbrev  0x0000000000000000       0x29 ./driver/lpc_swu.o
 .debug_aranges
                0x0000000000000000       0x18 ./driver/lpc_swu.o
 .debug_macro   0x0000000000000000       0x70 ./driver/lpc_swu.o
 .debug_macro   0x0000000000000000      0x832 ./driver/lpc_swu.o
 .debug_macro   0x0000000000000000       0x1c ./driver/lpc_swu.o
 .debug_macro   0x0000000000000000       0x22 ./driver/lpc_swu.o
 .debug_macro   0x0000000000000000       0x10 ./driver/lpc_swu.o
 .debug_macro   0x0000000000000000      0x12d ./driver/lpc_swu.o
 .debug_macro   0x0000000000000000      0x5b2 ./driver/lpc_swu.o
 .debug_macro   0x0000000000000000      0x37a ./driver/lpc_swu.o
 .debug_macro   0x0000000000000000       0x8d ./driver/lpc_swu.o
 .debug_macro   0x0000000000000000      0x123 ./driver/lpc_swu.o
 .debug_macro   0x0000000000000000       0x3a ./driver/lpc_swu.o
 .debug_line    0x0000000000000000      0x155 ./driver/lpc_swu.o
 .debug_str     0x0000000000000000     0x5a5c ./driver/lpc_swu.o
 .comment       0x0000000000000000       0x71 ./driver/lpc_swu.o
 .ARM.attributes
                0x0000000000000000       0x31 ./driver/lpc_swu.o
 .group         0x0000000000000000        0x8 ./driver/rs485.o
 .group         0x0000000000000000        0x8 ./driver/rs485.o
 .group         0x0000000000000000        0x8 ./driver/rs485.o
 .group         0x0000000000000000        0x8 ./driver/rs485.o
 .group         0x0000000000000000        0x8 ./driver/rs485.o
 .group         0x0000000000000000        0x8 ./driver/rs485.o
 .group         0x0000000000000000        0x8 ./driver/rs485.o
 .group         0x0000000000000000        0x8 ./driver/rs485.o
 .group         0x0000000000000000        0x8 ./driver/rs485.o
 .group         0x0000000000000000        0x8 ./driver/rs485.o
 .text          0x0000000000000000        0x0 ./driver/rs485.o
 .data          0x0000000000000000        0x0 ./driver/rs485.o
 .bss           0x0000000000000000        0x0 ./driver/rs485.o
 .debug_info    0x0000000000000000       0x6f ./driver/rs485.o
 .debug_abbrev  0x0000000000000000       0x29 ./driver/rs485.o
 .debug_aranges
                0x0000000000000000       0x18 ./driver/rs485.o
 .debug_macro   0x0000000000000000       0x70 ./driver/rs485.o
 .debug_macro   0x0000000000000000      0x832 ./driver/rs485.o
 .debug_macro   0x0000000000000000       0x1c ./driver/rs485.o
 .debug_macro   0x0000000000000000       0x22 ./driver/rs485.o
 .debug_macro   0x0000000000000000       0x10 ./driver/rs485.o
 .debug_macro   0x0000000000000000      0x12d ./driver/rs485.o
 .debug_macro   0x0000000000000000      0x5b2 ./driver/rs485.o
 .debug_macro   0x0000000000000000      0x37a ./driver/rs485.o
 .debug_macro   0x0000000000000000       0x8d ./driver/rs485.o
 .debug_macro   0x0000000000000000      0x123 ./driver/rs485.o
 .debug_macro   0x0000000000000000       0x3a ./driver/rs485.o
 .debug_line    0x0000000000000000      0x153 ./driver/rs485.o
 .debug_str     0x0000000000000000     0x5a5a ./driver/rs485.o
 .comment       0x0000000000000000       0x71 ./driver/rs485.o
 .ARM.attributes
                0x0000000000000000       0x31 ./driver/rs485.o
 .group         0x0000000000000000        0x8 ./driver/small_gpio.o
 .group         0x0000000000000000        0x8 ./driver/small_gpio.o
 .group         0x0000000000000000        0x8 ./driver/small_gpio.o
 .group         0x0000000000000000        0x8 ./driver/small_gpio.o
 .group         0x0000000000000000        0x8 ./driver/small_gpio.o
 .group         0x0000000000000000        0x8 ./driver/small_gpio.o
 .group         0x0000000000000000        0x8 ./driver/small_gpio.o
 .group         0x0000000000000000        0x8 ./driver/small_gpio.o
 .group         0x0000000000000000        0x8 ./driver/small_gpio.o
 .group         0x0000000000000000        0x8 ./driver/small_gpio.o
 .text          0x0000000000000000        0x0 ./driver/small_gpio.o
 .data          0x0000000000000000        0x0 ./driver/small_gpio.o
 .bss           0x0000000000000000        0x0 ./driver/small_gpio.o
 .debug_info    0x0000000000000000       0x6f ./driver/small_gpio.o
 .debug_abbrev  0x0000000000000000       0x29 ./driver/small_gpio.o
 .debug_aranges
                0x0000000000000000       0x18 ./driver/small_gpio.o
 .debug_macro   0x0000000000000000       0x70 ./driver/small_gpio.o
 .debug_macro   0x0000000000000000      0x832 ./driver/small_gpio.o
 .debug_macro   0x0000000000000000       0x1c ./driver/small_gpio.o
 .debug_macro   0x0000000000000000       0x22 ./driver/small_gpio.o
 .debug_macro   0x0000000000000000       0x10 ./driver/small_gpio.o
 .debug_macro   0x0000000000000000      0x12d ./driver/small_gpio.o
 .debug_macro   0x0000000000000000      0x5b2 ./driver/small_gpio.o
 .debug_macro   0x0000000000000000      0x37a ./driver/small_gpio.o
 .debug_macro   0x0000000000000000       0x8d ./driver/small_gpio.o
 .debug_macro   0x0000000000000000      0x123 ./driver/small_gpio.o
 .debug_macro   0x0000000000000000       0x3a ./driver/small_gpio.o
 .debug_line    0x0000000000000000      0x158 ./driver/small_gpio.o
 .debug_str     0x0000000000000000     0x5a5f ./driver/small_gpio.o
 .comment       0x0000000000000000       0x71 ./driver/small_gpio.o
 .ARM.attributes
                0x0000000000000000       0x31 ./driver/small_gpio.o
 .group         0x0000000000000000        0x8 ./driver/ssp.o
 .group         0x0000000000000000        0x8 ./driver/ssp.o
 .group         0x0000000000000000        0x8 ./driver/ssp.o
 .group         0x0000000000000000        0x8 ./driver/ssp.o
 .group         0x0000000000000000        0x8 ./driver/ssp.o
 .group         0x0000000000000000        0x8 ./driver/ssp.o
 .group         0x0000000000000000        0x8 ./driver/ssp.o
 .group         0x0000000000000000        0x8 ./driver/ssp.o
 .group         0x0000000000000000        0x8 ./driver/ssp.o
 .group         0x0000000000000000        0x8 ./driver/ssp.o
 .text          0x0000000000000000        0x0 ./driver/ssp.o
 .data          0x0000000000000000        0x0 ./driver/ssp.o
 .bss           0x0000000000000000        0x0 ./driver/ssp.o
 .debug_info    0x0000000000000000       0x6f ./driver/ssp.o
 .debug_abbrev  0x0000000000000000       0x29 ./driver/ssp.o
 .debug_aranges
                0x0000000000000000       0x18 ./driver/ssp.o
 .debug_macro   0x0000000000000000       0x70 ./driver/ssp.o
 .debug_macro   0x0000000000000000      0x832 ./driver/ssp.o
 .debug_macro   0x0000000000000000       0x1c ./driver/ssp.o
 .debug_macro   0x0000000000000000       0x22 ./driver/ssp.o
 .debug_macro   0x0000000000000000       0x10 ./driver/ssp.o
 .debug_macro   0x0000000000000000      0x12d ./driver/ssp.o
 .debug_macro   0x0000000000000000      0x5b2 ./driver/ssp.o
 .debug_macro   0x0000000000000000      0x37a ./driver/ssp.o
 .debug_macro   0x0000000000000000       0x8d ./driver/ssp.o
 .debug_macro   0x0000000000000000      0x123 ./driver/ssp.o
 .debug_macro   0x0000000000000000       0x3a ./driver/ssp.o
 .debug_line    0x0000000000000000      0x151 ./driver/ssp.o
 .debug_str     0x0000000000000000     0x5a58 ./driver/ssp.o
 .comment       0x0000000000000000       0x71 ./driver/ssp.o
 .ARM.attributes
                0x0000000000000000       0x31 ./driver/ssp.o
 .group         0x0000000000000000        0x8 ./driver/timer16.o
 .group         0x0000000000000000        0x8 ./driver/timer16.o
 .group         0x0000000000000000        0x8 ./driver/timer16.o
 .group         0x0000000000000000        0x8 ./driver/timer16.o
 .group         0x0000000000000000        0x8 ./driver/timer16.o
 .group         0x0000000000000000        0x8 ./driver/timer16.o
 .group         0x0000000000000000        0x8 ./driver/timer16.o
 .group         0x0000000000000000        0x8 ./driver/timer16.o
 .group         0x0000000000000000        0x8 ./driver/timer16.o
 .group         0x0000000000000000        0x8 ./driver/timer16.o
 .text          0x0000000000000000        0x0 ./driver/timer16.o
 .data          0x0000000000000000        0x0 ./driver/timer16.o
 .bss           0x0000000000000000        0x0 ./driver/timer16.o
 .debug_info    0x0000000000000000       0x6f ./driver/timer16.o
 .debug_abbrev  0x0000000000000000       0x29 ./driver/timer16.o
 .debug_aranges
                0x0000000000000000       0x18 ./driver/timer16.o
 .debug_macro   0x0000000000000000       0x7a ./driver/timer16.o
 .debug_macro   0x0000000000000000      0x832 ./driver/timer16.o
 .debug_macro   0x0000000000000000       0x1c ./driver/timer16.o
 .debug_macro   0x0000000000000000       0x22 ./driver/timer16.o
 .debug_macro   0x0000000000000000       0x10 ./driver/timer16.o
 .debug_macro   0x0000000000000000      0x12d ./driver/timer16.o
 .debug_macro   0x0000000000000000      0x5b2 ./driver/timer16.o
 .debug_macro   0x0000000000000000      0x37a ./driver/timer16.o
 .debug_macro   0x0000000000000000       0x8d ./driver/timer16.o
 .debug_macro   0x0000000000000000      0x123 ./driver/timer16.o
 .debug_macro   0x0000000000000000       0x3a ./driver/timer16.o
 .debug_line    0x0000000000000000      0x162 ./driver/timer16.o
 .debug_str     0x0000000000000000     0x5a69 ./driver/timer16.o
 .comment       0x0000000000000000       0x71 ./driver/timer16.o
 .ARM.attributes
                0x0000000000000000       0x31 ./driver/timer16.o
 .group         0x0000000000000000        0x8 ./driver/timer32.o
 .group         0x0000000000000000        0x8 ./driver/timer32.o
 .group         0x0000000000000000        0x8 ./driver/timer32.o
 .group         0x0000000000000000        0x8 ./driver/timer32.o
 .group         0x0000000000000000        0x8 ./driver/timer32.o
 .group         0x0000000000000000        0x8 ./driver/timer32.o
 .group         0x0000000000000000        0x8 ./driver/timer32.o
 .group         0x0000000000000000        0x8 ./driver/timer32.o
 .group         0x0000000000000000        0x8 ./driver/timer32.o
 .group         0x0000000000000000        0x8 ./driver/timer32.o
 .group         0x0000000000000000        0x8 ./driver/timer32.o
 .text          0x0000000000000000        0x0 ./driver/timer32.o
 .data          0x0000000000000000        0x0 ./driver/timer32.o
 .bss           0x0000000000000000        0x0 ./driver/timer32.o
 .text.NVIC_EnableIRQ
                0x0000000000000000       0x2c ./driver/timer32.o
 .text.delay32Ms
                0x0000000000000000       0xdc ./driver/timer32.o
 .text.reset_timer32
                0x0000000000000000       0x50 ./driver/timer32.o
 .text.init_timer32
                0x0000000000000000      0x134 ./driver/timer32.o
 .text.setMatch_timer32PWM
                0x0000000000000000       0xa0 ./driver/timer32.o
 .debug_macro   0x0000000000000000      0x832 ./driver/timer32.o
 .debug_macro   0x0000000000000000       0x1c ./driver/timer32.o
 .debug_macro   0x0000000000000000       0x22 ./driver/timer32.o
 .debug_macro   0x0000000000000000       0x10 ./driver/timer32.o
 .debug_macro   0x0000000000000000      0x12d ./driver/timer32.o
 .debug_macro   0x0000000000000000      0x5b2 ./driver/timer32.o
 .debug_macro   0x0000000000000000      0x37a ./driver/timer32.o
 .debug_macro   0x0000000000000000       0x8d ./driver/timer32.o
 .debug_macro   0x0000000000000000      0x123 ./driver/timer32.o
 .debug_macro   0x0000000000000000       0x3a ./driver/timer32.o
 .debug_macro   0x0000000000000000       0x46 ./driver/timer32.o
 .group         0x0000000000000000        0x8 ./driver/uart.o
 .group         0x0000000000000000        0x8 ./driver/uart.o
 .group         0x0000000000000000        0x8 ./driver/uart.o
 .group         0x0000000000000000        0x8 ./driver/uart.o
 .group         0x0000000000000000        0x8 ./driver/uart.o
 .group         0x0000000000000000        0x8 ./driver/uart.o
 .group         0x0000000000000000        0x8 ./driver/uart.o
 .group         0x0000000000000000        0x8 ./driver/uart.o
 .group         0x0000000000000000        0x8 ./driver/uart.o
 .group         0x0000000000000000        0x8 ./driver/uart.o
 .group         0x0000000000000000        0x8 ./driver/uart.o
 .text          0x0000000000000000        0x0 ./driver/uart.o
 .data          0x0000000000000000        0x0 ./driver/uart.o
 .bss           0x0000000000000000        0x0 ./driver/uart.o
 .text.ModemInit
                0x0000000000000000       0xd0 ./driver/uart.o
 .debug_macro   0x0000000000000000      0x832 ./driver/uart.o
 .debug_macro   0x0000000000000000       0x1c ./driver/uart.o
 .debug_macro   0x0000000000000000       0x22 ./driver/uart.o
 .debug_macro   0x0000000000000000       0x10 ./driver/uart.o
 .debug_macro   0x0000000000000000      0x12d ./driver/uart.o
 .debug_macro   0x0000000000000000      0x5b2 ./driver/uart.o
 .debug_macro   0x0000000000000000      0x37a ./driver/uart.o
 .debug_macro   0x0000000000000000       0x8d ./driver/uart.o
 .debug_macro   0x0000000000000000      0x123 ./driver/uart.o
 .debug_macro   0x0000000000000000       0x3a ./driver/uart.o
 .debug_macro   0x0000000000000000       0xa6 ./driver/uart.o
 .group         0x0000000000000000        0x8 ./driver/wdt.o
 .group         0x0000000000000000        0x8 ./driver/wdt.o
 .group         0x0000000000000000        0x8 ./driver/wdt.o
 .group         0x0000000000000000        0x8 ./driver/wdt.o
 .group         0x0000000000000000        0x8 ./driver/wdt.o
 .group         0x0000000000000000        0x8 ./driver/wdt.o
 .group         0x0000000000000000        0x8 ./driver/wdt.o
 .group         0x0000000000000000        0x8 ./driver/wdt.o
 .group         0x0000000000000000        0x8 ./driver/wdt.o
 .group         0x0000000000000000        0x8 ./driver/wdt.o
 .text          0x0000000000000000        0x0 ./driver/wdt.o
 .data          0x0000000000000000        0x0 ./driver/wdt.o
 .bss           0x0000000000000000        0x0 ./driver/wdt.o
 .debug_info    0x0000000000000000       0x6f ./driver/wdt.o
 .debug_abbrev  0x0000000000000000       0x29 ./driver/wdt.o
 .debug_aranges
                0x0000000000000000       0x18 ./driver/wdt.o
 .debug_macro   0x0000000000000000       0x7a ./driver/wdt.o
 .debug_macro   0x0000000000000000      0x832 ./driver/wdt.o
 .debug_macro   0x0000000000000000       0x1c ./driver/wdt.o
 .debug_macro   0x0000000000000000       0x22 ./driver/wdt.o
 .debug_macro   0x0000000000000000       0x10 ./driver/wdt.o
 .debug_macro   0x0000000000000000      0x12d ./driver/wdt.o
 .debug_macro   0x0000000000000000      0x5b2 ./driver/wdt.o
 .debug_macro   0x0000000000000000      0x37a ./driver/wdt.o
 .debug_macro   0x0000000000000000       0x8d ./driver/wdt.o
 .debug_macro   0x0000000000000000      0x123 ./driver/wdt.o
 .debug_macro   0x0000000000000000       0x3a ./driver/wdt.o
 .debug_line    0x0000000000000000      0x15a ./driver/wdt.o
 .debug_str     0x0000000000000000     0x5a61 ./driver/wdt.o
 .comment       0x0000000000000000       0x71 ./driver/wdt.o
 .ARM.attributes
                0x0000000000000000       0x31 ./driver/wdt.o
 .group         0x0000000000000000        0x8 ./cmsis/core_cm0.o
 .group         0x0000000000000000        0x8 ./cmsis/core_cm0.o
 .group         0x0000000000000000        0x8 ./cmsis/core_cm0.o
 .group         0x0000000000000000        0x8 ./cmsis/core_cm0.o
 .text          0x0000000000000000        0x0 ./cmsis/core_cm0.o
 .data          0x0000000000000000        0x0 ./cmsis/core_cm0.o
 .bss           0x0000000000000000        0x0 ./cmsis/core_cm0.o
 .text.__get_PSP
                0x0000000000000000        0x8 ./cmsis/core_cm0.o
 .text.__set_PSP
                0x0000000000000000        0x6 ./cmsis/core_cm0.o
 .text.__get_MSP
                0x0000000000000000        0x8 ./cmsis/core_cm0.o
 .text.__set_MSP
                0x0000000000000000        0x6 ./cmsis/core_cm0.o
 .text.__get_PRIMASK
                0x0000000000000000        0x6 ./cmsis/core_cm0.o
 .text.__set_PRIMASK
                0x0000000000000000        0x6 ./cmsis/core_cm0.o
 .text.__get_CONTROL
                0x0000000000000000        0x6 ./cmsis/core_cm0.o
 .text.__set_CONTROL
                0x0000000000000000        0x6 ./cmsis/core_cm0.o
 .text.__REV    0x0000000000000000        0x4 ./cmsis/core_cm0.o
 .text.__REV16  0x0000000000000000        0x4 ./cmsis/core_cm0.o
 .text.__REVSH  0x0000000000000000        0x4 ./cmsis/core_cm0.o
 .debug_info    0x0000000000000000      0x289 ./cmsis/core_cm0.o
 .debug_abbrev  0x0000000000000000       0xb7 ./cmsis/core_cm0.o
 .debug_loc     0x0000000000000000      0x13c ./cmsis/core_cm0.o
 .debug_aranges
                0x0000000000000000       0x70 ./cmsis/core_cm0.o
 .debug_ranges  0x0000000000000000       0x60 ./cmsis/core_cm0.o
 .debug_macro   0x0000000000000000       0x48 ./cmsis/core_cm0.o
 .debug_macro   0x0000000000000000      0x838 ./cmsis/core_cm0.o
 .debug_macro   0x0000000000000000       0x10 ./cmsis/core_cm0.o
 .debug_macro   0x0000000000000000      0x12d ./cmsis/core_cm0.o
 .debug_macro   0x0000000000000000      0x5b2 ./cmsis/core_cm0.o
 .debug_line    0x0000000000000000      0x1ce ./cmsis/core_cm0.o
 .debug_str     0x0000000000000000     0x3b9b ./cmsis/core_cm0.o
 .comment       0x0000000000000000       0x71 ./cmsis/core_cm0.o
 .debug_frame   0x0000000000000000       0xc0 ./cmsis/core_cm0.o
 .ARM.attributes
                0x0000000000000000       0x31 ./cmsis/core_cm0.o
 .group         0x0000000000000000        0x8 ./cmsis/system_LPC11xx.o
 .group         0x0000000000000000        0x8 ./cmsis/system_LPC11xx.o
 .group         0x0000000000000000        0x8 ./cmsis/system_LPC11xx.o
 .group         0x0000000000000000        0x8 ./cmsis/system_LPC11xx.o
 .group         0x0000000000000000        0x8 ./cmsis/system_LPC11xx.o
 .group         0x0000000000000000        0x8 ./cmsis/system_LPC11xx.o
 .group         0x0000000000000000        0x8 ./cmsis/system_LPC11xx.o
 .group         0x0000000000000000        0x8 ./cmsis/system_LPC11xx.o
 .text          0x0000000000000000        0x0 ./cmsis/system_LPC11xx.o
 .data          0x0000000000000000        0x0 ./cmsis/system_LPC11xx.o
 .bss           0x0000000000000000        0x0 ./cmsis/system_LPC11xx.o
 .debug_macro   0x0000000000000000      0x838 ./cmsis/system_LPC11xx.o
 .debug_macro   0x0000000000000000       0x10 ./cmsis/system_LPC11xx.o
 .debug_macro   0x0000000000000000      0x12d ./cmsis/system_LPC11xx.o
 .debug_macro   0x0000000000000000      0x5b2 ./cmsis/system_LPC11xx.o
 .debug_macro   0x0000000000000000       0x1c ./cmsis/system_LPC11xx.o
 .debug_macro   0x0000000000000000       0x8d ./cmsis/system_LPC11xx.o
 .debug_macro   0x0000000000000000      0x123 ./cmsis/system_LPC11xx.o
 .text          0x0000000000000000        0x0 /Applications/lpcxpresso_7.9.0_455/lpcxpresso/tools/bin/../lib/gcc/arm-none-eabi/4.9.3/../../../../arm-none-eabi/lib/armv6-m/libcr_c.a(__weak__main.o)
 .data          0x0000000000000000        0x0 /Applications/lpcxpresso_7.9.0_455/lpcxpresso/tools/bin/../lib/gcc/arm-none-eabi/4.9.3/../../../../arm-none-eabi/lib/armv6-m/libcr_c.a(__weak__main.o)
 .bss           0x0000000000000000        0x0 /Applications/lpcxpresso_7.9.0_455/lpcxpresso/tools/bin/../lib/gcc/arm-none-eabi/4.9.3/../../../../arm-none-eabi/lib/armv6-m/libcr_c.a(__weak__main.o)
 .text          0x0000000000000000        0x0 /Applications/lpcxpresso_7.9.0_455/lpcxpresso/tools/bin/../lib/gcc/arm-none-eabi/4.9.3/armv6-m/libcr_eabihelpers.a(division_32.o)
 .data          0x0000000000000000        0x0 /Applications/lpcxpresso_7.9.0_455/lpcxpresso/tools/bin/../lib/gcc/arm-none-eabi/4.9.3/armv6-m/libcr_eabihelpers.a(division_32.o)
 .bss           0x0000000000000000        0x0 /Applications/lpcxpresso_7.9.0_455/lpcxpresso/tools/bin/../lib/gcc/arm-none-eabi/4.9.3/armv6-m/libcr_eabihelpers.a(division_32.o)
 .text          0x0000000000000000        0x0 /Applications/lpcxpresso_7.9.0_455/lpcxpresso/tools/bin/../lib/gcc/arm-none-eabi/4.9.3/armv6-m/libcr_eabihelpers.a(division_idiv0.o)
 .data          0x0000000000000000        0x0 /Applications/lpcxpresso_7.9.0_455/lpcxpresso/tools/bin/../lib/gcc/arm-none-eabi/4.9.3/armv6-m/libcr_eabihelpers.a(division_idiv0.o)
 .bss           0x0000000000000000        0x0 /Applications/lpcxpresso_7.9.0_455/lpcxpresso/tools/bin/../lib/gcc/arm-none-eabi/4.9.3/armv6-m/libcr_eabihelpers.a(division_idiv0.o)
 .text          0x0000000000000000        0x0 /Applications/lpcxpresso_7.9.0_455/lpcxpresso/tools/bin/../lib/gcc/arm-none-eabi/4.9.3/armv6-m/libcr_eabihelpers.a(float.o)
 .data          0x0000000000000000        0x0 /Applications/lpcxpresso_7.9.0_455/lpcxpresso/tools/bin/../lib/gcc/arm-none-eabi/4.9.3/armv6-m/libcr_eabihelpers.a(float.o)
 .bss           0x0000000000000000        0x0 /Applications/lpcxpresso_7.9.0_455/lpcxpresso/tools/bin/../lib/gcc/arm-none-eabi/4.9.3/armv6-m/libcr_eabihelpers.a(float.o)
 .text.__aeabi_fsub
                0x0000000000000000      0x128 /Applications/lpcxpresso_7.9.0_455/lpcxpresso/tools/bin/../lib/gcc/arm-none-eabi/4.9.3/armv6-m/libcr_eabihelpers.a(float.o)
 .text.__aeabi_fadd
                0x0000000000000000       0xbc /Applications/lpcxpresso_7.9.0_455/lpcxpresso/tools/bin/../lib/gcc/arm-none-eabi/4.9.3/armv6-m/libcr_eabihelpers.a(float.o)
 .text.__aeabi_frsub
                0x0000000000000000       0x10 /Applications/lpcxpresso_7.9.0_455/lpcxpresso/tools/bin/../lib/gcc/arm-none-eabi/4.9.3/armv6-m/libcr_eabihelpers.a(float.o)
 .text.__aeabi_fneg
                0x0000000000000000        0x8 /Applications/lpcxpresso_7.9.0_455/lpcxpresso/tools/bin/../lib/gcc/arm-none-eabi/4.9.3/armv6-m/libcr_eabihelpers.a(float.o)
 .text.__aeabi_f2uiz
                0x0000000000000000       0x28 /Applications/lpcxpresso_7.9.0_455/lpcxpresso/tools/bin/../lib/gcc/arm-none-eabi/4.9.3/armv6-m/libcr_eabihelpers.a(float.o)
 .text.__aeabi_f2lz
                0x0000000000000000       0x60 /Applications/lpcxpresso_7.9.0_455/lpcxpresso/tools/bin/../lib/gcc/arm-none-eabi/4.9.3/armv6-m/libcr_eabihelpers.a(float.o)
 .text.__aeabi_f2ulz
                0x0000000000000000       0x3e /Applications/lpcxpresso_7.9.0_455/lpcxpresso/tools/bin/../lib/gcc/arm-none-eabi/4.9.3/armv6-m/libcr_eabihelpers.a(float.o)
 .text.__bhs_ui2f
                0x0000000000000000       0x60 /Applications/lpcxpresso_7.9.0_455/lpcxpresso/tools/bin/../lib/gcc/arm-none-eabi/4.9.3/armv6-m/libcr_eabihelpers.a(float.o)
 .text.__bhs_ul2f
                0x0000000000000000       0x82 /Applications/lpcxpresso_7.9.0_455/lpcxpresso/tools/bin/../lib/gcc/arm-none-eabi/4.9.3/armv6-m/libcr_eabihelpers.a(float.o)
 .text.__aeabi_i2f
                0x0000000000000000       0x16 /Applications/lpcxpresso_7.9.0_455/lpcxpresso/tools/bin/../lib/gcc/arm-none-eabi/4.9.3/armv6-m/libcr_eabihelpers.a(float.o)
 .text.__aeabi_ui2f
                0x0000000000000000        0xc /Applications/lpcxpresso_7.9.0_455/lpcxpresso/tools/bin/../lib/gcc/arm-none-eabi/4.9.3/armv6-m/libcr_eabihelpers.a(float.o)
 .text.__aeabi_l2f
                0x0000000000000000       0x20 /Applications/lpcxpresso_7.9.0_455/lpcxpresso/tools/bin/../lib/gcc/arm-none-eabi/4.9.3/armv6-m/libcr_eabihelpers.a(float.o)
 .text.__aeabi_ul2f
                0x0000000000000000        0xc /Applications/lpcxpresso_7.9.0_455/lpcxpresso/tools/bin/../lib/gcc/arm-none-eabi/4.9.3/armv6-m/libcr_eabihelpers.a(float.o)
 .text.__aeabi_f2d
                0x0000000000000000       0x40 /Applications/lpcxpresso_7.9.0_455/lpcxpresso/tools/bin/../lib/gcc/arm-none-eabi/4.9.3/armv6-m/libcr_eabihelpers.a(float.o)
 .text.__aeabi_fcmpeq
                0x0000000000000000       0x20 /Applications/lpcxpresso_7.9.0_455/lpcxpresso/tools/bin/../lib/gcc/arm-none-eabi/4.9.3/armv6-m/libcr_eabihelpers.a(float.o)
 .text.__aeabi_fcmplt
                0x0000000000000000       0x42 /Applications/lpcxpresso_7.9.0_455/lpcxpresso/tools/bin/../lib/gcc/arm-none-eabi/4.9.3/armv6-m/libcr_eabihelpers.a(float.o)
 .text.__aeabi_fcmpgt
                0x0000000000000000       0x3e /Applications/lpcxpresso_7.9.0_455/lpcxpresso/tools/bin/../lib/gcc/arm-none-eabi/4.9.3/armv6-m/libcr_eabihelpers.a(float.o)
 .text.__aeabi_fcmple
                0x0000000000000000       0x40 /Applications/lpcxpresso_7.9.0_455/lpcxpresso/tools/bin/../lib/gcc/arm-none-eabi/4.9.3/armv6-m/libcr_eabihelpers.a(float.o)
 .text.__aeabi_fcmpge
                0x0000000000000000       0x3c /Applications/lpcxpresso_7.9.0_455/lpcxpresso/tools/bin/../lib/gcc/arm-none-eabi/4.9.3/armv6-m/libcr_eabihelpers.a(float.o)
 .text.__aeabi_fcmpun
                0x0000000000000000       0x16 /Applications/lpcxpresso_7.9.0_455/lpcxpresso/tools/bin/../lib/gcc/arm-none-eabi/4.9.3/armv6-m/libcr_eabihelpers.a(float.o)
 .text.__aeabi_cfcmple
                0x0000000000000000       0x24 /Applications/lpcxpresso_7.9.0_455/lpcxpresso/tools/bin/../lib/gcc/arm-none-eabi/4.9.3/armv6-m/libcr_eabihelpers.a(float.o)
 .text.__aeabi_cfrcmple
                0x0000000000000000        0xe /Applications/lpcxpresso_7.9.0_455/lpcxpresso/tools/bin/../lib/gcc/arm-none-eabi/4.9.3/armv6-m/libcr_eabihelpers.a(float.o)
 .text          0x0000000000000000        0x0 /Applications/lpcxpresso_7.9.0_455/lpcxpresso/tools/bin/../lib/gcc/arm-none-eabi/4.9.3/armv6-m/libcr_eabihelpers.a(llong.o)
 .data          0x0000000000000000        0x0 /Applications/lpcxpresso_7.9.0_455/lpcxpresso/tools/bin/../lib/gcc/arm-none-eabi/4.9.3/armv6-m/libcr_eabihelpers.a(llong.o)
 .bss           0x0000000000000000        0x0 /Applications/lpcxpresso_7.9.0_455/lpcxpresso/tools/bin/../lib/gcc/arm-none-eabi/4.9.3/armv6-m/libcr_eabihelpers.a(llong.o)
 .text.__aeabi_llong_llsl
                0x0000000000000000       0x18 /Applications/lpcxpresso_7.9.0_455/lpcxpresso/tools/bin/../lib/gcc/arm-none-eabi/4.9.3/armv6-m/libcr_eabihelpers.a(llong.o)
 .text.__aeabi_llong_llsr
                0x0000000000000000       0x18 /Applications/lpcxpresso_7.9.0_455/lpcxpresso/tools/bin/../lib/gcc/arm-none-eabi/4.9.3/armv6-m/libcr_eabihelpers.a(llong.o)
 .text.__aeabi_llong_lasr
                0x0000000000000000       0x18 /Applications/lpcxpresso_7.9.0_455/lpcxpresso/tools/bin/../lib/gcc/arm-none-eabi/4.9.3/armv6-m/libcr_eabihelpers.a(llong.o)
 .text.__aeabi_llong_lcmp
                0x0000000000000000       0x14 /Applications/lpcxpresso_7.9.0_455/lpcxpresso/tools/bin/../lib/gcc/arm-none-eabi/4.9.3/armv6-m/libcr_eabihelpers.a(llong.o)
 .text.__aeabi_llong_ulcmp
                0x0000000000000000       0x10 /Applications/lpcxpresso_7.9.0_455/lpcxpresso/tools/bin/../lib/gcc/arm-none-eabi/4.9.3/armv6-m/libcr_eabihelpers.a(llong.o)

Memory Configuration

Name             Origin             Length             Attributes
MFlash32         0x0000000000000000 0x0000000000008000 xr
RamLoc8          0x0000000010000000 0x0000000000002000 xrw
*default*        0x0000000000000000 0xffffffffffffffff

Linker script and memory map

LOAD ./startup/cr_startup_lpc11.o
LOAD ./src/lock.o
LOAD ./src/main.o
LOAD ./driver/adc.o
LOAD ./driver/can.o
LOAD ./driver/clkconfig.o
LOAD ./driver/crp.o
LOAD ./driver/debug_printf.o
LOAD ./driver/gpio.o
LOAD ./driver/i2c.o
LOAD ./driver/i2cslave.o
LOAD ./driver/lpc_swu.o
LOAD ./driver/rs485.o
LOAD ./driver/small_gpio.o
LOAD ./driver/ssp.o
LOAD ./driver/timer16.o
LOAD ./driver/timer32.o
LOAD ./driver/uart.o
LOAD ./driver/wdt.o
LOAD ./cmsis/core_cm0.o
LOAD ./cmsis/system_LPC11xx.o
START GROUP
LOAD /Applications/lpcxpresso_7.9.0_455/lpcxpresso/tools/bin/../lib/gcc/arm-none-eabi/4.9.3/../../../../arm-none-eabi/lib/armv6-m/libcr_c.a
LOAD /Applications/lpcxpresso_7.9.0_455/lpcxpresso/tools/bin/../lib/gcc/arm-none-eabi/4.9.3/../../../../arm-none-eabi/lib/armv6-m/libcr_semihost.a
LOAD /Applications/lpcxpresso_7.9.0_455/lpcxpresso/tools/bin/../lib/gcc/arm-none-eabi/4.9.3/armv6-m/libcr_eabihelpers.a
END GROUP
                0x0000000000008000                __top_MFlash32 = 0x8000
                0x0000000010002000                __top_RamLoc8 = 0x10002000

.text           0x0000000000000000     0x1214
 FILL mask 0xff
 *(.isr_vector)
 .isr_vector    0x0000000000000000       0xc0 ./startup/cr_startup_lpc11.o
                0x0000000000000000                g_pfnVectors
 *(.text.Reset_Handler .text.SystemInit)
 .text.SystemInit
                0x00000000000000c0       0xac ./cmsis/system_LPC11xx.o
                0x00000000000000c0                SystemInit
                0x00000000000002fc                . = 0x2fc
 *fill*         0x000000000000016c      0x190 ff
 *(.crp)
 .crp           0x00000000000002fc        0x4 ./driver/crp.o
                0x00000000000002fc                CRP_WORD
 *(.text*)
 .text.ResetISR
                0x0000000000000300       0x60 ./startup/cr_startup_lpc11.o
                0x0000000000000300                ResetISR
 .text.NMI_Handler
                0x0000000000000360        0x8 ./startup/cr_startup_lpc11.o
                0x0000000000000360                NMI_Handler
 .text.HardFault_Handler
                0x0000000000000368        0x8 ./startup/cr_startup_lpc11.o
                0x0000000000000368                HardFault_Handler
 .text.SVCall_Handler
                0x0000000000000370        0x8 ./startup/cr_startup_lpc11.o
                0x0000000000000370                SVCall_Handler
 .text.PendSV_Handler
                0x0000000000000378        0x8 ./startup/cr_startup_lpc11.o
                0x0000000000000378                PendSV_Handler
 .text.SysTick_Handler
                0x0000000000000380        0x8 ./startup/cr_startup_lpc11.o
                0x0000000000000380                SysTick_Handler
 .text.IntDefaultHandler
                0x0000000000000388        0x8 ./startup/cr_startup_lpc11.o
                0x0000000000000388                PIOINT3_IRQHandler
                0x0000000000000388                TIMER32_1_IRQHandler
                0x0000000000000388                IntDefaultHandler
                0x0000000000000388                PIOINT1_IRQHandler
                0x0000000000000388                CAN_IRQHandler
                0x0000000000000388                SSP0_IRQHandler
                0x0000000000000388                TIMER16_1_IRQHandler
                0x0000000000000388                SSP1_IRQHandler
                0x0000000000000388                PIOINT2_IRQHandler
                0x0000000000000388                BOD_IRQHandler
                0x0000000000000388                WAKEUP_IRQHandler
                0x0000000000000388                PIOINT0_IRQHandler
                0x0000000000000388                I2C_IRQHandler
                0x0000000000000388                WDT_IRQHandler
                0x0000000000000388                TIMER16_0_IRQHandler
 .text.lock     0x0000000000000390       0x6c ./src/lock.o
                0x0000000000000390                lock
 .text.unlock   0x00000000000003fc       0x6c ./src/lock.o
                0x00000000000003fc                unlock
 .text.freq     0x0000000000000468       0x44 ./src/lock.o
                0x0000000000000468                freq
 .text.delay    0x00000000000004ac       0x24 ./src/lock.o
                0x00000000000004ac                delay
 .text.initLED  0x00000000000004d0       0x44 ./src/lock.o
                0x00000000000004d0                initLED
 .text.main     0x0000000000000514       0x80 ./src/main.o
                0x0000000000000514                main
 .text.ADC_IRQHandler
                0x0000000000000594       0xe4 ./driver/adc.o
                0x0000000000000594                ADC_IRQHandler
 .text.ADCInit  0x0000000000000678      0x120 ./driver/adc.o
                0x0000000000000678                ADCInit
 .text.ADCRead  0x0000000000000798       0x98 ./driver/adc.o
                0x0000000000000798                ADCRead
 .text.GPIOInit
                0x0000000000000830       0x20 ./driver/gpio.o
                0x0000000000000830                GPIOInit
 .text.GPIOSetValue
                0x0000000000000850       0x34 ./driver/gpio.o
                0x0000000000000850                GPIOSetValue
 .text.GPIOSetDir
                0x0000000000000884       0x6c ./driver/gpio.o
                0x0000000000000884                GPIOSetDir
 .text.TIMER32_0_IRQHandler
                0x00000000000008f0       0x4c ./driver/timer32.o
                0x00000000000008f0                TIMER32_0_IRQHandler
 .text.enable_timer32
                0x000000000000093c       0x34 ./driver/timer32.o
                0x000000000000093c                enable_timer32
 .text.disable_timer32
                0x0000000000000970       0x34 ./driver/timer32.o
                0x0000000000000970                disable_timer32
 .text.init_timer32PWM
                0x00000000000009a4      0x21c ./driver/timer32.o
                0x00000000000009a4                init_timer32PWM
 .text.NVIC_EnableIRQ
                0x0000000000000bc0       0x2c ./driver/uart.o
 .text.NVIC_DisableIRQ
                0x0000000000000bec       0x30 ./driver/uart.o
 .text.UART_IRQHandler
                0x0000000000000c1c      0x110 ./driver/uart.o
                0x0000000000000c1c                UART_IRQHandler
 .text.UARTInit
                0x0000000000000d2c      0x114 ./driver/uart.o
                0x0000000000000d2c                UARTInit
 .text.UARTSend
                0x0000000000000e40       0x40 ./driver/uart.o
                0x0000000000000e40                UARTSend
 .text.SystemCoreClockUpdate
                0x0000000000000e80       0xb0 ./cmsis/system_LPC11xx.o
                0x0000000000000e80                SystemCoreClockUpdate
 .text.__weak_main
                0x0000000000000f30        0x8 /Applications/lpcxpresso_7.9.0_455/lpcxpresso/tools/bin/../lib/gcc/arm-none-eabi/4.9.3/../../../../arm-none-eabi/lib/armv6-m/libcr_c.a(__weak__main.o)
                0x0000000000000f30                __main
                0x0000000000000f30                __weak_main
 .text.__aeabi_division_idivmod
                0x0000000000000f38       0x78 /Applications/lpcxpresso_7.9.0_455/lpcxpresso/tools/bin/../lib/gcc/arm-none-eabi/4.9.3/armv6-m/libcr_eabihelpers.a(division_32.o)
                0x0000000000000f38                __aeabi_idiv
                0x0000000000000f38                __aeabi_idivmod
                0x0000000000000f3e                __aeabi_uidiv
                0x0000000000000f3e                __aeabi_uidivmod
 .text.__aeabi_division_idiv0
                0x0000000000000fb0        0x2 /Applications/lpcxpresso_7.9.0_455/lpcxpresso/tools/bin/../lib/gcc/arm-none-eabi/4.9.3/armv6-m/libcr_eabihelpers.a(division_idiv0.o)
                0x0000000000000fb0                __aeabi_idiv0
 *fill*         0x0000000000000fb2        0x2 
 .text.__aeabi_fmul
                0x0000000000000fb4       0xc0 /Applications/lpcxpresso_7.9.0_455/lpcxpresso/tools/bin/../lib/gcc/arm-none-eabi/4.9.3/armv6-m/libcr_eabihelpers.a(float.o)
                0x0000000000000fb4                __aeabi_fmul
 .text.__aeabi_fdiv
                0x0000000000001074       0xe8 /Applications/lpcxpresso_7.9.0_455/lpcxpresso/tools/bin/../lib/gcc/arm-none-eabi/4.9.3/armv6-m/libcr_eabihelpers.a(float.o)
                0x0000000000001074                __aeabi_fdiv
 .text.__aeabi_f2iz
                0x000000000000115c       0x38 /Applications/lpcxpresso_7.9.0_455/lpcxpresso/tools/bin/../lib/gcc/arm-none-eabi/4.9.3/armv6-m/libcr_eabihelpers.a(float.o)
                0x000000000000115c                __aeabi_f2iz
 .text.__aeabi_llong_lmul
                0x0000000000001194       0x2e /Applications/lpcxpresso_7.9.0_455/lpcxpresso/tools/bin/../lib/gcc/arm-none-eabi/4.9.3/armv6-m/libcr_eabihelpers.a(llong.o)
                0x0000000000001194                __aeabi_lmul
 *(.rodata*)
 *fill*         0x00000000000011c2        0x2 
 .rodata.LPC_GPIO
                0x00000000000011c4       0x10 ./driver/gpio.o
 .rodata.CSWTCH.8
                0x00000000000011d4       0x40 ./cmsis/system_LPC11xx.o

.glue_7         0x0000000000001214        0x0
 .glue_7        0x0000000000000000        0x0 linker stubs

.glue_7t        0x0000000000001214        0x0
 .glue_7t       0x0000000000000000        0x0 linker stubs

.vfp11_veneer   0x0000000000001214        0x0
 .vfp11_veneer  0x0000000000000000        0x0 linker stubs

.v4_bx          0x0000000000001214        0x0
 .v4_bx         0x0000000000000000        0x0 linker stubs

.iplt           0x0000000000001214        0x0
 .iplt          0x0000000000000000        0x0 ./startup/cr_startup_lpc11.o

.rel.dyn        0x0000000000001214        0x0
 .rel.iplt      0x0000000000000000        0x0 ./startup/cr_startup_lpc11.o

.ARM.extab
 *(.ARM.extab* .gnu.linkonce.armextab.*)
                0x0000000000001214                __exidx_start = .

.ARM.exidx
 *(.ARM.exidx* .gnu.linkonce.armexidx.*)
                0x0000000000001214                __exidx_end = .
                0x0000000000001214                _etext = .

.data           0x0000000010000000        0x8 load address 0x0000000000001214
                0x0000000010000000                _data = .
 *(vtable)
 *(.data*)
 .data.UARTTxEmpty
                0x0000000010000000        0x1 ./driver/uart.o
                0x0000000010000000                UARTTxEmpty
 *fill*         0x0000000010000001        0x3 
 .data.SystemCoreClock
                0x0000000010000004        0x4 ./cmsis/system_LPC11xx.o
                0x0000000010000004                SystemCoreClock
                0x0000000010000008                _edata = .

.igot.plt       0x0000000010000008        0x0 load address 0x000000000000121c
 .igot.plt      0x0000000000000000        0x0 ./startup/cr_startup_lpc11.o

.bss            0x0000000010000008       0x80 load address 0x000000000000121c
                0x0000000010000008                _bss = .
 *(.bss*)
 .bss.ADCIntDone
                0x0000000010000008        0x4 ./driver/adc.o
                0x0000000010000008                ADCIntDone
 .bss.OverRunCounter
                0x000000001000000c        0x4 ./driver/adc.o
                0x000000001000000c                OverRunCounter
 .bss.timer32_0_period
                0x0000000010000010        0x4 ./driver/timer32.o
                0x0000000010000010                timer32_0_period
 .bss.timer32_0_counter
                0x0000000010000014        0x4 ./driver/timer32.o
                0x0000000010000014                timer32_0_counter
 .bss.timer32_0_capture
                0x0000000010000018        0x4 ./driver/timer32.o
                0x0000000010000018                timer32_0_capture
 .bss.timer32_1_period
                0x000000001000001c        0x4 ./driver/timer32.o
                0x000000001000001c                timer32_1_period
 .bss.UARTCount
                0x0000000010000020        0x4 ./driver/uart.o
                0x0000000010000020                UARTCount
 *(COMMON)
 COMMON         0x0000000010000024       0x20 ./driver/adc.o
                0x0000000010000024                ADCValue
 COMMON         0x0000000010000044       0x44 ./driver/uart.o
                0x0000000010000044                UARTBuffer
                0x0000000010000084                UARTStatus
                0x0000000010000088                _ebss = .

.cr_heap        0x0000000010000088        0x0 load address 0x000000000000121c
                0x0000000010000088                end = .
                0x0000000010000088                _pvHeapStart = .
                0x0000000010002000                _vRamTop = __top_RamLoc8
                0x0000000010002000                _vStackTop = _vRamTop
OUTPUT(lock.axf elf32-littlearm)

.debug_info     0x0000000000000000     0x327c
 .debug_info    0x0000000000000000      0x186 ./startup/cr_startup_lpc11.o
 .debug_info    0x0000000000000186      0x26f ./src/lock.o
 .debug_info    0x00000000000003f5      0x378 ./src/main.o
 .debug_info    0x000000000000076d      0x7ee ./driver/adc.o
 .debug_info    0x0000000000000f5b       0x90 ./driver/crp.o
 .debug_info    0x0000000000000feb      0x737 ./driver/gpio.o
 .debug_info    0x0000000000001722      0xb3c ./driver/timer32.o
 .debug_info    0x000000000000225e      0xb3c ./driver/uart.o
 .debug_info    0x0000000000002d9a      0x4e2 ./cmsis/system_LPC11xx.o

.debug_abbrev   0x0000000000000000      0xbed
 .debug_abbrev  0x0000000000000000       0xb9 ./startup/cr_startup_lpc11.o
 .debug_abbrev  0x00000000000000b9      0x16c ./src/lock.o
 .debug_abbrev  0x0000000000000225      0x14b ./src/main.o
 .debug_abbrev  0x0000000000000370      0x181 ./driver/adc.o
 .debug_abbrev  0x00000000000004f1       0x4e ./driver/crp.o
 .debug_abbrev  0x000000000000053f      0x1bb ./driver/gpio.o
 .debug_abbrev  0x00000000000006fa      0x1d8 ./driver/timer32.o
 .debug_abbrev  0x00000000000008d2      0x1d0 ./driver/uart.o
 .debug_abbrev  0x0000000000000aa2      0x14b ./cmsis/system_LPC11xx.o

.debug_aranges  0x0000000000000000      0x228
 .debug_aranges
                0x0000000000000000       0x50 ./startup/cr_startup_lpc11.o
 .debug_aranges
                0x0000000000000050       0x40 ./src/lock.o
 .debug_aranges
                0x0000000000000090       0x20 ./src/main.o
 .debug_aranges
                0x00000000000000b0       0x38 ./driver/adc.o
 .debug_aranges
                0x00000000000000e8       0x18 ./driver/crp.o
 .debug_aranges
                0x0000000000000100       0x58 ./driver/gpio.o
 .debug_aranges
                0x0000000000000158       0x60 ./driver/timer32.o
 .debug_aranges
                0x00000000000001b8       0x48 ./driver/uart.o
 .debug_aranges
                0x0000000000000200       0x28 ./cmsis/system_LPC11xx.o

.debug_ranges   0x0000000000000000      0x190
 .debug_ranges  0x0000000000000000       0x40 ./startup/cr_startup_lpc11.o
 .debug_ranges  0x0000000000000040       0x30 ./src/lock.o
 .debug_ranges  0x0000000000000070       0x10 ./src/main.o
 .debug_ranges  0x0000000000000080       0x28 ./driver/adc.o
 .debug_ranges  0x00000000000000a8       0x48 ./driver/gpio.o
 .debug_ranges  0x00000000000000f0       0x50 ./driver/timer32.o
 .debug_ranges  0x0000000000000140       0x38 ./driver/uart.o
 .debug_ranges  0x0000000000000178       0x18 ./cmsis/system_LPC11xx.o

.debug_macro    0x0000000000000000     0x2079
 .debug_macro   0x0000000000000000       0x57 ./startup/cr_startup_lpc11.o
 .debug_macro   0x0000000000000057      0x832 ./startup/cr_startup_lpc11.o
 .debug_macro   0x0000000000000889       0x10 ./startup/cr_startup_lpc11.o
 .debug_macro   0x0000000000000899      0x12d ./startup/cr_startup_lpc11.o
 .debug_macro   0x00000000000009c6      0x5b2 ./startup/cr_startup_lpc11.o
 .debug_macro   0x0000000000000f78       0x87 ./startup/cr_startup_lpc11.o
 .debug_macro   0x0000000000000fff       0xc9 ./src/lock.o
 .debug_macro   0x00000000000010c8       0x1c ./src/lock.o
 .debug_macro   0x00000000000010e4       0x22 ./src/lock.o
 .debug_macro   0x0000000000001106      0x37a ./src/lock.o
 .debug_macro   0x0000000000001480       0x8d ./src/lock.o
 .debug_macro   0x000000000000150d      0x123 ./src/lock.o
 .debug_macro   0x0000000000001630       0x3a ./src/lock.o
 .debug_macro   0x000000000000166a       0x2e ./src/lock.o
 .debug_macro   0x0000000000001698       0x46 ./src/lock.o
 .debug_macro   0x00000000000016de       0x22 ./src/lock.o
 .debug_macro   0x0000000000001700       0x40 ./src/lock.o
 .debug_macro   0x0000000000001740       0x46 ./src/lock.o
 .debug_macro   0x0000000000001786       0xa6 ./src/lock.o
 .debug_macro   0x000000000000182c       0xa0 ./src/lock.o
 .debug_macro   0x00000000000018cc       0xc9 ./src/main.o
 .debug_macro   0x0000000000001995       0x88 ./driver/adc.o
 .debug_macro   0x0000000000001a1d       0x88 ./driver/crp.o
 .debug_macro   0x0000000000001aa5       0x28 ./driver/crp.o
 .debug_macro   0x0000000000001acd       0x79 ./driver/gpio.o
 .debug_macro   0x0000000000001b46       0x79 ./driver/timer32.o
 .debug_macro   0x0000000000001bbf       0x79 ./driver/uart.o
 .debug_macro   0x0000000000001c38       0xa9 ./cmsis/system_LPC11xx.o
 .debug_macro   0x0000000000001ce1      0x398 ./cmsis/system_LPC11xx.o

.debug_line     0x0000000000000000     0x1259
 .debug_line    0x0000000000000000      0x1db ./startup/cr_startup_lpc11.o
 .debug_line    0x00000000000001db      0x21f ./src/lock.o
 .debug_line    0x00000000000003fa      0x1c9 ./src/main.o
 .debug_line    0x00000000000005c3      0x204 ./driver/adc.o
 .debug_line    0x00000000000007c7      0x15a ./driver/crp.o
 .debug_line    0x0000000000000921      0x284 ./driver/gpio.o
 .debug_line    0x0000000000000ba5      0x2bc ./driver/timer32.o
 .debug_line    0x0000000000000e61      0x23a ./driver/uart.o
 .debug_line    0x000000000000109b      0x1be ./cmsis/system_LPC11xx.o

.debug_str      0x0000000000000000     0x6e76
 .debug_str     0x0000000000000000     0x3cf6 ./startup/cr_startup_lpc11.o
                                       0x3d81 (size before relaxing)
 .debug_str     0x0000000000003cf6     0x2451 ./src/lock.o
                                       0x60cf (size before relaxing)
 .debug_str     0x0000000000006147       0x6f ./src/main.o
                                       0x610b (size before relaxing)
 .debug_str     0x00000000000061b6      0x4a0 ./driver/adc.o
                                       0x6020 (size before relaxing)
 .debug_str     0x0000000000006656       0xbf ./driver/crp.o
                                       0x5b10 (size before relaxing)
 .debug_str     0x0000000000006715       0xa5 ./driver/gpio.o
                                       0x5df3 (size before relaxing)
 .debug_str     0x00000000000067ba      0x341 ./driver/timer32.o
                                       0x626b (size before relaxing)
 .debug_str     0x0000000000006afb       0x9b ./driver/uart.o
                                       0x6312 (size before relaxing)
 .debug_str     0x0000000000006b96      0x2e0 ./cmsis/system_LPC11xx.o
                                       0x5e03 (size before relaxing)

.comment        0x0000000000000000       0xe0
 .comment       0x0000000000000000       0x70 ./startup/cr_startup_lpc11.o
                                         0x71 (size before relaxing)
 .comment       0x0000000000000000       0x71 ./src/lock.o
 .comment       0x0000000000000000       0x71 ./src/main.o
 .comment       0x0000000000000000       0x71 ./driver/adc.o
 .comment       0x0000000000000000       0x71 ./driver/crp.o
 .comment       0x0000000000000000       0x71 ./driver/gpio.o
 .comment       0x0000000000000000       0x71 ./driver/timer32.o
 .comment       0x0000000000000000       0x71 ./driver/uart.o
 .comment       0x0000000000000000       0x71 ./cmsis/system_LPC11xx.o
 .comment       0x0000000000000070       0x70 /Applications/lpcxpresso_7.9.0_455/lpcxpresso/tools/bin/../lib/gcc/arm-none-eabi/4.9.3/../../../../arm-none-eabi/lib/armv6-m/libcr_c.a(__weak__main.o)
                                         0x71 (size before relaxing)
 .comment       0x0000000000000000       0x71 /Applications/lpcxpresso_7.9.0_455/lpcxpresso/tools/bin/../lib/gcc/arm-none-eabi/4.9.3/armv6-m/libcr_eabihelpers.a(float.o)

.ARM.attributes
                0x0000000000000000       0x2f
 .ARM.attributes
                0x0000000000000000       0x31 ./startup/cr_startup_lpc11.o
 .ARM.attributes
                0x0000000000000031       0x31 ./src/lock.o
 .ARM.attributes
                0x0000000000000062       0x31 ./src/main.o
 .ARM.attributes
                0x0000000000000093       0x31 ./driver/adc.o
 .ARM.attributes
                0x00000000000000c4       0x31 ./driver/crp.o
 .ARM.attributes
                0x00000000000000f5       0x31 ./driver/gpio.o
 .ARM.attributes
                0x0000000000000126       0x31 ./driver/timer32.o
 .ARM.attributes
                0x0000000000000157       0x31 ./driver/uart.o
 .ARM.attributes
                0x0000000000000188       0x31 ./cmsis/system_LPC11xx.o
 .ARM.attributes
                0x00000000000001b9       0x31 /Applications/lpcxpresso_7.9.0_455/lpcxpresso/tools/bin/../lib/gcc/arm-none-eabi/4.9.3/../../../../arm-none-eabi/lib/armv6-m/libcr_c.a(__weak__main.o)
 .ARM.attributes
                0x00000000000001ea       0x21 /Applications/lpcxpresso_7.9.0_455/lpcxpresso/tools/bin/../lib/gcc/arm-none-eabi/4.9.3/armv6-m/libcr_eabihelpers.a(division_32.o)
 .ARM.attributes
                0x000000000000020b       0x21 /Applications/lpcxpresso_7.9.0_455/lpcxpresso/tools/bin/../lib/gcc/arm-none-eabi/4.9.3/armv6-m/libcr_eabihelpers.a(division_idiv0.o)
 .ARM.attributes
                0x000000000000022c       0x31 /Applications/lpcxpresso_7.9.0_455/lpcxpresso/tools/bin/../lib/gcc/arm-none-eabi/4.9.3/armv6-m/libcr_eabihelpers.a(float.o)
 .ARM.attributes
                0x000000000000025d       0x21 /Applications/lpcxpresso_7.9.0_455/lpcxpresso/tools/bin/../lib/gcc/arm-none-eabi/4.9.3/armv6-m/libcr_eabihelpers.a(llong.o)

.debug_frame    0x0000000000000000      0x588
 .debug_frame   0x0000000000000000       0xd8 ./startup/cr_startup_lpc11.o
 .debug_frame   0x00000000000000d8       0xac ./src/lock.o
 .debug_frame   0x0000000000000184       0x2c ./src/main.o
 .debug_frame   0x00000000000001b0       0x8c ./driver/adc.o
 .debug_frame   0x000000000000023c      0x10c ./driver/gpio.o
 .debug_frame   0x0000000000000348      0x12c ./driver/timer32.o
 .debug_frame   0x0000000000000474       0xcc ./driver/uart.o
 .debug_frame   0x0000000000000540       0x48 ./cmsis/system_LPC11xx.o

.debug_loc      0x0000000000000000       0x84
 .debug_loc     0x0000000000000000       0x84 ./cmsis/system_LPC11xx.o
