15:14:17 **** Incremental Build of configuration Debug for project power_api_demo ****
make -r all 
Building file: ../src/power_api_demo.c
Invoking: MCU C Compiler
arm-none-eabi-gcc -D__REDLIB__ -DDEBUG -D__CODE_RED -DTARGET_SHORTCHIP=lpc11 -DTARGET_CHIP=LPC1114/302 -I"/Users/Rane/LPCXpresso/lab4/power_api_demo/cmsis" -I"/Users/Rane/LPCXpresso/lab4/power_api_demo/config" -I"/Users/Rane/LPCXpresso/lab4/power_api_demo/startup" -I"/Users/Rane/LPCXpresso/lab4/power_api_demo/driver" -O0 -g3 -Wall -c -fmessage-length=0 -fno-builtin -ffunction-sections -fdata-sections -mcpu=cortex-m0 -mthumb -D__REDLIB__ -specs=redlib.specs -MMD -MP -MF"src/power_api_demo.d" -MT"src/power_api_demo.o" -MT"src/power_api_demo.d" -o "src/power_api_demo.o" "../src/power_api_demo.c"
Finished building: ../src/power_api_demo.c
 
Building target: power_api_demo.axf
Invoking: MCU Linker
arm-none-eabi-gcc -nostdlib -Xlinker -Map=power_api_demo.map -Xlinker --gc-sections -mcpu=cortex-m0 -mthumb -T "power_api_demo_Debug.ld" -o "power_api_demo.axf"  ./startup/cr_startup_lpc11.o  ./src/power_api_demo.o  ./driver/adc.o ./driver/can.o ./driver/clkconfig.o ./driver/crp.o ./driver/debug_printf.o ./driver/gpio.o ./driver/i2c.o ./driver/i2cslave.o ./driver/lpc_swu.o ./driver/rs485.o ./driver/small_gpio.o ./driver/ssp.o ./driver/timer16.o ./driver/timer32.o ./driver/uart.o ./driver/wdt.o  ./cmsis/core_cm0.o ./cmsis/system_LPC11xx.o   
Finished building target: power_api_demo.axf
 
make --no-print-directory post-build
Performing post-build steps
arm-none-eabi-size power_api_demo.axf; # arm-none-eabi-objcopy -O binary power_api_demo.axf power_api_demo.bin ; checksum -p LPC11U14_201 -d power_api_demo.bin;
   text	   data	    bss	    dec	    hex	filename
   4876	      4	    396	   5276	   149c	power_api_demo.axf
 

15:14:18 Build Finished (took 335ms)

