14:20:09 **** Build of configuration Debug for project CMSIS_CORE_LPC11Uxx ****
make -r all 
Building file: ../src/system_LPC11Uxx.c
Invoking: MCU C Compiler
arm-none-eabi-gcc -D__REDLIB__ -DDEBUG -D__CODE_RED -D__USE_CMSIS=CMSIS_CORE_LPC11Uxx -I"/Users/Rane/LPCXpresso/lpcopen1114test/CMSIS_CORE_LPC11Uxx/inc" -Os -g3 -Wall -c -fmessage-length=0 -fno-builtin -ffunction-sections -fdata-sections -mcpu=cortex-m0 -mthumb -D__REDLIB__ -specs=redlib.specs -MMD -MP -MF"src/system_LPC11Uxx.d" -MT"src/system_LPC11Uxx.o" -MT"src/system_LPC11Uxx.d" -o "src/system_LPC11Uxx.o" "../src/system_LPC11Uxx.c"
Finished building: ../src/system_LPC11Uxx.c
 
Building target: libCMSIS_CORE_LPC11Uxx.a
Invoking: MCU Archiver
arm-none-eabi-ar -r  "libCMSIS_CORE_LPC11Uxx.a"  ./src/system_LPC11Uxx.o   
arm-none-eabi-ar: creating libCMSIS_CORE_LPC11Uxx.a
Finished building target: libCMSIS_CORE_LPC11Uxx.a
 
make --no-print-directory post-build
Performing post-build steps
arm-none-eabi-size "libCMSIS_CORE_LPC11Uxx.a" ; # arm-none-eabi-objdump -h -S "libCMSIS_CORE_LPC11Uxx.a" >"libCMSIS_CORE_LPC11Uxx.lss"
   text	   data	    bss	    dec	    hex	filename
    428	      4	      0	    432	    1b0	system_LPC11Uxx.o (ex libCMSIS_CORE_LPC11Uxx.a)
 
14:20:11 **** Build of configuration Debug for project Lab3 ****
make -r all 
Building file: ../src/Lab3.c
Invoking: MCU C Compiler
arm-none-eabi-gcc -DDEBUG -D__CODE_RED -DCORE_M0 -D__USE_CMSIS=CMSIS_CORE_LPC11Uxx -D__LPC11UXX__ -D__REDLIB__ -I"/Users/Rane/LPCXpresso/lpcopen1114test/CMSIS_CORE_LPC11Uxx/inc" -O0 -g3 -Wall -c -fmessage-length=0 -fno-builtin -ffunction-sections -fdata-sections -mcpu=cortex-m0 -mthumb -specs=redlib.specs -MMD -MP -MF"src/Lab3.d" -MT"src/Lab3.o" -MT"src/Lab3.d" -o "src/Lab3.o" "../src/Lab3.c"
Finished building: ../src/Lab3.c
 
Building file: ../src/aeabi_romdiv_patch.s
Invoking: MCU Assembler
arm-none-eabi-gcc -c -x assembler-with-cpp -DDEBUG -D__CODE_RED -DCORE_M0 -D__USE_CMSIS=CMSIS_CORE_LPC11Uxx -D__LPC11UXX__ -D__REDLIB__ -I"/Users/Rane/LPCXpresso/lpcopen1114test/CMSIS_CORE_LPC11Uxx/inc" -g3 -mcpu=cortex-m0 -mthumb -specs=redlib.specs -o "src/aeabi_romdiv_patch.o" "../src/aeabi_romdiv_patch.s"
Finished building: ../src/aeabi_romdiv_patch.s
 
Building file: ../src/cr_startup_lpc11uxx.c
Invoking: MCU C Compiler
arm-none-eabi-gcc -DDEBUG -D__CODE_RED -DCORE_M0 -D__USE_CMSIS=CMSIS_CORE_LPC11Uxx -D__LPC11UXX__ -D__REDLIB__ -I"/Users/Rane/LPCXpresso/lpcopen1114test/CMSIS_CORE_LPC11Uxx/inc" -O0 -g3 -Wall -c -fmessage-length=0 -fno-builtin -ffunction-sections -fdata-sections -mcpu=cortex-m0 -mthumb -specs=redlib.specs -MMD -MP -MF"src/cr_startup_lpc11uxx.d" -MT"src/cr_startup_lpc11uxx.o" -MT"src/cr_startup_lpc11uxx.d" -o "src/cr_startup_lpc11uxx.o" "../src/cr_startup_lpc11uxx.c"
Finished building: ../src/cr_startup_lpc11uxx.c
 
Building file: ../src/crp.c
Invoking: MCU C Compiler
arm-none-eabi-gcc -DDEBUG -D__CODE_RED -DCORE_M0 -D__USE_CMSIS=CMSIS_CORE_LPC11Uxx -D__LPC11UXX__ -D__REDLIB__ -I"/Users/Rane/LPCXpresso/lpcopen1114test/CMSIS_CORE_LPC11Uxx/inc" -O0 -g3 -Wall -c -fmessage-length=0 -fno-builtin -ffunction-sections -fdata-sections -mcpu=cortex-m0 -mthumb -specs=redlib.specs -MMD -MP -MF"src/crp.d" -MT"src/crp.o" -MT"src/crp.d" -o "src/crp.o" "../src/crp.c"
Finished building: ../src/crp.c
 
Building target: Lab3.axf
Invoking: MCU Linker
arm-none-eabi-gcc -nostdlib -L"/Users/Rane/LPCXpresso/lpcopen1114test/CMSIS_CORE_LPC11Uxx/Debug" -Xlinker -Map="Lab3.map" -Xlinker --gc-sections -mcpu=cortex-m0 -mthumb -T "Lab3_Debug.ld" -o "Lab3.axf"  ./src/Lab3.o ./src/aeabi_romdiv_patch.o ./src/cr_startup_lpc11uxx.o ./src/crp.o   -lCMSIS_CORE_LPC11Uxx
Finished building target: Lab3.axf
 
make --no-print-directory post-build
Performing post-build steps
arm-none-eabi-size "Lab3.axf"; # arm-none-eabi-objcopy -v -O binary "Lab3.axf" "Lab3.bin" ; # checksum -p LPC11U14_201 -d "Lab3.bin";
   text	   data	    bss	    dec	    hex	filename
  11936	      0	    340	  12276	   2ff4	Lab3.axf
 
