12:44:31 **** Build of configuration Debug for project asm_xample11 ****
make -r all 
Building file: ../src/asm_sum_cm0.s
Invoking: MCU Assembler
arm-none-eabi-gcc -c -x assembler-with-cpp -DDEBUG -D__CODE_RED -D__REDLIB__ -g3 -mcpu=cortex-m0 -mthumb -D__REDLIB__ -specs=redlib.specs -o "src/asm_sum_cm0.o" "../src/asm_sum_cm0.s"
Finished building: ../src/asm_sum_cm0.s
 
Building file: ../src/cr_startup_lpc11.c
Invoking: MCU C Compiler
arm-none-eabi-gcc -DDEBUG -D__CODE_RED -D__REDLIB__ -O0 -g3 -Wall -c -fmessage-length=0 -fno-builtin -ffunction-sections -Wa,-ahlnds=cr_startup_lpc11.asm -mcpu=cortex-m0 -mthumb -D__REDLIB__ -specs=redlib.specs -MMD -MP -MF"src/cr_startup_lpc11.d" -MT"src/cr_startup_lpc11.o" -MT"src/cr_startup_lpc11.d" -o "src/cr_startup_lpc11.o" "../src/cr_startup_lpc11.c"
../src/cr_startup_lpc11.c:105:13: warning: taking address of expression of type 'void'
     (void *)&_vStackTop,        // The initial stack pointer
             ^
Finished building: ../src/cr_startup_lpc11.c
 
Building file: ../src/main.c
Invoking: MCU C Compiler
arm-none-eabi-gcc -DDEBUG -D__CODE_RED -D__REDLIB__ -O0 -g3 -Wall -c -fmessage-length=0 -fno-builtin -ffunction-sections -Wa,-ahlnds=main.asm -mcpu=cortex-m0 -mthumb -D__REDLIB__ -specs=redlib.specs -MMD -MP -MF"src/main.d" -MT"src/main.o" -MT"src/main.d" -o "src/main.o" "../src/main.c"
Finished building: ../src/main.c
../src/main.c: In function 'main':
../src/main.c:9:9: warning: variable 'j' set but not used [-Wunused-but-set-variable]
  int i, j;
         ^
../src/main.c:9:6: warning: variable 'i' set but not used [-Wunused-but-set-variable]
  int i, j;
      ^
 
Building target: asm_xample11.axf
Invoking: MCU Linker
arm-none-eabi-gcc -nostdlib -Xlinker --gc-sections -Xlinker -Map=asm_xample11.map -mcpu=cortex-m0 -mthumb -T "asm_xample11_Debug.ld" -o "asm_xample11.axf"  ./src/asm_sum_cm0.o ./src/cr_startup_lpc11.o ./src/main.o   
Finished building target: asm_xample11.axf
 
make --no-print-directory post-build
Performing post-build steps
arm-none-eabi-size asm_xample11.axf; # arm-none-eabi-objcopy -O ihex asm_xample11.axf asm_xample11.hex ;
   text	   data	    bss	    dec	    hex	filename
    484	      0	      4	    488	    1e8	asm_xample11.axf
 
12:45:59 **** Clean-only build of configuration Debug for project asm_xample11 ****
make -r clean 
rm -rf  ./src/asm_sum_cm0.o ./src/cr_startup_lpc11.o ./src/main.o  ./src/cr_startup_lpc11.d ./src/main.d  asm_xample11.axf
 
12:46:00 **** Incremental Build of configuration Debug for project asm_xample11 ****
make -r all 
Building file: ../src/asm_sum_cm0.s
Invoking: MCU Assembler
arm-none-eabi-gcc -c -x assembler-with-cpp -DDEBUG -D__CODE_RED -D__REDLIB__ -g3 -mcpu=cortex-m0 -mthumb -D__REDLIB__ -specs=redlib.specs -o "src/asm_sum_cm0.o" "../src/asm_sum_cm0.s"
Finished building: ../src/asm_sum_cm0.s
 
Building file: ../src/cr_startup_lpc11.c
Invoking: MCU C Compiler
arm-none-eabi-gcc -DDEBUG -D__CODE_RED -D__REDLIB__ -O0 -g3 -Wall -c -fmessage-length=0 -fno-builtin -ffunction-sections -Wa,-ahlnds=cr_startup_lpc11.asm -mcpu=cortex-m0 -mthumb -D__REDLIB__ -specs=redlib.specs -MMD -MP -MF"src/cr_startup_lpc11.d" -MT"src/cr_startup_lpc11.o" -MT"src/cr_startup_lpc11.d" -o "src/cr_startup_lpc11.o" "../src/cr_startup_lpc11.c"
../src/cr_startup_lpc11.c:105:13: warning: taking address of expression of type 'void'
     (void *)&_vStackTop,        // The initial stack pointer
             ^
Finished building: ../src/cr_startup_lpc11.c
 
Building file: ../src/main.c
Invoking: MCU C Compiler
arm-none-eabi-gcc -DDEBUG -D__CODE_RED -D__REDLIB__ -O0 -g3 -Wall -c -fmessage-length=0 -fno-builtin -ffunction-sections -Wa,-ahlnds=main.asm -mcpu=cortex-m0 -mthumb -D__REDLIB__ -specs=redlib.specs -MMD -MP -MF"src/main.d" -MT"src/main.o" -MT"src/main.d" -o "src/main.o" "../src/main.c"
../src/main.c: In function 'main':
../src/main.c:9:9: warning: variable 'j' set but not used [-Wunused-but-set-variable]
  int i, j;
         ^
../src/main.c:9:6: warning: variable 'i' set but not used [-Wunused-but-set-variable]
  int i, j;
      ^
Finished building: ../src/main.c
 
Building target: asm_xample11.axf
Invoking: MCU Linker
arm-none-eabi-gcc -nostdlib -Xlinker --gc-sections -Xlinker -Map=asm_xample11.map -mcpu=cortex-m0 -mthumb -T "asm_xample11_Debug.ld" -o "asm_xample11.axf"  ./src/asm_sum_cm0.o ./src/cr_startup_lpc11.o ./src/main.o   
Finished building target: asm_xample11.axf
 
make --no-print-directory post-build
Performing post-build steps
arm-none-eabi-size asm_xample11.axf; # arm-none-eabi-objcopy -O ihex asm_xample11.axf asm_xample11.hex ;
   text	   data	    bss	    dec	    hex	filename
    484	      0	      4	    488	    1e8	asm_xample11.axf
 
12:51:35 **** Incremental Build of configuration Debug for project asm_xample11 ****
make -r all 
make: Nothing to be done for `all'.
12:55:43 **** Incremental Build of configuration Debug for project asm_xample11 ****
make -r all 
make: Nothing to be done for `all'.
