Archive member included because of file (symbol)

/Users/Rane/LPCXpresso/template/lib_small_printf_m0/Lib/liblib_small_printf_m0.a(small_printf_nofloat.o)
                              ./driver/debug_printf.o (printf_format_nofloat)
/Users/Rane/LPCXpresso/template/lib_small_printf_m0/Lib/liblib_small_printf_m0.a(small_printf_support.o)
                              /Users/Rane/LPCXpresso/template/lib_small_printf_m0/Lib/liblib_small_printf_m0.a(small_printf_nofloat.o) (prints)
/Users/Rane/LPCXpresso/template/lib_small_printf_m0/Lib/liblib_small_printf_m0.a(small_utils.o)
                              ./driver/debug_printf.o (small_strlen)
/Applications/lpcxpresso_7.9.0_455/lpcxpresso/tools/bin/../lib/gcc/arm-none-eabi/4.9.3/../../../../arm-none-eabi/lib/armv6-m/libcr_c.a(__weak__main.o)
                              ./config/intpriority_cr_startup_lpc11.o (__main)
/Applications/lpcxpresso_7.9.0_455/lpcxpresso/tools/bin/../lib/gcc/arm-none-eabi/4.9.3/../../../../arm-none-eabi/lib/armv6-m/libcr_semihost.a(__sys_write.o)
                              ./driver/debug_printf.o (__write)
/Applications/lpcxpresso_7.9.0_455/lpcxpresso/tools/bin/../lib/gcc/arm-none-eabi/4.9.3/armv6-m/libcr_eabihelpers.a(division_32.o)
                              ./driver/debug_printf.o (__aeabi_idivmod)
/Applications/lpcxpresso_7.9.0_455/lpcxpresso/tools/bin/../lib/gcc/arm-none-eabi/4.9.3/armv6-m/libcr_eabihelpers.a(division_idiv0.o)
                              /Applications/lpcxpresso_7.9.0_455/lpcxpresso/tools/bin/../lib/gcc/arm-none-eabi/4.9.3/armv6-m/libcr_eabihelpers.a(division_32.o) (__aeabi_idiv0)
/Applications/lpcxpresso_7.9.0_455/lpcxpresso/tools/bin/../lib/gcc/arm-none-eabi/4.9.3/armv6-m/libcr_eabihelpers.a(double.o)
                              /Users/Rane/LPCXpresso/template/lib_small_printf_m0/Lib/liblib_small_printf_m0.a(small_utils.o) (__aeabi_dsub)
/Applications/lpcxpresso_7.9.0_455/lpcxpresso/tools/bin/../lib/gcc/arm-none-eabi/4.9.3/armv6-m/libcr_eabihelpers.a(llong.o)
                              /Applications/lpcxpresso_7.9.0_455/lpcxpresso/tools/bin/../lib/gcc/arm-none-eabi/4.9.3/armv6-m/libcr_eabihelpers.a(double.o) (__aeabi_lmul)

Allocating common symbols
Common symbol       size              file

fseek               0x4               ./driver/debug_printf.o
IRIdx               0x4               ./src/intpriority_main.o
fclose              0x4               ./driver/debug_printf.o
priLUT              0x80              ./src/intpriority_main.o
IR                  0x168             ./src/intpriority_main.o

Discarded input sections

 .group         0x0000000000000000        0x8 ./src/intpriority_main.o
 .group         0x0000000000000000        0x8 ./src/intpriority_main.o
 .group         0x0000000000000000        0x8 ./src/intpriority_main.o
 .group         0x0000000000000000        0x8 ./src/intpriority_main.o
 .group         0x0000000000000000        0x8 ./src/intpriority_main.o
 .group         0x0000000000000000        0x8 ./src/intpriority_main.o
 .group         0x0000000000000000        0x8 ./src/intpriority_main.o
 .group         0x0000000000000000        0x8 ./src/intpriority_main.o
 .group         0x0000000000000000        0x8 ./src/intpriority_main.o
 .group         0x0000000000000000        0x8 ./src/intpriority_main.o
 .group         0x0000000000000000        0x8 ./src/intpriority_main.o
 .group         0x0000000000000000        0x8 ./src/intpriority_main.o
 .group         0x0000000000000000        0x8 ./src/intpriority_main.o
 .group         0x0000000000000000        0x8 ./src/intpriority_main.o
 .text          0x0000000000000000        0x0 ./src/intpriority_main.o
 .data          0x0000000000000000        0x0 ./src/intpriority_main.o
 .bss           0x0000000000000000        0x0 ./src/intpriority_main.o
 .group         0x0000000000000000        0x8 ./driver/crp.o
 .group         0x0000000000000000        0x8 ./driver/crp.o
 .group         0x0000000000000000        0x8 ./driver/crp.o
 .group         0x0000000000000000        0x8 ./driver/crp.o
 .group         0x0000000000000000        0x8 ./driver/crp.o
 .group         0x0000000000000000        0x8 ./driver/crp.o
 .group         0x0000000000000000        0x8 ./driver/crp.o
 .group         0x0000000000000000        0x8 ./driver/crp.o
 .group         0x0000000000000000        0x8 ./driver/crp.o
 .group         0x0000000000000000        0x8 ./driver/crp.o
 .group         0x0000000000000000        0x8 ./driver/crp.o
 .group         0x0000000000000000        0x8 ./driver/crp.o
 .text          0x0000000000000000        0x0 ./driver/crp.o
 .data          0x0000000000000000        0x0 ./driver/crp.o
 .bss           0x0000000000000000        0x0 ./driver/crp.o
 .debug_macro   0x0000000000000000      0x832 ./driver/crp.o
 .debug_macro   0x0000000000000000       0x1c ./driver/crp.o
 .debug_macro   0x0000000000000000       0x22 ./driver/crp.o
 .debug_macro   0x0000000000000000       0x10 ./driver/crp.o
 .debug_macro   0x0000000000000000      0x12d ./driver/crp.o
 .debug_macro   0x0000000000000000      0x5b2 ./driver/crp.o
 .debug_macro   0x0000000000000000      0x37a ./driver/crp.o
 .debug_macro   0x0000000000000000       0x8d ./driver/crp.o
 .debug_macro   0x0000000000000000      0x123 ./driver/crp.o
 .debug_macro   0x0000000000000000       0x16 ./driver/crp.o
 .group         0x0000000000000000        0x8 ./driver/debug_printf.o
 .group         0x0000000000000000        0x8 ./driver/debug_printf.o
 .group         0x0000000000000000        0x8 ./driver/debug_printf.o
 .group         0x0000000000000000        0x8 ./driver/debug_printf.o
 .group         0x0000000000000000        0x8 ./driver/debug_printf.o
 .group         0x0000000000000000        0x8 ./driver/debug_printf.o
 .group         0x0000000000000000        0x8 ./driver/debug_printf.o
 .group         0x0000000000000000        0x8 ./driver/debug_printf.o
 .group         0x0000000000000000        0x8 ./driver/debug_printf.o
 .group         0x0000000000000000        0x8 ./driver/debug_printf.o
 .group         0x0000000000000000        0x8 ./driver/debug_printf.o
 .group         0x0000000000000000        0x8 ./driver/debug_printf.o
 .group         0x0000000000000000        0x8 ./driver/debug_printf.o
 .group         0x0000000000000000        0x8 ./driver/debug_printf.o
 .text          0x0000000000000000        0x0 ./driver/debug_printf.o
 .data          0x0000000000000000        0x0 ./driver/debug_printf.o
 .bss           0x0000000000000000        0x0 ./driver/debug_printf.o
 .bss.debug_read_buf
                0x0000000000000000       0x16 ./driver/debug_printf.o
 .text._debug_getstr
                0x0000000000000000       0x58 ./driver/debug_printf.o
 .text._debug_puts
                0x0000000000000000       0x2c ./driver/debug_printf.o
 .debug_macro   0x0000000000000000      0x832 ./driver/debug_printf.o
 .debug_macro   0x0000000000000000       0x1c ./driver/debug_printf.o
 .debug_macro   0x0000000000000000       0x22 ./driver/debug_printf.o
 .debug_macro   0x0000000000000000       0x10 ./driver/debug_printf.o
 .debug_macro   0x0000000000000000      0x12d ./driver/debug_printf.o
 .debug_macro   0x0000000000000000      0x5b2 ./driver/debug_printf.o
 .debug_macro   0x0000000000000000      0x37a ./driver/debug_printf.o
 .debug_macro   0x0000000000000000       0x8d ./driver/debug_printf.o
 .debug_macro   0x0000000000000000      0x123 ./driver/debug_printf.o
 .debug_macro   0x0000000000000000       0x16 ./driver/debug_printf.o
 .debug_macro   0x0000000000000000       0x1c ./driver/debug_printf.o
 .debug_macro   0x0000000000000000       0x16 ./driver/debug_printf.o
 .debug_macro   0x0000000000000000       0x40 ./driver/debug_printf.o
 COMMON         0x0000000000000000        0x8 ./driver/debug_printf.o
 .group         0x0000000000000000        0x8 ./config/intpriority_cr_startup_lpc11.o
 .group         0x0000000000000000        0x8 ./config/intpriority_cr_startup_lpc11.o
 .group         0x0000000000000000        0x8 ./config/intpriority_cr_startup_lpc11.o
 .group         0x0000000000000000        0x8 ./config/intpriority_cr_startup_lpc11.o
 .group         0x0000000000000000        0x8 ./config/intpriority_cr_startup_lpc11.o
 .text          0x0000000000000000        0x0 ./config/intpriority_cr_startup_lpc11.o
 .data          0x0000000000000000        0x0 ./config/intpriority_cr_startup_lpc11.o
 .bss           0x0000000000000000        0x0 ./config/intpriority_cr_startup_lpc11.o
 .debug_macro   0x0000000000000000      0x832 ./config/intpriority_cr_startup_lpc11.o
 .debug_macro   0x0000000000000000       0x10 ./config/intpriority_cr_startup_lpc11.o
 .debug_macro   0x0000000000000000      0x12d ./config/intpriority_cr_startup_lpc11.o
 .debug_macro   0x0000000000000000      0x5b2 ./config/intpriority_cr_startup_lpc11.o
 .group         0x0000000000000000        0x8 ./cmsis/core_cm0.o
 .group         0x0000000000000000        0x8 ./cmsis/core_cm0.o
 .group         0x0000000000000000        0x8 ./cmsis/core_cm0.o
 .group         0x0000000000000000        0x8 ./cmsis/core_cm0.o
 .text          0x0000000000000000        0x0 ./cmsis/core_cm0.o
 .data          0x0000000000000000        0x0 ./cmsis/core_cm0.o
 .bss           0x0000000000000000        0x0 ./cmsis/core_cm0.o
 .text.__get_PSP
                0x0000000000000000       0x10 ./cmsis/core_cm0.o
 .text.__set_PSP
                0x0000000000000000        0x8 ./cmsis/core_cm0.o
 .text.__get_MSP
                0x0000000000000000       0x10 ./cmsis/core_cm0.o
 .text.__set_MSP
                0x0000000000000000        0x8 ./cmsis/core_cm0.o
 .text.__get_PRIMASK
                0x0000000000000000       0x1c ./cmsis/core_cm0.o
 .text.__set_PRIMASK
                0x0000000000000000       0x14 ./cmsis/core_cm0.o
 .text.__get_CONTROL
                0x0000000000000000       0x1c ./cmsis/core_cm0.o
 .text.__set_CONTROL
                0x0000000000000000       0x14 ./cmsis/core_cm0.o
 .text.__REV    0x0000000000000000       0x1c ./cmsis/core_cm0.o
 .text.__REV16  0x0000000000000000       0x24 ./cmsis/core_cm0.o
 .text.__REVSH  0x0000000000000000       0x24 ./cmsis/core_cm0.o
 .debug_info    0x0000000000000000      0x27f ./cmsis/core_cm0.o
 .debug_abbrev  0x0000000000000000       0xa8 ./cmsis/core_cm0.o
 .debug_aranges
                0x0000000000000000       0x70 ./cmsis/core_cm0.o
 .debug_ranges  0x0000000000000000       0x60 ./cmsis/core_cm0.o
 .debug_macro   0x0000000000000000       0x48 ./cmsis/core_cm0.o
 .debug_macro   0x0000000000000000      0x832 ./cmsis/core_cm0.o
 .debug_macro   0x0000000000000000       0x10 ./cmsis/core_cm0.o
 .debug_macro   0x0000000000000000      0x12d ./cmsis/core_cm0.o
 .debug_macro   0x0000000000000000      0x5b2 ./cmsis/core_cm0.o
 .debug_line    0x0000000000000000      0x1d8 ./cmsis/core_cm0.o
 .debug_str     0x0000000000000000     0x3b8f ./cmsis/core_cm0.o
 .comment       0x0000000000000000       0x71 ./cmsis/core_cm0.o
 .debug_frame   0x0000000000000000      0x130 ./cmsis/core_cm0.o
 .ARM.attributes
                0x0000000000000000       0x31 ./cmsis/core_cm0.o
 .group         0x0000000000000000        0x8 ./cmsis/system_LPC11xx.o
 .group         0x0000000000000000        0x8 ./cmsis/system_LPC11xx.o
 .group         0x0000000000000000        0x8 ./cmsis/system_LPC11xx.o
 .group         0x0000000000000000        0x8 ./cmsis/system_LPC11xx.o
 .group         0x0000000000000000        0x8 ./cmsis/system_LPC11xx.o
 .group         0x0000000000000000        0x8 ./cmsis/system_LPC11xx.o
 .group         0x0000000000000000        0x8 ./cmsis/system_LPC11xx.o
 .group         0x0000000000000000        0x8 ./cmsis/system_LPC11xx.o
 .text          0x0000000000000000        0x0 ./cmsis/system_LPC11xx.o
 .data          0x0000000000000000        0x0 ./cmsis/system_LPC11xx.o
 .bss           0x0000000000000000        0x0 ./cmsis/system_LPC11xx.o
 .debug_macro   0x0000000000000000      0x832 ./cmsis/system_LPC11xx.o
 .debug_macro   0x0000000000000000       0x10 ./cmsis/system_LPC11xx.o
 .debug_macro   0x0000000000000000      0x12d ./cmsis/system_LPC11xx.o
 .debug_macro   0x0000000000000000      0x5b2 ./cmsis/system_LPC11xx.o
 .debug_macro   0x0000000000000000       0x1c ./cmsis/system_LPC11xx.o
 .debug_macro   0x0000000000000000       0x8d ./cmsis/system_LPC11xx.o
 .debug_macro   0x0000000000000000      0x123 ./cmsis/system_LPC11xx.o
 .group         0x0000000000000000        0x8 /Users/Rane/LPCXpresso/template/lib_small_printf_m0/Lib/liblib_small_printf_m0.a(small_printf_nofloat.o)
 .group         0x0000000000000000        0x8 /Users/Rane/LPCXpresso/template/lib_small_printf_m0/Lib/liblib_small_printf_m0.a(small_printf_nofloat.o)
 .group         0x0000000000000000        0x8 /Users/Rane/LPCXpresso/template/lib_small_printf_m0/Lib/liblib_small_printf_m0.a(small_printf_nofloat.o)
 .group         0x0000000000000000        0x8 /Users/Rane/LPCXpresso/template/lib_small_printf_m0/Lib/liblib_small_printf_m0.a(small_printf_nofloat.o)
 .group         0x0000000000000000        0x8 /Users/Rane/LPCXpresso/template/lib_small_printf_m0/Lib/liblib_small_printf_m0.a(small_printf_nofloat.o)
 .group         0x0000000000000000        0x8 /Users/Rane/LPCXpresso/template/lib_small_printf_m0/Lib/liblib_small_printf_m0.a(small_printf_nofloat.o)
 .group         0x0000000000000000        0x8 /Users/Rane/LPCXpresso/template/lib_small_printf_m0/Lib/liblib_small_printf_m0.a(small_printf_nofloat.o)
 .group         0x0000000000000000        0x8 /Users/Rane/LPCXpresso/template/lib_small_printf_m0/Lib/liblib_small_printf_m0.a(small_printf_nofloat.o)
 .text          0x0000000000000000        0x0 /Users/Rane/LPCXpresso/template/lib_small_printf_m0/Lib/liblib_small_printf_m0.a(small_printf_nofloat.o)
 .data          0x0000000000000000        0x0 /Users/Rane/LPCXpresso/template/lib_small_printf_m0/Lib/liblib_small_printf_m0.a(small_printf_nofloat.o)
 .bss           0x0000000000000000        0x0 /Users/Rane/LPCXpresso/template/lib_small_printf_m0/Lib/liblib_small_printf_m0.a(small_printf_nofloat.o)
 .text.func_printf_nofloat
                0x0000000000000000       0x16 /Users/Rane/LPCXpresso/template/lib_small_printf_m0/Lib/liblib_small_printf_m0.a(small_printf_nofloat.o)
 .text.nsprintf
                0x0000000000000000       0x24 /Users/Rane/LPCXpresso/template/lib_small_printf_m0/Lib/liblib_small_printf_m0.a(small_printf_nofloat.o)
 .debug_macro   0x0000000000000000       0x10 /Users/Rane/LPCXpresso/template/lib_small_printf_m0/Lib/liblib_small_printf_m0.a(small_printf_nofloat.o)
 .debug_macro   0x0000000000000000      0x12d /Users/Rane/LPCXpresso/template/lib_small_printf_m0/Lib/liblib_small_printf_m0.a(small_printf_nofloat.o)
 .debug_macro   0x0000000000000000      0x5b2 /Users/Rane/LPCXpresso/template/lib_small_printf_m0/Lib/liblib_small_printf_m0.a(small_printf_nofloat.o)
 .debug_macro   0x0000000000000000       0x1c /Users/Rane/LPCXpresso/template/lib_small_printf_m0/Lib/liblib_small_printf_m0.a(small_printf_nofloat.o)
 .debug_macro   0x0000000000000000       0x16 /Users/Rane/LPCXpresso/template/lib_small_printf_m0/Lib/liblib_small_printf_m0.a(small_printf_nofloat.o)
 .debug_macro   0x0000000000000000       0x16 /Users/Rane/LPCXpresso/template/lib_small_printf_m0/Lib/liblib_small_printf_m0.a(small_printf_nofloat.o)
 .group         0x0000000000000000        0x8 /Users/Rane/LPCXpresso/template/lib_small_printf_m0/Lib/liblib_small_printf_m0.a(small_printf_support.o)
 .group         0x0000000000000000        0x8 /Users/Rane/LPCXpresso/template/lib_small_printf_m0/Lib/liblib_small_printf_m0.a(small_printf_support.o)
 .group         0x0000000000000000        0x8 /Users/Rane/LPCXpresso/template/lib_small_printf_m0/Lib/liblib_small_printf_m0.a(small_printf_support.o)
 .group         0x0000000000000000        0x8 /Users/Rane/LPCXpresso/template/lib_small_printf_m0/Lib/liblib_small_printf_m0.a(small_printf_support.o)
 .group         0x0000000000000000        0x8 /Users/Rane/LPCXpresso/template/lib_small_printf_m0/Lib/liblib_small_printf_m0.a(small_printf_support.o)
 .group         0x0000000000000000        0x8 /Users/Rane/LPCXpresso/template/lib_small_printf_m0/Lib/liblib_small_printf_m0.a(small_printf_support.o)
 .group         0x0000000000000000        0x8 /Users/Rane/LPCXpresso/template/lib_small_printf_m0/Lib/liblib_small_printf_m0.a(small_printf_support.o)
 .text          0x0000000000000000        0x0 /Users/Rane/LPCXpresso/template/lib_small_printf_m0/Lib/liblib_small_printf_m0.a(small_printf_support.o)
 .data          0x0000000000000000        0x0 /Users/Rane/LPCXpresso/template/lib_small_printf_m0/Lib/liblib_small_printf_m0.a(small_printf_support.o)
 .bss           0x0000000000000000        0x0 /Users/Rane/LPCXpresso/template/lib_small_printf_m0/Lib/liblib_small_printf_m0.a(small_printf_support.o)
 .text.nsprintf_write_init
                0x0000000000000000       0x1c /Users/Rane/LPCXpresso/template/lib_small_printf_m0/Lib/liblib_small_printf_m0.a(small_printf_support.o)
 .text.nsprintf_write
                0x0000000000000000       0x30 /Users/Rane/LPCXpresso/template/lib_small_printf_m0/Lib/liblib_small_printf_m0.a(small_printf_support.o)
 .bss.nsprintf_buffer_index
                0x0000000000000000        0x4 /Users/Rane/LPCXpresso/template/lib_small_printf_m0/Lib/liblib_small_printf_m0.a(small_printf_support.o)
 .bss.nsprintf_buffer
                0x0000000000000000        0x4 /Users/Rane/LPCXpresso/template/lib_small_printf_m0/Lib/liblib_small_printf_m0.a(small_printf_support.o)
 .bss.nsprintf_buffer_length
                0x0000000000000000        0x4 /Users/Rane/LPCXpresso/template/lib_small_printf_m0/Lib/liblib_small_printf_m0.a(small_printf_support.o)
 .debug_macro   0x0000000000000000      0x832 /Users/Rane/LPCXpresso/template/lib_small_printf_m0/Lib/liblib_small_printf_m0.a(small_printf_support.o)
 .debug_macro   0x0000000000000000       0x10 /Users/Rane/LPCXpresso/template/lib_small_printf_m0/Lib/liblib_small_printf_m0.a(small_printf_support.o)
 .debug_macro   0x0000000000000000      0x12d /Users/Rane/LPCXpresso/template/lib_small_printf_m0/Lib/liblib_small_printf_m0.a(small_printf_support.o)
 .debug_macro   0x0000000000000000      0x5b2 /Users/Rane/LPCXpresso/template/lib_small_printf_m0/Lib/liblib_small_printf_m0.a(small_printf_support.o)
 .debug_macro   0x0000000000000000       0x1c /Users/Rane/LPCXpresso/template/lib_small_printf_m0/Lib/liblib_small_printf_m0.a(small_printf_support.o)
 .debug_macro   0x0000000000000000       0x16 /Users/Rane/LPCXpresso/template/lib_small_printf_m0/Lib/liblib_small_printf_m0.a(small_printf_support.o)
 .debug_macro   0x0000000000000000       0x16 /Users/Rane/LPCXpresso/template/lib_small_printf_m0/Lib/liblib_small_printf_m0.a(small_printf_support.o)
 .group         0x0000000000000000        0x8 /Users/Rane/LPCXpresso/template/lib_small_printf_m0/Lib/liblib_small_printf_m0.a(small_utils.o)
 .text          0x0000000000000000        0x0 /Users/Rane/LPCXpresso/template/lib_small_printf_m0/Lib/liblib_small_printf_m0.a(small_utils.o)
 .data          0x0000000000000000        0x0 /Users/Rane/LPCXpresso/template/lib_small_printf_m0/Lib/liblib_small_printf_m0.a(small_utils.o)
 .bss           0x0000000000000000        0x0 /Users/Rane/LPCXpresso/template/lib_small_printf_m0/Lib/liblib_small_printf_m0.a(small_utils.o)
 .text.small_strlen
                0x0000000000000000       0x10 /Users/Rane/LPCXpresso/template/lib_small_printf_m0/Lib/liblib_small_printf_m0.a(small_utils.o)
 .text.small_strcmp
                0x0000000000000000       0x1c /Users/Rane/LPCXpresso/template/lib_small_printf_m0/Lib/liblib_small_printf_m0.a(small_utils.o)
 .text.small_stricmp
                0x0000000000000000       0x34 /Users/Rane/LPCXpresso/template/lib_small_printf_m0/Lib/liblib_small_printf_m0.a(small_utils.o)
 .text.small_strim
                0x0000000000000000       0x2c /Users/Rane/LPCXpresso/template/lib_small_printf_m0/Lib/liblib_small_printf_m0.a(small_utils.o)
 .text.gethex   0x0000000000000000       0x32 /Users/Rane/LPCXpresso/template/lib_small_printf_m0/Lib/liblib_small_printf_m0.a(small_utils.o)
 .text.small_fmodf
                0x0000000000000000       0x5e /Users/Rane/LPCXpresso/template/lib_small_printf_m0/Lib/liblib_small_printf_m0.a(small_utils.o)
 .debug_info    0x0000000000000000      0x1b9 /Users/Rane/LPCXpresso/template/lib_small_printf_m0/Lib/liblib_small_printf_m0.a(small_utils.o)
 .debug_abbrev  0x0000000000000000       0xef /Users/Rane/LPCXpresso/template/lib_small_printf_m0/Lib/liblib_small_printf_m0.a(small_utils.o)
 .debug_loc     0x0000000000000000      0x1f9 /Users/Rane/LPCXpresso/template/lib_small_printf_m0/Lib/liblib_small_printf_m0.a(small_utils.o)
 .debug_aranges
                0x0000000000000000       0x48 /Users/Rane/LPCXpresso/template/lib_small_printf_m0/Lib/liblib_small_printf_m0.a(small_utils.o)
 .debug_ranges  0x0000000000000000       0x38 /Users/Rane/LPCXpresso/template/lib_small_printf_m0/Lib/liblib_small_printf_m0.a(small_utils.o)
 .debug_macro   0x0000000000000000       0x21 /Users/Rane/LPCXpresso/template/lib_small_printf_m0/Lib/liblib_small_printf_m0.a(small_utils.o)
 .debug_macro   0x0000000000000000      0x832 /Users/Rane/LPCXpresso/template/lib_small_printf_m0/Lib/liblib_small_printf_m0.a(small_utils.o)
 .debug_line    0x0000000000000000      0x13f /Users/Rane/LPCXpresso/template/lib_small_printf_m0/Lib/liblib_small_printf_m0.a(small_utils.o)
 .debug_str     0x0000000000000000     0x2458 /Users/Rane/LPCXpresso/template/lib_small_printf_m0/Lib/liblib_small_printf_m0.a(small_utils.o)
 .comment       0x0000000000000000       0x71 /Users/Rane/LPCXpresso/template/lib_small_printf_m0/Lib/liblib_small_printf_m0.a(small_utils.o)
 .debug_frame   0x0000000000000000       0x94 /Users/Rane/LPCXpresso/template/lib_small_printf_m0/Lib/liblib_small_printf_m0.a(small_utils.o)
 .ARM.attributes
                0x0000000000000000       0x31 /Users/Rane/LPCXpresso/template/lib_small_printf_m0/Lib/liblib_small_printf_m0.a(small_utils.o)
 .text          0x0000000000000000        0x0 /Applications/lpcxpresso_7.9.0_455/lpcxpresso/tools/bin/../lib/gcc/arm-none-eabi/4.9.3/../../../../arm-none-eabi/lib/armv6-m/libcr_c.a(__weak__main.o)
 .data          0x0000000000000000        0x0 /Applications/lpcxpresso_7.9.0_455/lpcxpresso/tools/bin/../lib/gcc/arm-none-eabi/4.9.3/../../../../arm-none-eabi/lib/armv6-m/libcr_c.a(__weak__main.o)
 .bss           0x0000000000000000        0x0 /Applications/lpcxpresso_7.9.0_455/lpcxpresso/tools/bin/../lib/gcc/arm-none-eabi/4.9.3/../../../../arm-none-eabi/lib/armv6-m/libcr_c.a(__weak__main.o)
 .text          0x0000000000000000        0x0 /Applications/lpcxpresso_7.9.0_455/lpcxpresso/tools/bin/../lib/gcc/arm-none-eabi/4.9.3/../../../../arm-none-eabi/lib/armv6-m/libcr_semihost.a(__sys_write.o)
 .data          0x0000000000000000        0x0 /Applications/lpcxpresso_7.9.0_455/lpcxpresso/tools/bin/../lib/gcc/arm-none-eabi/4.9.3/../../../../arm-none-eabi/lib/armv6-m/libcr_semihost.a(__sys_write.o)
 .bss           0x0000000000000000        0x0 /Applications/lpcxpresso_7.9.0_455/lpcxpresso/tools/bin/../lib/gcc/arm-none-eabi/4.9.3/../../../../arm-none-eabi/lib/armv6-m/libcr_semihost.a(__sys_write.o)
 .text          0x0000000000000000        0x0 /Applications/lpcxpresso_7.9.0_455/lpcxpresso/tools/bin/../lib/gcc/arm-none-eabi/4.9.3/armv6-m/libcr_eabihelpers.a(division_32.o)
 .data          0x0000000000000000        0x0 /Applications/lpcxpresso_7.9.0_455/lpcxpresso/tools/bin/../lib/gcc/arm-none-eabi/4.9.3/armv6-m/libcr_eabihelpers.a(division_32.o)
 .bss           0x0000000000000000        0x0 /Applications/lpcxpresso_7.9.0_455/lpcxpresso/tools/bin/../lib/gcc/arm-none-eabi/4.9.3/armv6-m/libcr_eabihelpers.a(division_32.o)
 .text          0x0000000000000000        0x0 /Applications/lpcxpresso_7.9.0_455/lpcxpresso/tools/bin/../lib/gcc/arm-none-eabi/4.9.3/armv6-m/libcr_eabihelpers.a(division_idiv0.o)
 .data          0x0000000000000000        0x0 /Applications/lpcxpresso_7.9.0_455/lpcxpresso/tools/bin/../lib/gcc/arm-none-eabi/4.9.3/armv6-m/libcr_eabihelpers.a(division_idiv0.o)
 .bss           0x0000000000000000        0x0 /Applications/lpcxpresso_7.9.0_455/lpcxpresso/tools/bin/../lib/gcc/arm-none-eabi/4.9.3/armv6-m/libcr_eabihelpers.a(division_idiv0.o)
 .text          0x0000000000000000        0x0 /Applications/lpcxpresso_7.9.0_455/lpcxpresso/tools/bin/../lib/gcc/arm-none-eabi/4.9.3/armv6-m/libcr_eabihelpers.a(double.o)
 .data          0x0000000000000000        0x0 /Applications/lpcxpresso_7.9.0_455/lpcxpresso/tools/bin/../lib/gcc/arm-none-eabi/4.9.3/armv6-m/libcr_eabihelpers.a(double.o)
 .bss           0x0000000000000000        0x0 /Applications/lpcxpresso_7.9.0_455/lpcxpresso/tools/bin/../lib/gcc/arm-none-eabi/4.9.3/armv6-m/libcr_eabihelpers.a(double.o)
 .text.__aeabi_dmul
                0x0000000000000000      0x178 /Applications/lpcxpresso_7.9.0_455/lpcxpresso/tools/bin/../lib/gcc/arm-none-eabi/4.9.3/armv6-m/libcr_eabihelpers.a(double.o)
 .text.__aeabi_ddiv
                0x0000000000000000      0x150 /Applications/lpcxpresso_7.9.0_455/lpcxpresso/tools/bin/../lib/gcc/arm-none-eabi/4.9.3/armv6-m/libcr_eabihelpers.a(double.o)
 .text.__aeabi_dsub
                0x0000000000000000      0x1d8 /Applications/lpcxpresso_7.9.0_455/lpcxpresso/tools/bin/../lib/gcc/arm-none-eabi/4.9.3/armv6-m/libcr_eabihelpers.a(double.o)
 .text.__aeabi_dadd
                0x0000000000000000      0x140 /Applications/lpcxpresso_7.9.0_455/lpcxpresso/tools/bin/../lib/gcc/arm-none-eabi/4.9.3/armv6-m/libcr_eabihelpers.a(double.o)
 .text.__aeabi_drsub
                0x0000000000000000       0x18 /Applications/lpcxpresso_7.9.0_455/lpcxpresso/tools/bin/../lib/gcc/arm-none-eabi/4.9.3/armv6-m/libcr_eabihelpers.a(double.o)
 .text.__aeabi_dneg
                0x0000000000000000        0xc /Applications/lpcxpresso_7.9.0_455/lpcxpresso/tools/bin/../lib/gcc/arm-none-eabi/4.9.3/armv6-m/libcr_eabihelpers.a(double.o)
 .text.__aeabi_d2f
                0x0000000000000000       0x60 /Applications/lpcxpresso_7.9.0_455/lpcxpresso/tools/bin/../lib/gcc/arm-none-eabi/4.9.3/armv6-m/libcr_eabihelpers.a(double.o)
 .text.__aeabi_d2iz
                0x0000000000000000       0x48 /Applications/lpcxpresso_7.9.0_455/lpcxpresso/tools/bin/../lib/gcc/arm-none-eabi/4.9.3/armv6-m/libcr_eabihelpers.a(double.o)
 .text.__aeabi_d2uiz
                0x0000000000000000       0x34 /Applications/lpcxpresso_7.9.0_455/lpcxpresso/tools/bin/../lib/gcc/arm-none-eabi/4.9.3/armv6-m/libcr_eabihelpers.a(double.o)
 .text.__aeabi_d2lz
                0x0000000000000000       0x80 /Applications/lpcxpresso_7.9.0_455/lpcxpresso/tools/bin/../lib/gcc/arm-none-eabi/4.9.3/armv6-m/libcr_eabihelpers.a(double.o)
 .text.__aeabi_d2ulz
                0x0000000000000000       0x5c /Applications/lpcxpresso_7.9.0_455/lpcxpresso/tools/bin/../lib/gcc/arm-none-eabi/4.9.3/armv6-m/libcr_eabihelpers.a(double.o)
 .text.__bhs_ui2d
                0x0000000000000000       0x5e /Applications/lpcxpresso_7.9.0_455/lpcxpresso/tools/bin/../lib/gcc/arm-none-eabi/4.9.3/armv6-m/libcr_eabihelpers.a(double.o)
 .text.__bhs_ul2d
                0x0000000000000000       0xb4 /Applications/lpcxpresso_7.9.0_455/lpcxpresso/tools/bin/../lib/gcc/arm-none-eabi/4.9.3/armv6-m/libcr_eabihelpers.a(double.o)
 .text.__aeabi_i2d
                0x0000000000000000       0x16 /Applications/lpcxpresso_7.9.0_455/lpcxpresso/tools/bin/../lib/gcc/arm-none-eabi/4.9.3/armv6-m/libcr_eabihelpers.a(double.o)
 .text.__aeabi_ui2d
                0x0000000000000000        0xc /Applications/lpcxpresso_7.9.0_455/lpcxpresso/tools/bin/../lib/gcc/arm-none-eabi/4.9.3/armv6-m/libcr_eabihelpers.a(double.o)
 .text.__aeabi_l2d
                0x0000000000000000       0x20 /Applications/lpcxpresso_7.9.0_455/lpcxpresso/tools/bin/../lib/gcc/arm-none-eabi/4.9.3/armv6-m/libcr_eabihelpers.a(double.o)
 .text.__aeabi_ul2d
                0x0000000000000000        0xc /Applications/lpcxpresso_7.9.0_455/lpcxpresso/tools/bin/../lib/gcc/arm-none-eabi/4.9.3/armv6-m/libcr_eabihelpers.a(double.o)
 .text.__aeabi_dcmpeq
                0x0000000000000000       0x30 /Applications/lpcxpresso_7.9.0_455/lpcxpresso/tools/bin/../lib/gcc/arm-none-eabi/4.9.3/armv6-m/libcr_eabihelpers.a(double.o)
 .text.__aeabi_dcmplt
                0x0000000000000000       0x5c /Applications/lpcxpresso_7.9.0_455/lpcxpresso/tools/bin/../lib/gcc/arm-none-eabi/4.9.3/armv6-m/libcr_eabihelpers.a(double.o)
 .text.__aeabi_dcmpgt
                0x0000000000000000       0x5c /Applications/lpcxpresso_7.9.0_455/lpcxpresso/tools/bin/../lib/gcc/arm-none-eabi/4.9.3/armv6-m/libcr_eabihelpers.a(double.o)
 .text.__aeabi_dcmple
                0x0000000000000000       0x60 /Applications/lpcxpresso_7.9.0_455/lpcxpresso/tools/bin/../lib/gcc/arm-none-eabi/4.9.3/armv6-m/libcr_eabihelpers.a(double.o)
 .text.__aeabi_dcmpge
                0x0000000000000000       0x64 /Applications/lpcxpresso_7.9.0_455/lpcxpresso/tools/bin/../lib/gcc/arm-none-eabi/4.9.3/armv6-m/libcr_eabihelpers.a(double.o)
 .text.__aeabi_dcmpun
                0x0000000000000000       0x18 /Applications/lpcxpresso_7.9.0_455/lpcxpresso/tools/bin/../lib/gcc/arm-none-eabi/4.9.3/armv6-m/libcr_eabihelpers.a(double.o)
 .text.__aeabi_cdcmple
                0x0000000000000000       0x2e /Applications/lpcxpresso_7.9.0_455/lpcxpresso/tools/bin/../lib/gcc/arm-none-eabi/4.9.3/armv6-m/libcr_eabihelpers.a(double.o)
 .text.__aeabi_cdrcmple
                0x0000000000000000       0x14 /Applications/lpcxpresso_7.9.0_455/lpcxpresso/tools/bin/../lib/gcc/arm-none-eabi/4.9.3/armv6-m/libcr_eabihelpers.a(double.o)
 .comment       0x0000000000000000       0x71 /Applications/lpcxpresso_7.9.0_455/lpcxpresso/tools/bin/../lib/gcc/arm-none-eabi/4.9.3/armv6-m/libcr_eabihelpers.a(double.o)
 .ARM.attributes
                0x0000000000000000       0x31 /Applications/lpcxpresso_7.9.0_455/lpcxpresso/tools/bin/../lib/gcc/arm-none-eabi/4.9.3/armv6-m/libcr_eabihelpers.a(double.o)
 .text          0x0000000000000000        0x0 /Applications/lpcxpresso_7.9.0_455/lpcxpresso/tools/bin/../lib/gcc/arm-none-eabi/4.9.3/armv6-m/libcr_eabihelpers.a(llong.o)
 .data          0x0000000000000000        0x0 /Applications/lpcxpresso_7.9.0_455/lpcxpresso/tools/bin/../lib/gcc/arm-none-eabi/4.9.3/armv6-m/libcr_eabihelpers.a(llong.o)
 .bss           0x0000000000000000        0x0 /Applications/lpcxpresso_7.9.0_455/lpcxpresso/tools/bin/../lib/gcc/arm-none-eabi/4.9.3/armv6-m/libcr_eabihelpers.a(llong.o)
 .text.__aeabi_llong_lmul
                0x0000000000000000       0x2e /Applications/lpcxpresso_7.9.0_455/lpcxpresso/tools/bin/../lib/gcc/arm-none-eabi/4.9.3/armv6-m/libcr_eabihelpers.a(llong.o)
 .text.__aeabi_llong_llsl
                0x0000000000000000       0x18 /Applications/lpcxpresso_7.9.0_455/lpcxpresso/tools/bin/../lib/gcc/arm-none-eabi/4.9.3/armv6-m/libcr_eabihelpers.a(llong.o)
 .text.__aeabi_llong_llsr
                0x0000000000000000       0x18 /Applications/lpcxpresso_7.9.0_455/lpcxpresso/tools/bin/../lib/gcc/arm-none-eabi/4.9.3/armv6-m/libcr_eabihelpers.a(llong.o)
 .text.__aeabi_llong_lasr
                0x0000000000000000       0x18 /Applications/lpcxpresso_7.9.0_455/lpcxpresso/tools/bin/../lib/gcc/arm-none-eabi/4.9.3/armv6-m/libcr_eabihelpers.a(llong.o)
 .text.__aeabi_llong_lcmp
                0x0000000000000000       0x14 /Applications/lpcxpresso_7.9.0_455/lpcxpresso/tools/bin/../lib/gcc/arm-none-eabi/4.9.3/armv6-m/libcr_eabihelpers.a(llong.o)
 .text.__aeabi_llong_ulcmp
                0x0000000000000000       0x10 /Applications/lpcxpresso_7.9.0_455/lpcxpresso/tools/bin/../lib/gcc/arm-none-eabi/4.9.3/armv6-m/libcr_eabihelpers.a(llong.o)
 .ARM.attributes
                0x0000000000000000       0x21 /Applications/lpcxpresso_7.9.0_455/lpcxpresso/tools/bin/../lib/gcc/arm-none-eabi/4.9.3/armv6-m/libcr_eabihelpers.a(llong.o)

Memory Configuration

Name             Origin             Length             Attributes
MFlash32         0x0000000000000000 0x0000000000008000 xr
RamLoc8          0x0000000010000000 0x0000000000002000 xrw
*default*        0x0000000000000000 0xffffffffffffffff

Linker script and memory map

LOAD ./src/intpriority_main.o
LOAD ./driver/crp.o
LOAD ./driver/debug_printf.o
LOAD ./config/intpriority_cr_startup_lpc11.o
LOAD ./cmsis/core_cm0.o
LOAD ./cmsis/system_LPC11xx.o
LOAD /Users/Rane/LPCXpresso/template/lib_small_printf_m0/Lib/liblib_small_printf_m0.a
START GROUP
LOAD /Applications/lpcxpresso_7.9.0_455/lpcxpresso/tools/bin/../lib/gcc/arm-none-eabi/4.9.3/../../../../arm-none-eabi/lib/armv6-m/libcr_c.a
LOAD /Applications/lpcxpresso_7.9.0_455/lpcxpresso/tools/bin/../lib/gcc/arm-none-eabi/4.9.3/../../../../arm-none-eabi/lib/armv6-m/libcr_semihost.a
LOAD /Applications/lpcxpresso_7.9.0_455/lpcxpresso/tools/bin/../lib/gcc/arm-none-eabi/4.9.3/armv6-m/libcr_eabihelpers.a
END GROUP
                0x0000000000008000                __top_MFlash32 = 0x8000
                0x0000000010002000                __top_RamLoc8 = 0x10002000

.text           0x0000000000000000     0x110b
 FILL mask 0xff
 *(.isr_vector)
 .isr_vector    0x0000000000000000       0xc0 ./config/intpriority_cr_startup_lpc11.o
                0x0000000000000000                g_pfnVectors
 *(.text.Reset_Handler .text.SystemInit)
 .text.SystemInit
                0x00000000000000c0      0x100 ./cmsis/system_LPC11xx.o
                0x00000000000000c0                SystemInit
                0x00000000000002fc                . = 0x2fc
 *fill*         0x00000000000001c0      0x13c ff
 *(.crp)
 .crp           0x00000000000002fc        0x4 ./driver/crp.o
                0x00000000000002fc                CRP_WORD
 *(.text*)
 .text.__enable_irq
                0x0000000000000300        0xc ./src/intpriority_main.o
 .text.__disable_irq
                0x000000000000030c        0xc ./src/intpriority_main.o
 .text.NVIC_EnableIRQ
                0x0000000000000318       0x2c ./src/intpriority_main.o
 .text.NVIC_SetPriority
                0x0000000000000344       0xd4 ./src/intpriority_main.o
 .text.WAKEUP1_IRQHandler
                0x0000000000000418       0x5c ./src/intpriority_main.o
                0x0000000000000418                WAKEUP1_IRQHandler
 .text.WAKEUP2_IRQHandler
                0x0000000000000474       0x5c ./src/intpriority_main.o
                0x0000000000000474                WAKEUP2_IRQHandler
 .text.WAKEUP3_IRQHandler
                0x00000000000004d0       0x5c ./src/intpriority_main.o
                0x00000000000004d0                WAKEUP3_IRQHandler
 .text.WAKEUP6_IRQHandler
                0x000000000000052c       0x5c ./src/intpriority_main.o
                0x000000000000052c                WAKEUP6_IRQHandler
 .text.WAKEUP7_IRQHandler
                0x0000000000000588       0x5c ./src/intpriority_main.o
                0x0000000000000588                WAKEUP7_IRQHandler
 .text.WAKEUP8_IRQHandler
                0x00000000000005e4       0x60 ./src/intpriority_main.o
                0x00000000000005e4                WAKEUP8_IRQHandler
 .text.WAKEUP9_IRQHandler
                0x0000000000000644       0x60 ./src/intpriority_main.o
                0x0000000000000644                WAKEUP9_IRQHandler
 .text.WAKEUP11_IRQHandler
                0x00000000000006a4       0x60 ./src/intpriority_main.o
                0x00000000000006a4                WAKEUP11_IRQHandler
 .text.main     0x0000000000000704      0x240 ./src/intpriority_main.o
                0x0000000000000704                main
 .text._debug_printf_flush
                0x0000000000000944       0xa8 ./driver/debug_printf.o
                0x0000000000000944                _debug_printf_flush
 .text._debug_putchar
                0x00000000000009ec       0x8c ./driver/debug_printf.o
                0x00000000000009ec                _debug_putchar
 .text._debug_printf
                0x0000000000000a78       0x30 ./driver/debug_printf.o
                0x0000000000000a78                _debug_printf
 .text.ResetISR
                0x0000000000000aa8       0x60 ./config/intpriority_cr_startup_lpc11.o
                0x0000000000000aa8                ResetISR
 .text.NMI_Handler
                0x0000000000000b08        0x8 ./config/intpriority_cr_startup_lpc11.o
                0x0000000000000b08                NMI_Handler
 .text.HardFault_Handler
                0x0000000000000b10        0x8 ./config/intpriority_cr_startup_lpc11.o
                0x0000000000000b10                HardFault_Handler
 .text.SVCall_Handler
                0x0000000000000b18        0x8 ./config/intpriority_cr_startup_lpc11.o
                0x0000000000000b18                SVCall_Handler
 .text.PendSV_Handler
                0x0000000000000b20        0x8 ./config/intpriority_cr_startup_lpc11.o
                0x0000000000000b20                PendSV_Handler
 .text.SysTick_Handler
                0x0000000000000b28        0x8 ./config/intpriority_cr_startup_lpc11.o
                0x0000000000000b28                SysTick_Handler
 .text.IntDefaultHandler
                0x0000000000000b30        0x8 ./config/intpriority_cr_startup_lpc11.o
                0x0000000000000b30                PIOINT3_IRQHandler
                0x0000000000000b30                UART_IRQHandler
                0x0000000000000b30                TIMER32_0_IRQHandler
                0x0000000000000b30                TIMER32_1_IRQHandler
                0x0000000000000b30                IntDefaultHandler
                0x0000000000000b30                PIOINT1_IRQHandler
                0x0000000000000b30                CAN_IRQHandler
                0x0000000000000b30                SSP0_IRQHandler
                0x0000000000000b30                TIMER16_1_IRQHandler
                0x0000000000000b30                ADC_IRQHandler
                0x0000000000000b30                SSP1_IRQHandler
                0x0000000000000b30                PIOINT2_IRQHandler
                0x0000000000000b30                BOD_IRQHandler
                0x0000000000000b30                WAKEUP_IRQHandler
                0x0000000000000b30                PIOINT0_IRQHandler
                0x0000000000000b30                I2C_IRQHandler
                0x0000000000000b30                WDT_IRQHandler
                0x0000000000000b30                TIMER16_0_IRQHandler
 .text.__NOP    0x0000000000000b38        0xc ./cmsis/system_LPC11xx.o
 .text.SystemCoreClockUpdate
                0x0000000000000b44      0x21c ./cmsis/system_LPC11xx.o
                0x0000000000000b44                SystemCoreClockUpdate
 .text.printf_format_nofloat
                0x0000000000000d60      0x180 /Users/Rane/LPCXpresso/template/lib_small_printf_m0/Lib/liblib_small_printf_m0.a(small_printf_nofloat.o)
                0x0000000000000d60                printf_format_nofloat
 .text.prints   0x0000000000000ee0       0x7c /Users/Rane/LPCXpresso/template/lib_small_printf_m0/Lib/liblib_small_printf_m0.a(small_printf_support.o)
                0x0000000000000ee0                prints
 .text.printi   0x0000000000000f5c       0xa4 /Users/Rane/LPCXpresso/template/lib_small_printf_m0/Lib/liblib_small_printf_m0.a(small_printf_support.o)
                0x0000000000000f5c                printi
 .text.__weak_main
                0x0000000000001000        0x8 /Applications/lpcxpresso_7.9.0_455/lpcxpresso/tools/bin/../lib/gcc/arm-none-eabi/4.9.3/../../../../arm-none-eabi/lib/armv6-m/libcr_c.a(__weak__main.o)
                0x0000000000001000                __main
                0x0000000000001000                __weak_main
 .text.__sys_write
                0x0000000000001008        0xc /Applications/lpcxpresso_7.9.0_455/lpcxpresso/tools/bin/../lib/gcc/arm-none-eabi/4.9.3/../../../../arm-none-eabi/lib/armv6-m/libcr_semihost.a(__sys_write.o)
                0x0000000000001008                __write
                0x0000000000001008                __sys_write
 .text.__aeabi_division_idivmod
                0x0000000000001014       0x78 /Applications/lpcxpresso_7.9.0_455/lpcxpresso/tools/bin/../lib/gcc/arm-none-eabi/4.9.3/armv6-m/libcr_eabihelpers.a(division_32.o)
                0x0000000000001014                __aeabi_idiv
                0x0000000000001014                __aeabi_idivmod
                0x000000000000101a                __aeabi_uidiv
                0x000000000000101a                __aeabi_uidivmod
 .text.__aeabi_division_idiv0
                0x000000000000108c        0x2 /Applications/lpcxpresso_7.9.0_455/lpcxpresso/tools/bin/../lib/gcc/arm-none-eabi/4.9.3/armv6-m/libcr_eabihelpers.a(division_idiv0.o)
                0x000000000000108c                __aeabi_idiv0
 *(.rodata*)
 *fill*         0x000000000000108e        0x2 
 .rodata        0x0000000000001090       0x31 ./src/intpriority_main.o
 *fill*         0x00000000000010c1        0x3 
 .rodata.SystemCoreClockUpdate
                0x00000000000010c4       0x40 ./cmsis/system_LPC11xx.o
 .rodata.str1.1
                0x0000000000001104        0x7 /Users/Rane/LPCXpresso/template/lib_small_printf_m0/Lib/liblib_small_printf_m0.a(small_printf_nofloat.o)

.glue_7         0x000000000000110c        0x0
 .glue_7        0x0000000000000000        0x0 linker stubs

.glue_7t        0x000000000000110c        0x0
 .glue_7t       0x0000000000000000        0x0 linker stubs

.vfp11_veneer   0x000000000000110c        0x0
 .vfp11_veneer  0x0000000000000000        0x0 linker stubs

.v4_bx          0x000000000000110c        0x0
 .v4_bx         0x0000000000000000        0x0 linker stubs

.iplt           0x000000000000110c        0x0
 .iplt          0x0000000000000000        0x0 ./src/intpriority_main.o

.rel.dyn        0x000000000000110c        0x0
 .rel.iplt      0x0000000000000000        0x0 ./src/intpriority_main.o

.ARM.extab
 *(.ARM.extab* .gnu.linkonce.armextab.*)
                0x000000000000110c                __exidx_start = .

.ARM.exidx
 *(.ARM.exidx* .gnu.linkonce.armexidx.*)
                0x000000000000110c                __exidx_end = .
                0x000000000000110c                _etext = .

.data           0x0000000010000000        0x4 load address 0x000000000000110b
                0x0000000010000000                _data = .
 *(vtable)
 *(.data*)
 .data.SystemCoreClock
                0x0000000010000000        0x4 ./cmsis/system_LPC11xx.o
                0x0000000010000000                SystemCoreClock
                0x0000000010000004                _edata = .

.igot.plt       0x0000000010000004        0x0 load address 0x000000000000110f
 .igot.plt      0x0000000000000000        0x0 ./src/intpriority_main.o

.bss            0x0000000010000004      0x240 load address 0x000000000000110f
                0x0000000010000004                _bss = .
 *(.bss*)
 .bss.debug_write_buf
                0x0000000010000004       0x52 ./driver/debug_printf.o
 .bss.debug_buf_read_index
                0x0000000010000056        0x1 ./driver/debug_printf.o
 .bss.debug_buf_write_index
                0x0000000010000057        0x1 ./driver/debug_printf.o
 *(COMMON)
 COMMON         0x0000000010000058      0x1ec ./src/intpriority_main.o
                0x0000000010000058                IRIdx
                0x000000001000005c                priLUT
                0x00000000100000dc                IR
                0x0000000010000244                _ebss = .

.cr_heap        0x0000000010000244        0x0 load address 0x000000000000110f
                0x0000000010000244                end = .
                0x0000000010000244                _pvHeapStart = .
                0x0000000010002000                _vRamTop = __top_RamLoc8
                0x0000000010002000                _vStackTop = _vRamTop
OUTPUT(intpriority.axf elf32-littlearm)

.debug_info     0x0000000000000000     0x1c4f
 .debug_info    0x0000000000000000      0xcb1 ./src/intpriority_main.o
 .debug_info    0x0000000000000cb1       0x90 ./driver/crp.o
 .debug_info    0x0000000000000d41      0x237 ./driver/debug_printf.o
 .debug_info    0x0000000000000f78      0x186 ./config/intpriority_cr_startup_lpc11.o
 .debug_info    0x00000000000010fe      0x4d0 ./cmsis/system_LPC11xx.o
 .debug_info    0x00000000000015ce      0x341 /Users/Rane/LPCXpresso/template/lib_small_printf_m0/Lib/liblib_small_printf_m0.a(small_printf_nofloat.o)
 .debug_info    0x000000000000190f      0x340 /Users/Rane/LPCXpresso/template/lib_small_printf_m0/Lib/liblib_small_printf_m0.a(small_printf_support.o)

.debug_abbrev   0x0000000000000000      0x89a
 .debug_abbrev  0x0000000000000000      0x205 ./src/intpriority_main.o
 .debug_abbrev  0x0000000000000205       0x4e ./driver/crp.o
 .debug_abbrev  0x0000000000000253      0x128 ./driver/debug_printf.o
 .debug_abbrev  0x000000000000037b       0xb9 ./config/intpriority_cr_startup_lpc11.o
 .debug_abbrev  0x0000000000000434      0x129 ./cmsis/system_LPC11xx.o
 .debug_abbrev  0x000000000000055d      0x1b6 /Users/Rane/LPCXpresso/template/lib_small_printf_m0/Lib/liblib_small_printf_m0.a(small_printf_nofloat.o)
 .debug_abbrev  0x0000000000000713      0x187 /Users/Rane/LPCXpresso/template/lib_small_printf_m0/Lib/liblib_small_printf_m0.a(small_printf_support.o)

.debug_aranges  0x0000000000000000      0x1c0
 .debug_aranges
                0x0000000000000000       0x80 ./src/intpriority_main.o
 .debug_aranges
                0x0000000000000080       0x18 ./driver/crp.o
 .debug_aranges
                0x0000000000000098       0x40 ./driver/debug_printf.o
 .debug_aranges
                0x00000000000000d8       0x50 ./config/intpriority_cr_startup_lpc11.o
 .debug_aranges
                0x0000000000000128       0x30 ./cmsis/system_LPC11xx.o
 .debug_aranges
                0x0000000000000158       0x30 /Users/Rane/LPCXpresso/template/lib_small_printf_m0/Lib/liblib_small_printf_m0.a(small_printf_nofloat.o)
 .debug_aranges
                0x0000000000000188       0x38 /Users/Rane/LPCXpresso/template/lib_small_printf_m0/Lib/liblib_small_printf_m0.a(small_printf_support.o)

.debug_ranges   0x0000000000000000      0x160
 .debug_ranges  0x0000000000000000       0x70 ./src/intpriority_main.o
 .debug_ranges  0x0000000000000070       0x30 ./driver/debug_printf.o
 .debug_ranges  0x00000000000000a0       0x40 ./config/intpriority_cr_startup_lpc11.o
 .debug_ranges  0x00000000000000e0       0x20 ./cmsis/system_LPC11xx.o
 .debug_ranges  0x0000000000000100       0x20 /Users/Rane/LPCXpresso/template/lib_small_printf_m0/Lib/liblib_small_printf_m0.a(small_printf_nofloat.o)
 .debug_ranges  0x0000000000000120       0x40 /Users/Rane/LPCXpresso/template/lib_small_printf_m0/Lib/liblib_small_printf_m0.a(small_printf_support.o)

.debug_macro    0x0000000000000000     0x25b5
 .debug_macro   0x0000000000000000       0xa0 ./src/intpriority_main.o
 .debug_macro   0x00000000000000a0      0x832 ./src/intpriority_main.o
 .debug_macro   0x00000000000008d2       0x1c ./src/intpriority_main.o
 .debug_macro   0x00000000000008ee       0x22 ./src/intpriority_main.o
 .debug_macro   0x0000000000000910       0x10 ./src/intpriority_main.o
 .debug_macro   0x0000000000000920      0x12d ./src/intpriority_main.o
 .debug_macro   0x0000000000000a4d      0x5b2 ./src/intpriority_main.o
 .debug_macro   0x0000000000000fff      0x37a ./src/intpriority_main.o
 .debug_macro   0x0000000000001379       0x8d ./src/intpriority_main.o
 .debug_macro   0x0000000000001406      0x123 ./src/intpriority_main.o
 .debug_macro   0x0000000000001529       0x16 ./src/intpriority_main.o
 .debug_macro   0x000000000000153f       0x22 ./src/intpriority_main.o
 .debug_macro   0x0000000000001561       0x1c ./src/intpriority_main.o
 .debug_macro   0x000000000000157d       0x16 ./src/intpriority_main.o
 .debug_macro   0x0000000000001593       0x40 ./src/intpriority_main.o
 .debug_macro   0x00000000000015d3       0x88 ./driver/crp.o
 .debug_macro   0x000000000000165b       0x1c ./driver/crp.o
 .debug_macro   0x0000000000001677       0x28 ./driver/crp.o
 .debug_macro   0x000000000000169f       0xaa ./driver/debug_printf.o
 .debug_macro   0x0000000000001749       0x16 ./driver/debug_printf.o
 .debug_macro   0x000000000000175f       0x57 ./config/intpriority_cr_startup_lpc11.o
 .debug_macro   0x00000000000017b6       0x87 ./config/intpriority_cr_startup_lpc11.o
 .debug_macro   0x000000000000183d       0xa9 ./cmsis/system_LPC11xx.o
 .debug_macro   0x00000000000018e6      0x398 ./cmsis/system_LPC11xx.o
 .debug_macro   0x0000000000001c7e       0x76 /Users/Rane/LPCXpresso/template/lib_small_printf_m0/Lib/liblib_small_printf_m0.a(small_printf_nofloat.o)
 .debug_macro   0x0000000000001cf4      0x832 /Users/Rane/LPCXpresso/template/lib_small_printf_m0/Lib/liblib_small_printf_m0.a(small_printf_nofloat.o)
 .debug_macro   0x0000000000002526       0x10 /Users/Rane/LPCXpresso/template/lib_small_printf_m0/Lib/liblib_small_printf_m0.a(small_printf_nofloat.o)
 .debug_macro   0x0000000000002536       0x7f /Users/Rane/LPCXpresso/template/lib_small_printf_m0/Lib/liblib_small_printf_m0.a(small_printf_support.o)

.debug_line     0x0000000000000000      0xf7c
 .debug_line    0x0000000000000000      0x362 ./src/intpriority_main.o
 .debug_line    0x0000000000000362      0x15a ./driver/crp.o
 .debug_line    0x00000000000004bc      0x27a ./driver/debug_printf.o
 .debug_line    0x0000000000000736      0x1dc ./config/intpriority_cr_startup_lpc11.o
 .debug_line    0x0000000000000912      0x1f3 ./cmsis/system_LPC11xx.o
 .debug_line    0x0000000000000b05      0x227 /Users/Rane/LPCXpresso/template/lib_small_printf_m0/Lib/liblib_small_printf_m0.a(small_printf_nofloat.o)
 .debug_line    0x0000000000000d2c      0x250 /Users/Rane/LPCXpresso/template/lib_small_printf_m0/Lib/liblib_small_printf_m0.a(small_printf_support.o)

.debug_str      0x0000000000000000     0x6ae7
 .debug_str     0x0000000000000000     0x6388 ./src/intpriority_main.o
                                       0x6410 (size before relaxing)
 .debug_str     0x0000000000006388       0xbf ./driver/crp.o
                                       0x5a54 (size before relaxing)
 .debug_str     0x0000000000006447      0x10d ./driver/debug_printf.o
                                       0x5d0b (size before relaxing)
 .debug_str     0x0000000000006554      0x113 ./config/intpriority_cr_startup_lpc11.o
                                       0x3d97 (size before relaxing)
 .debug_str     0x0000000000006667      0x20c ./cmsis/system_LPC11xx.o
                                       0x5df7 (size before relaxing)
 .debug_str     0x0000000000006873      0x1d8 /Users/Rane/LPCXpresso/template/lib_small_printf_m0/Lib/liblib_small_printf_m0.a(small_printf_nofloat.o)
                                       0x3cf9 (size before relaxing)
 .debug_str     0x0000000000006a4b       0x9c /Users/Rane/LPCXpresso/template/lib_small_printf_m0/Lib/liblib_small_printf_m0.a(small_printf_support.o)
                                       0x3d0d (size before relaxing)

.comment        0x0000000000000000       0xe0
 .comment       0x0000000000000000       0x70 ./src/intpriority_main.o
                                         0x71 (size before relaxing)
 .comment       0x0000000000000000       0x71 ./driver/crp.o
 .comment       0x0000000000000000       0x71 ./driver/debug_printf.o
 .comment       0x0000000000000000       0x71 ./config/intpriority_cr_startup_lpc11.o
 .comment       0x0000000000000000       0x71 ./cmsis/system_LPC11xx.o
 .comment       0x0000000000000000       0x71 /Users/Rane/LPCXpresso/template/lib_small_printf_m0/Lib/liblib_small_printf_m0.a(small_printf_nofloat.o)
 .comment       0x0000000000000000       0x71 /Users/Rane/LPCXpresso/template/lib_small_printf_m0/Lib/liblib_small_printf_m0.a(small_printf_support.o)
 .comment       0x0000000000000070       0x70 /Applications/lpcxpresso_7.9.0_455/lpcxpresso/tools/bin/../lib/gcc/arm-none-eabi/4.9.3/../../../../arm-none-eabi/lib/armv6-m/libcr_c.a(__weak__main.o)
                                         0x71 (size before relaxing)

.ARM.attributes
                0x0000000000000000       0x2f
 .ARM.attributes
                0x0000000000000000       0x31 ./src/intpriority_main.o
 .ARM.attributes
                0x0000000000000031       0x31 ./driver/crp.o
 .ARM.attributes
                0x0000000000000062       0x31 ./driver/debug_printf.o
 .ARM.attributes
                0x0000000000000093       0x31 ./config/intpriority_cr_startup_lpc11.o
 .ARM.attributes
                0x00000000000000c4       0x31 ./cmsis/system_LPC11xx.o
 .ARM.attributes
                0x00000000000000f5       0x31 /Users/Rane/LPCXpresso/template/lib_small_printf_m0/Lib/liblib_small_printf_m0.a(small_printf_nofloat.o)
 .ARM.attributes
                0x0000000000000126       0x31 /Users/Rane/LPCXpresso/template/lib_small_printf_m0/Lib/liblib_small_printf_m0.a(small_printf_support.o)
 .ARM.attributes
                0x0000000000000157       0x31 /Applications/lpcxpresso_7.9.0_455/lpcxpresso/tools/bin/../lib/gcc/arm-none-eabi/4.9.3/../../../../arm-none-eabi/lib/armv6-m/libcr_c.a(__weak__main.o)
 .ARM.attributes
                0x0000000000000188       0x21 /Applications/lpcxpresso_7.9.0_455/lpcxpresso/tools/bin/../lib/gcc/arm-none-eabi/4.9.3/../../../../arm-none-eabi/lib/armv6-m/libcr_semihost.a(__sys_write.o)
 .ARM.attributes
                0x00000000000001a9       0x21 /Applications/lpcxpresso_7.9.0_455/lpcxpresso/tools/bin/../lib/gcc/arm-none-eabi/4.9.3/armv6-m/libcr_eabihelpers.a(division_32.o)
 .ARM.attributes
                0x00000000000001ca       0x21 /Applications/lpcxpresso_7.9.0_455/lpcxpresso/tools/bin/../lib/gcc/arm-none-eabi/4.9.3/armv6-m/libcr_eabihelpers.a(division_idiv0.o)

.debug_frame    0x0000000000000000      0x490
 .debug_frame   0x0000000000000000      0x1b0 ./src/intpriority_main.o
 .debug_frame   0x00000000000001b0       0xb0 ./driver/debug_printf.o
 .debug_frame   0x0000000000000260       0xd8 ./config/intpriority_cr_startup_lpc11.o
 .debug_frame   0x0000000000000338       0x6c ./cmsis/system_LPC11xx.o
 .debug_frame   0x00000000000003a4       0x6c /Users/Rane/LPCXpresso/template/lib_small_printf_m0/Lib/liblib_small_printf_m0.a(small_printf_nofloat.o)
 .debug_frame   0x0000000000000410       0x80 /Users/Rane/LPCXpresso/template/lib_small_printf_m0/Lib/liblib_small_printf_m0.a(small_printf_support.o)

.debug_loc      0x0000000000000000      0x701
 .debug_loc     0x0000000000000000      0x305 /Users/Rane/LPCXpresso/template/lib_small_printf_m0/Lib/liblib_small_printf_m0.a(small_printf_nofloat.o)
 .debug_loc     0x0000000000000305      0x3fc /Users/Rane/LPCXpresso/template/lib_small_printf_m0/Lib/liblib_small_printf_m0.a(small_printf_support.o)
