Archive member included because of file (symbol)

/Users/Rane/LPCXpresso/lab2_1/nxp_lpcxpresso_11u14_board_lib/Debug/libnxp_lpcxpresso_11u14_board_lib.a(board.o)
                              ./example/src/fib_morse.o (Board_LED_Set)
/Users/Rane/LPCXpresso/lab2_1/nxp_lpcxpresso_11u14_board_lib/Debug/libnxp_lpcxpresso_11u14_board_lib.a(board_sysinit.o)
                              ./example/src/sysinit.o (Board_SystemInit)
/Users/Rane/LPCXpresso/lab2_1/lpc_chip_11uxx_lib/Debug/liblpc_chip_11uxx_lib.a(chip_11xx.o)
                              ./example/src/fib_morse.o (SystemCoreClockUpdate)
/Users/Rane/LPCXpresso/lab2_1/lpc_chip_11uxx_lib/Debug/liblpc_chip_11uxx_lib.a(clock_11xx.o)
                              /Users/Rane/LPCXpresso/lab2_1/nxp_lpcxpresso_11u14_board_lib/Debug/libnxp_lpcxpresso_11u14_board_lib.a(board_sysinit.o) (Chip_Clock_SetSystemPLLSource)
/Users/Rane/LPCXpresso/lab2_1/lpc_chip_11uxx_lib/Debug/liblpc_chip_11uxx_lib.a(gpio_11xx_1.o)
                              /Users/Rane/LPCXpresso/lab2_1/nxp_lpcxpresso_11u14_board_lib/Debug/libnxp_lpcxpresso_11u14_board_lib.a(board.o) (Chip_GPIO_Init)
/Users/Rane/LPCXpresso/lab2_1/lpc_chip_11uxx_lib/Debug/liblpc_chip_11uxx_lib.a(iocon_11xx.o)
                              /Users/Rane/LPCXpresso/lab2_1/nxp_lpcxpresso_11u14_board_lib/Debug/libnxp_lpcxpresso_11u14_board_lib.a(board.o) (Chip_IOCON_PinMuxSet)
/Users/Rane/LPCXpresso/lab2_1/lpc_chip_11uxx_lib/Debug/liblpc_chip_11uxx_lib.a(sysctl_11xx.o)
                              /Users/Rane/LPCXpresso/lab2_1/nxp_lpcxpresso_11u14_board_lib/Debug/libnxp_lpcxpresso_11u14_board_lib.a(board_sysinit.o) (Chip_SYSCTL_PowerDown)
/Users/Rane/LPCXpresso/lab2_1/lpc_chip_11uxx_lib/Debug/liblpc_chip_11uxx_lib.a(timer_11xx.o)
                              ./example/src/fib_morse.o (Chip_TIMER_Init)
/Applications/lpcxpresso_7.9.0_455/lpcxpresso/tools/bin/../lib/gcc/arm-none-eabi/4.9.3/../../../../arm-none-eabi/lib/armv6-m/libcr_semihost.a(_cr__main.o)
                              ./example/src/cr_startup_lpc11xx.o (__main)
/Applications/lpcxpresso_7.9.0_455/lpcxpresso/tools/bin/../lib/gcc/arm-none-eabi/4.9.3/../../../../arm-none-eabi/lib/armv6-m/libcr_c.a(fpprintf.o)
                              ./example/src/fib_morse.o (printf)
/Applications/lpcxpresso_7.9.0_455/lpcxpresso/tools/bin/../lib/gcc/arm-none-eabi/4.9.3/../../../../arm-none-eabi/lib/armv6-m/libcr_c.a(initio.o)
                              /Applications/lpcxpresso_7.9.0_455/lpcxpresso/tools/bin/../lib/gcc/arm-none-eabi/4.9.3/../../../../arm-none-eabi/lib/armv6-m/libcr_semihost.a(_cr__main.o) (_initio)
/Applications/lpcxpresso_7.9.0_455/lpcxpresso/tools/bin/../lib/gcc/arm-none-eabi/4.9.3/../../../../arm-none-eabi/lib/armv6-m/libcr_c.a(printf.o)
                              /Applications/lpcxpresso_7.9.0_455/lpcxpresso/tools/bin/../lib/gcc/arm-none-eabi/4.9.3/../../../../arm-none-eabi/lib/armv6-m/libcr_c.a(fpprintf.o) (__vfprintf)
/Applications/lpcxpresso_7.9.0_455/lpcxpresso/tools/bin/../lib/gcc/arm-none-eabi/4.9.3/../../../../arm-none-eabi/lib/armv6-m/libcr_c.a(setvbuf.o)
                              /Applications/lpcxpresso_7.9.0_455/lpcxpresso/tools/bin/../lib/gcc/arm-none-eabi/4.9.3/../../../../arm-none-eabi/lib/armv6-m/libcr_c.a(initio.o) (setvbuf)
/Applications/lpcxpresso_7.9.0_455/lpcxpresso/tools/bin/../lib/gcc/arm-none-eabi/4.9.3/../../../../arm-none-eabi/lib/armv6-m/libcr_c.a(stdio.o)
                              /Applications/lpcxpresso_7.9.0_455/lpcxpresso/tools/bin/../lib/gcc/arm-none-eabi/4.9.3/../../../../arm-none-eabi/lib/armv6-m/libcr_c.a(fpprintf.o) (__Ciob)
/Applications/lpcxpresso_7.9.0_455/lpcxpresso/tools/bin/../lib/gcc/arm-none-eabi/4.9.3/../../../../arm-none-eabi/lib/armv6-m/libcr_c.a(strlen.o)
                              /Applications/lpcxpresso_7.9.0_455/lpcxpresso/tools/bin/../lib/gcc/arm-none-eabi/4.9.3/../../../../arm-none-eabi/lib/armv6-m/libcr_c.a(printf.o) (strlen)
/Applications/lpcxpresso_7.9.0_455/lpcxpresso/tools/bin/../lib/gcc/arm-none-eabi/4.9.3/../../../../arm-none-eabi/lib/armv6-m/libcr_c.a(memset.o)
                              /Applications/lpcxpresso_7.9.0_455/lpcxpresso/tools/bin/../lib/gcc/arm-none-eabi/4.9.3/../../../../arm-none-eabi/lib/armv6-m/libcr_c.a(fpprintf.o) (memset)
/Applications/lpcxpresso_7.9.0_455/lpcxpresso/tools/bin/../lib/gcc/arm-none-eabi/4.9.3/../../../../arm-none-eabi/lib/armv6-m/libcr_c.a(__fillbuf.o)
                              /Applications/lpcxpresso_7.9.0_455/lpcxpresso/tools/bin/../lib/gcc/arm-none-eabi/4.9.3/../../../../arm-none-eabi/lib/armv6-m/libcr_c.a(stdio.o) (__filbuf)
/Applications/lpcxpresso_7.9.0_455/lpcxpresso/tools/bin/../lib/gcc/arm-none-eabi/4.9.3/../../../../arm-none-eabi/lib/armv6-m/libcr_c.a(_deferredlazyseek.o)
                              /Applications/lpcxpresso_7.9.0_455/lpcxpresso/tools/bin/../lib/gcc/arm-none-eabi/4.9.3/../../../../arm-none-eabi/lib/armv6-m/libcr_c.a(__fillbuf.o) (_deferredlazyseek)
[...]
Memory Configuration

Name             Origin             Length             Attributes
MFlash32         0x0000000000000000 0x0000000000008000 xr
RamLoc4          0x0000000010000000 0x0000000000001000 xrw
RamUsb2          0x0000000020004000 0x0000000000000800 xrw
*default*        0x0000000000000000 0xffffffffffffffff

Linker script and memory map

LOAD ./example/src/cr_startup_lpc11xx.o
LOAD ./example/src/fib_morse.o
LOAD ./example/src/sysinit.o
LOAD /Users/Rane/LPCXpresso/lab2_1/nxp_lpcxpresso_11u14_board_lib/Debug/libnxp_lpcxpresso_11u14_board_lib.a
LOAD /Users/Rane/LPCXpresso/lab2_1/lpc_chip_11uxx_lib/Debug/liblpc_chip_11uxx_lib.a
START GROUP
LOAD /Applications/lpcxpresso_7.9.0_455/lpcxpresso/tools/bin/../lib/gcc/arm-none-eabi/4.9.3/../../../../arm-none-eabi/lib/armv6-m/libcr_semihost.a
LOAD /Applications/lpcxpresso_7.9.0_455/lpcxpresso/tools/bin/../lib/gcc/arm-none-eabi/4.9.3/../../../../arm-none-eabi/lib/armv6-m/libcr_c.a
LOAD /Applications/lpcxpresso_7.9.0_455/lpcxpresso/tools/bin/../lib/gcc/arm-none-eabi/4.9.3/armv6-m/libcr_eabihelpers.a
END GROUP
                0x0000000000008000                __top_MFlash32 = 0x8000
                0x0000000000008000                __top_Flash = 0x8000
                0x0000000010001000                __top_RamLoc4 = 0x10001000
                0x0000000010001000                __top_RAM = 0x10001000
                0x0000000020004800                __top_RamUsb2 = 0x20004800
                0x0000000020004800                __top_RAM2 = 0x20004800

.text           0x0000000000000000     0x3760
 FILL mask 0xff
                0x0000000000000000                __vectors_start__ = ABSOLUTE (.)
 *(.isr_vector)
 .isr_vector    0x0000000000000000       0xc0 ./example/src/cr_startup_lpc11xx.o
                0x0000000000000000                g_pfnVectors
                0x00000000000000c0                . = ALIGN (0x4)
                0x00000000000000c0                __section_table_start = .
                0x00000000000000c0                __data_section_table = .
                0x00000000000000c0        0x4 LONG 0x3760 LOADADDR (.data)
                0x00000000000000c4        0x4 LONG 0x10000000 ADDR (.data)
                0x00000000000000c8        0x4 LONG 0x0 SIZEOF (.data)
                0x00000000000000cc        0x4 LONG 0x3760 LOADADDR (.data_RAM2)
                0x00000000000000d0        0x4 LONG 0x20004000 ADDR (.data_RAM2)
                0x00000000000000d4        0x4 LONG 0x0 SIZEOF (.data_RAM2)
                0x00000000000000d8                __data_section_table_end = .
                0x00000000000000d8                __bss_section_table = .
                0x00000000000000d8        0x4 LONG 0x10000000 ADDR (.bss)
                0x00000000000000dc        0x4 LONG 0x154 SIZEOF (.bss)
                0x00000000000000e0        0x4 LONG 0x20004000 ADDR (.bss_RAM2)
                0x00000000000000e4        0x4 LONG 0x0 SIZEOF (.bss_RAM2)
                0x00000000000000e8                __bss_section_table_end = .
                0x00000000000000e8                __section_table_end = .
 *(.after_vectors*)
 .after_vectors
                0x00000000000000e8       0x70 ./example/src/cr_startup_lpc11xx.o
                0x00000000000000e8                NMI_Handler
                0x00000000000000ea                HardFault_Handler
                0x00000000000000ec                SVC_Handler
                0x00000000000000ee                PendSV_Handler
                0x00000000000000f0                SysTick_Handler
                0x00000000000000f2                FLEX_INT1_IRQHandler
                0x00000000000000f2                IntDefaultHandler
                0x00000000000000f2                SSP0_IRQHandler
                0x00000000000000f2                USBWakeup_IRQHandler
                0x00000000000000f2                GINT1_IRQHandler
                0x00000000000000f2                UART_IRQHandler
                0x00000000000000f2                TIMER32_0_IRQHandler
                0x00000000000000f2                FLEX_INT7_IRQHandler
                0x00000000000000f2                TIMER32_1_IRQHandler
                0x00000000000000f2                FLEX_INT6_IRQHandler
                0x00000000000000f2                FMC_IRQHandler
                0x00000000000000f2                TIMER16_0_IRQHandler
                0x00000000000000f2                FLEX_INT0_IRQHandler
                0x00000000000000f2                FLEX_INT2_IRQHandler
                0x00000000000000f2                TIMER16_1_IRQHandler
                0x00000000000000f2                USB_FIQHandler
                0x00000000000000f2                FLEX_INT5_IRQHandler
                0x00000000000000f2                ADC_IRQHandler
                0x00000000000000f2                SSP1_IRQHandler
                0x00000000000000f2                FLEX_INT3_IRQHandler
                0x00000000000000f2                USB_IRQHandler
                0x00000000000000f2                BOD_IRQHandler
                0x00000000000000f2                I2C_IRQHandler
                0x00000000000000f2                WDT_IRQHandler
                0x00000000000000f2                GINT0_IRQHandler
                0x00000000000000f2                FLEX_INT4_IRQHandler
                0x00000000000000f4                data_init
                0x0000000000000106                bss_init
                0x0000000000000116                ResetISR
 *(.text*)
 .text.Chip_TIMER_Enable
                0x0000000000000158       0x1c ./example/src/fib_morse.o
 .text.Chip_TIMER_ReadCount
                0x0000000000000174       0x14 ./example/src/fib_morse.o
 .text.fibonacci
                0x0000000000000188       0x40 ./example/src/fib_morse.o
                0x0000000000000188                fibonacci
 .text.dot      0x00000000000001c8       0x48 ./example/src/fib_morse.o
                0x00000000000001c8                dot
 .text.dash     0x0000000000000210       0x48 ./example/src/fib_morse.o
                0x0000000000000210                dash
 .text.space    0x0000000000000258       0x40 ./example/src/fib_morse.o
                0x0000000000000258                space
 .text.short_space
                0x0000000000000298       0x40 ./example/src/fib_morse.o
                0x0000000000000298                short_space
 .text.lookup   0x00000000000002d8       0x64 ./example/src/fib_morse.o
                0x00000000000002d8                lookup
 .text.extract  0x000000000000033c       0xa4 ./example/src/fib_morse.o
                0x000000000000033c                extract
 .text.main     0x00000000000003e0       0x40 ./example/src/fib_morse.o
                0x00000000000003e0                main
 .text.SystemInit
                0x0000000000000420        0xc ./example/src/sysinit.o
                0x0000000000000420                SystemInit
 .text.Chip_GPIO_SetPinState
                0x000000000000042c       0x3c /Users/Rane/LPCXpresso/lab2_1/nxp_lpcxpresso_11u14_board_lib/Debug/libnxp_lpcxpresso_11u14_board_lib.a(board.o)
 .text.Chip_GPIO_SetPinDIROutput
                0x0000000000000468       0x50 /Users/Rane/LPCXpresso/lab2_1/nxp_lpcxpresso_11u14_board_lib/Debug/libnxp_lpcxpresso_11u14_board_lib.a(board.o)
 .text.Board_LED_Init
                0x00000000000004b8       0x18 /Users/Rane/LPCXpresso/lab2_1/nxp_lpcxpresso_11u14_board_lib/Debug/libnxp_lpcxpresso_11u14_board_lib.a(board.o)
 .text.Board_LED_Set
                0x00000000000004d0       0x34 /Users/Rane/LPCXpresso/lab2_1/nxp_lpcxpresso_11u14_board_lib/Debug/libnxp_lpcxpresso_11u14_board_lib.a(board.o)
                0x00000000000004d0                Board_LED_Set
 .text.Board_Init
                0x0000000000000504       0x18 /Users/Rane/LPCXpresso/lab2_1/nxp_lpcxpresso_11u14_board_lib/Debug/libnxp_lpcxpresso_11u14_board_lib.a(board.o)
                0x0000000000000504                Board_Init
 .text.Chip_FMC_SetFLASHAccess
                0x000000000000051c       0x2c /Users/Rane/LPCXpresso/lab2_1/nxp_lpcxpresso_11u14_board_lib/Debug/libnxp_lpcxpresso_11u14_board_lib.a(board_sysinit.o)
 .text.Chip_Clock_SetupSystemPLL
                0x0000000000000548       0x34 /Users/Rane/LPCXpresso/lab2_1/nxp_lpcxpresso_11u14_board_lib/Debug/libnxp_lpcxpresso_11u14_board_lib.a(board_sysinit.o)
 .text.Chip_Clock_IsSystemPLLLocked
                0x000000000000057c       0x1c /Users/Rane/LPCXpresso/lab2_1/nxp_lpcxpresso_11u14_board_lib/Debug/libnxp_lpcxpresso_11u14_board_lib.a(board_sysinit.o)
 .text.Chip_Clock_SetupUSBPLL
                0x0000000000000598       0x34 /Users/Rane/LPCXpresso/lab2_1/nxp_lpcxpresso_11u14_board_lib/Debug/libnxp_lpcxpresso_11u14_board_lib.a(board_sysinit.o)
 .text.Chip_Clock_IsUSBPLLLocked
                0x00000000000005cc       0x1c /Users/Rane/LPCXpresso/lab2_1/nxp_lpcxpresso_11u14_board_lib/Debug/libnxp_lpcxpresso_11u14_board_lib.a(board_sysinit.o)
 .text.Chip_Clock_SetSysClockDiv
                0x00000000000005e8       0x18 /Users/Rane/LPCXpresso/lab2_1/nxp_lpcxpresso_11u14_board_lib/Debug/libnxp_lpcxpresso_11u14_board_lib.a(board_sysinit.o)
 .text.Chip_Clock_EnablePeriphClock
                0x0000000000000600       0x30 /Users/Rane/LPCXpresso/lab2_1/nxp_lpcxpresso_11u14_board_lib/Debug/libnxp_lpcxpresso_11u14_board_lib.a(board_sysinit.o)
 .text.SystemSetupClocking
                0x0000000000000630       0x90 /Users/Rane/LPCXpresso/lab2_1/nxp_lpcxpresso_11u14_board_lib/Debug/libnxp_lpcxpresso_11u14_board_lib.a(board_sysinit.o)
 .text.SystemSetupMuxing
                0x00000000000006c0       0x58 /Users/Rane/LPCXpresso/lab2_1/nxp_lpcxpresso_11u14_board_lib/Debug/libnxp_lpcxpresso_11u14_board_lib.a(board_sysinit.o)
 .text.Board_SystemInit
                0x0000000000000718       0x10 /Users/Rane/LPCXpresso/lab2_1/nxp_lpcxpresso_11u14_board_lib/Debug/libnxp_lpcxpresso_11u14_board_lib.a(board_sysinit.o)
                0x0000000000000718                Board_SystemInit
 .text.SystemCoreClockUpdate
                0x0000000000000728       0x18 /Users/Rane/LPCXpresso/lab2_1/lpc_chip_11uxx_lib/Debug/liblpc_chip_11uxx_lib.a(chip_11xx.o)
                0x0000000000000728                SystemCoreClockUpdate
 .text.Chip_Clock_GetMainOscRate
                0x0000000000000740       0x14 /Users/Rane/LPCXpresso/lab2_1/lpc_chip_11uxx_lib/Debug/liblpc_chip_11uxx_lib.a(clock_11xx.o)
 .text.Chip_Clock_GetIntOscRate
                0x0000000000000754       0x10 /Users/Rane/LPCXpresso/lab2_1/lpc_chip_11uxx_lib/Debug/liblpc_chip_11uxx_lib.a(clock_11xx.o)
 .text.Chip_Clock_GetWDTLFORate
                0x0000000000000764       0x48 /Users/Rane/LPCXpresso/lab2_1/lpc_chip_11uxx_lib/Debug/liblpc_chip_11uxx_lib.a(clock_11xx.o)
 .text.Chip_Clock_GetPLLFreq
                0x00000000000007ac       0x24 /Users/Rane/LPCXpresso/lab2_1/lpc_chip_11uxx_lib/Debug/liblpc_chip_11uxx_lib.a(clock_11xx.o)
 .text.Chip_Clock_SetSystemPLLSource
                0x00000000000007d0       0x2c /Users/Rane/LPCXpresso/lab2_1/lpc_chip_11uxx_lib/Debug/liblpc_chip_11uxx_lib.a(clock_11xx.o)
                0x00000000000007d0                Chip_Clock_SetSystemPLLSource
 .text.Chip_Clock_SetUSBPLLSource
                0x00000000000007fc       0x2c /Users/Rane/LPCXpresso/lab2_1/lpc_chip_11uxx_lib/Debug/liblpc_chip_11uxx_lib.a(clock_11xx.o)
                0x00000000000007fc                Chip_Clock_SetUSBPLLSource
 .text.Chip_Clock_SetMainClockSource
                0x0000000000000828       0x2c /Users/Rane/LPCXpresso/lab2_1/lpc_chip_11uxx_lib/Debug/liblpc_chip_11uxx_lib.a(clock_11xx.o)
                0x0000000000000828                Chip_Clock_SetMainClockSource
 .text.Chip_Clock_GetWDTOSCRate
                0x0000000000000854       0x1c /Users/Rane/LPCXpresso/lab2_1/lpc_chip_11uxx_lib/Debug/liblpc_chip_11uxx_lib.a(clock_11xx.o)
                0x0000000000000854                Chip_Clock_GetWDTOSCRate
 .text.Chip_Clock_GetSystemPLLInClockRate
                0x0000000000000870       0x40 /Users/Rane/LPCXpresso/lab2_1/lpc_chip_11uxx_lib/Debug/liblpc_chip_11uxx_lib.a(clock_11xx.o)
                0x0000000000000870                Chip_Clock_GetSystemPLLInClockRate
 .text.Chip_Clock_GetSystemPLLOutClockRate
                0x00000000000008b0       0x24 /Users/Rane/LPCXpresso/lab2_1/lpc_chip_11uxx_lib/Debug/liblpc_chip_11uxx_lib.a(clock_11xx.o)
                0x00000000000008b0                Chip_Clock_GetSystemPLLOutClockRate
 .text.Chip_Clock_GetMainClockRate
                0x00000000000008d4       0x64 /Users/Rane/LPCXpresso/lab2_1/lpc_chip_11uxx_lib/Debug/liblpc_chip_11uxx_lib.a(clock_11xx.o)
                0x00000000000008d4                Chip_Clock_GetMainClockRate
 .text.Chip_Clock_GetSystemClockRate
                0x0000000000000938       0x24 /Users/Rane/LPCXpresso/lab2_1/lpc_chip_11uxx_lib/Debug/liblpc_chip_11uxx_lib.a(clock_11xx.o)
                0x0000000000000938                Chip_Clock_GetSystemClockRate
 .text.Chip_Clock_EnablePeriphClock
                0x000000000000095c       0x30 /Users/Rane/LPCXpresso/lab2_1/lpc_chip_11uxx_lib/Debug/liblpc_chip_11uxx_lib.a(gpio_11xx_1.o)
 .text.Chip_GPIO_Init
                0x000000000000098c       0x14 /Users/Rane/LPCXpresso/lab2_1/lpc_chip_11uxx_lib/Debug/liblpc_chip_11uxx_lib.a(gpio_11xx_1.o)
                0x000000000000098c                Chip_GPIO_Init
 .text.Chip_IOCON_PinMuxSet
                0x00000000000009a0       0x50 /Users/Rane/LPCXpresso/lab2_1/lpc_chip_11uxx_lib/Debug/liblpc_chip_11uxx_lib.a(iocon_11xx.o)
                0x00000000000009a0                Chip_IOCON_PinMuxSet
 .text.Chip_SYSCTL_PowerDown
                0x00000000000009f0       0x40 /Users/Rane/LPCXpresso/lab2_1/lpc_chip_11uxx_lib/Debug/liblpc_chip_11uxx_lib.a(sysctl_11xx.o)
                0x00000000000009f0                Chip_SYSCTL_PowerDown
 .text.Chip_SYSCTL_PowerUp
                0x0000000000000a30       0x44 /Users/Rane/LPCXpresso/lab2_1/lpc_chip_11uxx_lib/Debug/liblpc_chip_11uxx_lib.a(sysctl_11xx.o)
                0x0000000000000a30                Chip_SYSCTL_PowerUp
 .text.Chip_Clock_EnablePeriphClock
                0x0000000000000a74       0x30 /Users/Rane/LPCXpresso/lab2_1/lpc_chip_11uxx_lib/Debug/liblpc_chip_11uxx_lib.a(timer_11xx.o)
 .text.Chip_TIMER_GetClock
                0x0000000000000aa4       0x60 /Users/Rane/LPCXpresso/lab2_1/lpc_chip_11uxx_lib/Debug/liblpc_chip_11uxx_lib.a(timer_11xx.o)
 .text.Chip_TIMER_Init
                0x0000000000000b04       0x20 /Users/Rane/LPCXpresso/lab2_1/lpc_chip_11uxx_lib/Debug/liblpc_chip_11uxx_lib.a(timer_11xx.o)
                0x0000000000000b04                Chip_TIMER_Init
 .text.Chip_TIMER_Reset
                0x0000000000000b24       0x38 /Users/Rane/LPCXpresso/lab2_1/lpc_chip_11uxx_lib/Debug/liblpc_chip_11uxx_lib.a(timer_11xx.o)
                0x0000000000000b24                Chip_TIMER_Reset
 .text.__main   0x0000000000000b5c       0x12 /Applications/lpcxpresso_7.9.0_455/lpcxpresso/tools/bin/../lib/gcc/arm-none-eabi/4.9.3/../../../../arm-none-eabi/lib/armv6-m/libcr_semihost.a(_cr__main.o)
                0x0000000000000b5c                __main
                0x0000000000000b5c                __CR_SEMIHOST
 .text.fp_round
                0x0000000000000b6e       0x48 /Applications/lpcxpresso_7.9.0_455/lpcxpresso/tools/bin/../lib/gcc/arm-none-eabi/4.9.3/../../../../arm-none-eabi/lib/armv6-m/libcr_c.a(fpprintf.o)
 .text.pr_dec.constprop.1
                0x0000000000000bb6       0x28 /Applications/lpcxpresso_7.9.0_455/lpcxpresso/tools/bin/../lib/gcc/arm-none-eabi/4.9.3/../../../../arm-none-eabi/lib/armv6-m/libcr_c.a(fpprintf.o)
 *fill*         0x0000000000000bde        0x2 
 .text.sprintf  0x0000000000000be0       0x6c /Applications/lpcxpresso_7.9.0_455/lpcxpresso/tools/bin/../lib/gcc/arm-none-eabi/4.9.3/../../../../arm-none-eabi/lib/armv6-m/libcr_c.a(fpprintf.o)
                0x0000000000000be0                sprintf
 .text.fp_display
                0x0000000000000c4c      0x958 /Applications/lpcxpresso_7.9.0_455/lpcxpresso/tools/bin/../lib/gcc/arm-none-eabi/4.9.3/../../../../arm-none-eabi/lib/armv6-m/libcr_c.a(fpprintf.o)
 .text.vsnprintf
                0x00000000000015a4       0x60 /Applications/lpcxpresso_7.9.0_455/lpcxpresso/tools/bin/../lib/gcc/arm-none-eabi/4.9.3/../../../../arm-none-eabi/lib/armv6-m/libcr_c.a(fpprintf.o)
                0x00000000000015a4                vsnprintf
 .text.printf   0x0000000000001604       0x50 /Applications/lpcxpresso_7.9.0_455/lpcxpresso/tools/bin/../lib/gcc/arm-none-eabi/4.9.3/../../../../arm-none-eabi/lib/armv6-m/libcr_c.a(fpprintf.o)
                0x0000000000001604                printf
 .text._initio  0x0000000000001654       0xa8 /Applications/lpcxpresso_7.9.0_455/lpcxpresso/tools/bin/../lib/gcc/arm-none-eabi/4.9.3/../../../../arm-none-eabi/lib/armv6-m/libcr_c.a(initio.o)
                0x0000000000001654                _initio
 .text.__vfprintf
                0x00000000000016fc      0xd48 /Applications/lpcxpresso_7.9.0_455/lpcxpresso/tools/bin/../lib/gcc/arm-none-eabi/4.9.3/../../../../arm-none-eabi/lib/armv6-m/libcr_c.a(printf.o)
                0x00000000000016fc                __vfprintf
 .text.setvbuf  0x0000000000002444       0x48 /Applications/lpcxpresso_7.9.0_455/lpcxpresso/tools/bin/../lib/gcc/arm-none-eabi/4.9.3/../../../../arm-none-eabi/lib/armv6-m/libcr_c.a(setvbuf.o)
                0x0000000000002444                setvbuf
 .text.strlen   0x000000000000248c       0x54 /Applications/lpcxpresso_7.9.0_455/lpcxpresso/tools/bin/../lib/gcc/arm-none-eabi/4.9.3/../../../../arm-none-eabi/lib/armv6-m/libcr_c.a(strlen.o)
                0x000000000000248c                strlen
 .text.memset   0x00000000000024e0        0x8 /Applications/lpcxpresso_7.9.0_455/lpcxpresso/tools/bin/../lib/gcc/arm-none-eabi/4.9.3/../../../../arm-none-eabi/lib/armv6-m/libcr_c.a(memset.o)
                0x00000000000024e0                memset
 .text._deferredlazyseek
                0x00000000000024e8       0x44 /Applications/lpcxpresso_7.9.0_455/lpcxpresso/tools/bin/../lib/gcc/arm-none-eabi/4.9.3/../../../../arm-none-eabi/lib/armv6-m/libcr_c.a(_deferredlazyseek.o)
                0x00000000000024e8                _deferredlazyseek
 .text.__flsbuf
                0x000000000000252c      0x150 /Applications/lpcxpresso_7.9.0_455/lpcxpresso/tools/bin/../lib/gcc/arm-none-eabi/4.9.3/../../../../arm-none-eabi/lib/armv6-m/libcr_c.a(_deferredlazyseek.o)
                0x000000000000252c                __flsbuf
 .text._fdopen  0x000000000000267c       0x68 /Applications/lpcxpresso_7.9.0_455/lpcxpresso/tools/bin/../lib/gcc/arm-none-eabi/4.9.3/../../../../arm-none-eabi/lib/armv6-m/libcr_c.a(_fdopen.o)
                0x000000000000267c                _fdopen
 .text._fflush  0x00000000000026e4       0x64 /Applications/lpcxpresso_7.9.0_455/lpcxpresso/tools/bin/../lib/gcc/arm-none-eabi/4.9.3/../../../../arm-none-eabi/lib/armv6-m/libcr_c.a(_fflush.o)
                0x00000000000026e4                _fflush
 .text._frexpl  0x0000000000002748       0x84 /Applications/lpcxpresso_7.9.0_455/lpcxpresso/tools/bin/../lib/gcc/arm-none-eabi/4.9.3/../../../../arm-none-eabi/lib/armv6-m/libcr_c.a(_frexpl.o)
                0x0000000000002748                _frexpl
 .text._ldexpl  0x00000000000027cc       0x58 /Applications/lpcxpresso_7.9.0_455/lpcxpresso/tools/bin/../lib/gcc/arm-none-eabi/4.9.3/../../../../arm-none-eabi/lib/armv6-m/libcr_c.a(_ldexpl.o)
                0x00000000000027cc                _ldexpl
 .text._Cwritebuf
                0x0000000000002824       0x6c /Applications/lpcxpresso_7.9.0_455/lpcxpresso/tools/bin/../lib/gcc/arm-none-eabi/4.9.3/../../../../arm-none-eabi/lib/armv6-m/libcr_c.a(_writebuf.o)
                0x0000000000002824                _Cwritebuf
 .text.malloc   0x0000000000002890       0xcc /Applications/lpcxpresso_7.9.0_455/lpcxpresso/tools/bin/../lib/gcc/arm-none-eabi/4.9.3/../../../../arm-none-eabi/lib/armv6-m/libcr_c.a(alloc.o)
                0x0000000000002890                malloc
 .text.free     0x000000000000295c       0x2e /Applications/lpcxpresso_7.9.0_455/lpcxpresso/tools/bin/../lib/gcc/arm-none-eabi/4.9.3/../../../../arm-none-eabi/lib/armv6-m/libcr_c.a(alloc.o)
                0x000000000000295c                free
 *fill*         0x000000000000298a        0x2 
 .text._Csys_alloc
                0x000000000000298c       0x20 /Applications/lpcxpresso_7.9.0_455/lpcxpresso/tools/bin/../lib/gcc/arm-none-eabi/4.9.3/../../../../arm-none-eabi/lib/armv6-m/libcr_c.a(alloc.o)
                0x000000000000298c                _Csys_alloc
 .text.fclose   0x00000000000029ac       0x70 /Applications/lpcxpresso_7.9.0_455/lpcxpresso/tools/bin/../lib/gcc/arm-none-eabi/4.9.3/../../../../arm-none-eabi/lib/armv6-m/libcr_c.a(fclose.o)
                0x00000000000029ac                fclose
 .text.fflush   0x0000000000002a1c       0x34 /Applications/lpcxpresso_7.9.0_455/lpcxpresso/tools/bin/../lib/gcc/arm-none-eabi/4.9.3/../../../../arm-none-eabi/lib/armv6-m/libcr_c.a(fflush.o)
                0x0000000000002a1c                fflush
 .text.fseek    0x0000000000002a50      0x100 /Applications/lpcxpresso_7.9.0_455/lpcxpresso/tools/bin/../lib/gcc/arm-none-eabi/4.9.3/../../../../arm-none-eabi/lib/armv6-m/libcr_c.a(fseek.o)
                0x0000000000002a50                fseek
 .text.ftell    0x0000000000002b50       0x4c /Applications/lpcxpresso_7.9.0_455/lpcxpresso/tools/bin/../lib/gcc/arm-none-eabi/4.9.3/../../../../arm-none-eabi/lib/armv6-m/libcr_c.a(ftell.o)
                0x0000000000002b50                ftell
 .text.remove   0x0000000000002b9c       0x12 /Applications/lpcxpresso_7.9.0_455/lpcxpresso/tools/bin/../lib/gcc/arm-none-eabi/4.9.3/../../../../arm-none-eabi/lib/armv6-m/libcr_c.a(remove.o)
                0x0000000000002b9c                remove
 *fill*         0x0000000000002bae        0x2 
 .text._sbrk    0x0000000000002bb0       0x40 /Applications/lpcxpresso_7.9.0_455/lpcxpresso/tools/bin/../lib/gcc/arm-none-eabi/4.9.3/../../../../arm-none-eabi/lib/armv6-m/libcr_c.a(_cr_sbrk.o)
                0x0000000000002bb0                _sbrk
 .text._do_fflush
                0x0000000000002bf0       0x4c /Applications/lpcxpresso_7.9.0_455/lpcxpresso/tools/bin/../lib/gcc/arm-none-eabi/4.9.3/../../../../arm-none-eabi/lib/armv6-m/libcr_c.a(_do_fflush.o)
                0x0000000000002bf0                _do_fflush
 .text.__check_heap_overflow
                0x0000000000002c3c       0x14 /Applications/lpcxpresso_7.9.0_455/lpcxpresso/tools/bin/../lib/gcc/arm-none-eabi/4.9.3/../../../../arm-none-eabi/lib/armv6-m/libcr_c.a(_cr_check_heap.o)
                0x0000000000002c3c                __check_heap_overflow
 .text.__aeabi_division_idivmod
                0x0000000000002c50       0x78 /Applications/lpcxpresso_7.9.0_455/lpcxpresso/tools/bin/../lib/gcc/arm-none-eabi/4.9.3/armv6-m/libcr_eabihelpers.a(division_32.o)
                0x0000000000002c50                __aeabi_idiv
                0x0000000000002c50                __aeabi_idivmod
                0x0000000000002c56                __aeabi_uidiv
                0x0000000000002c56                __aeabi_uidivmod
 .text.__aeabi_division_idiv0
                0x0000000000002cc8        0x2 /Applications/lpcxpresso_7.9.0_455/lpcxpresso/tools/bin/../lib/gcc/arm-none-eabi/4.9.3/armv6-m/libcr_eabihelpers.a(division_idiv0.o)
                0x0000000000002cc8                __aeabi_idiv0
 *fill*         0x0000000000002cca        0x2 
 .text.__aeabi_dmul
                0x0000000000002ccc      0x178 /Applications/lpcxpresso_7.9.0_455/lpcxpresso/tools/bin/../lib/gcc/arm-none-eabi/4.9.3/armv6-m/libcr_eabihelpers.a(double.o)
                0x0000000000002ccc                __aeabi_dmul
 .text.__aeabi_ddiv
                0x0000000000002e44      0x150 /Applications/lpcxpresso_7.9.0_455/lpcxpresso/tools/bin/../lib/gcc/arm-none-eabi/4.9.3/armv6-m/libcr_eabihelpers.a(double.o)
                0x0000000000002e44                __aeabi_ddiv
 .text.__aeabi_dsub
                0x0000000000002f94      0x1d8 /Applications/lpcxpresso_7.9.0_455/lpcxpresso/tools/bin/../lib/gcc/arm-none-eabi/4.9.3/armv6-m/libcr_eabihelpers.a(double.o)
                0x0000000000002f94                __aeabi_dsub
 .text.__aeabi_dadd
                0x000000000000316c      0x140 /Applications/lpcxpresso_7.9.0_455/lpcxpresso/tools/bin/../lib/gcc/arm-none-eabi/4.9.3/armv6-m/libcr_eabihelpers.a(double.o)
                0x000000000000316c                __aeabi_dadd
 .text.__aeabi_d2iz
                0x00000000000032ac       0x48 /Applications/lpcxpresso_7.9.0_455/lpcxpresso/tools/bin/../lib/gcc/arm-none-eabi/4.9.3/armv6-m/libcr_eabihelpers.a(double.o)
                0x00000000000032ac                __aeabi_d2iz
 .text.__bhs_ui2d
                0x00000000000032f4       0x5e /Applications/lpcxpresso_7.9.0_455/lpcxpresso/tools/bin/../lib/gcc/arm-none-eabi/4.9.3/armv6-m/libcr_eabihelpers.a(double.o)
                0x00000000000032f4                __bhs_ui2d
 .text.__aeabi_i2d
                0x0000000000003352       0x16 /Applications/lpcxpresso_7.9.0_455/lpcxpresso/tools/bin/../lib/gcc/arm-none-eabi/4.9.3/armv6-m/libcr_eabihelpers.a(double.o)
                0x0000000000003352                __aeabi_i2d
 .text.__aeabi_dcmpeq
                0x0000000000003368       0x30 /Applications/lpcxpresso_7.9.0_455/lpcxpresso/tools/bin/../lib/gcc/arm-none-eabi/4.9.3/armv6-m/libcr_eabihelpers.a(double.o)
                0x0000000000003368                __aeabi_dcmpeq
 .text.__aeabi_dcmplt
                0x0000000000003398       0x5c /Applications/lpcxpresso_7.9.0_455/lpcxpresso/tools/bin/../lib/gcc/arm-none-eabi/4.9.3/armv6-m/libcr_eabihelpers.a(double.o)
                0x0000000000003398                __aeabi_dcmplt
 .text.__aeabi_dcmple
                0x00000000000033f4       0x60 /Applications/lpcxpresso_7.9.0_455/lpcxpresso/tools/bin/../lib/gcc/arm-none-eabi/4.9.3/armv6-m/libcr_eabihelpers.a(double.o)
                0x00000000000033f4                __aeabi_dcmple
 .text.__aeabi_dcmpge
                0x0000000000003454       0x64 /Applications/lpcxpresso_7.9.0_455/lpcxpresso/tools/bin/../lib/gcc/arm-none-eabi/4.9.3/armv6-m/libcr_eabihelpers.a(double.o)
                0x0000000000003454                __aeabi_dcmpge
 .text.__aeabi_llong_lmul
                0x00000000000034b8       0x2e /Applications/lpcxpresso_7.9.0_455/lpcxpresso/tools/bin/../lib/gcc/arm-none-eabi/4.9.3/armv6-m/libcr_eabihelpers.a(llong.o)
                0x00000000000034b8                __aeabi_lmul
 .text.__aeabi_memset_lowlevel
                0x00000000000034e6       0x2a /Applications/lpcxpresso_7.9.0_455/lpcxpresso/tools/bin/../lib/gcc/arm-none-eabi/4.9.3/armv6-m/libcr_eabihelpers.a(memcpy.o)
                0x00000000000034e6                __aeabi_lowlevel_memset
 .text.__sys_appexit
                0x0000000000003510        0xc /Applications/lpcxpresso_7.9.0_455/lpcxpresso/tools/bin/../lib/gcc/arm-none-eabi/4.9.3/../../../../arm-none-eabi/lib/armv6-m/libcr_semihost.a(__sys_appexit.o)
                0x0000000000003510                __exit
                0x0000000000003510                __sys_appexit
 .text.__sys_close
                0x000000000000351c        0xc /Applications/lpcxpresso_7.9.0_455/lpcxpresso/tools/bin/../lib/gcc/arm-none-eabi/4.9.3/../../../../arm-none-eabi/lib/armv6-m/libcr_semihost.a(__sys_close.o)
                0x000000000000351c                __sys_close
 .text.__sys_flen
                0x0000000000003528        0xc /Applications/lpcxpresso_7.9.0_455/lpcxpresso/tools/bin/../lib/gcc/arm-none-eabi/4.9.3/../../../../arm-none-eabi/lib/armv6-m/libcr_semihost.a(__sys_flen.o)
                0x0000000000003528                __sys_flen
 .text.__sys_istty
                0x0000000000003534        0xc /Applications/lpcxpresso_7.9.0_455/lpcxpresso/tools/bin/../lib/gcc/arm-none-eabi/4.9.3/../../../../arm-none-eabi/lib/armv6-m/libcr_semihost.a(__sys_istty.o)
                0x0000000000003534                __sys_istty
 .text.__sys_remove
                0x0000000000003540        0xc /Applications/lpcxpresso_7.9.0_455/lpcxpresso/tools/bin/../lib/gcc/arm-none-eabi/4.9.3/../../../../arm-none-eabi/lib/armv6-m/libcr_semihost.a(__sys_remove.o)
                0x0000000000003540                __sys_remove
 .text.__sys_seek
                0x000000000000354c        0xc /Applications/lpcxpresso_7.9.0_455/lpcxpresso/tools/bin/../lib/gcc/arm-none-eabi/4.9.3/../../../../arm-none-eabi/lib/armv6-m/libcr_semihost.a(__sys_seek.o)
                0x000000000000354c                __sys_seek
 .text.__sys_tmpnam
                0x0000000000003558        0xc /Applications/lpcxpresso_7.9.0_455/lpcxpresso/tools/bin/../lib/gcc/arm-none-eabi/4.9.3/../../../../arm-none-eabi/lib/armv6-m/libcr_semihost.a(__sys_tmpnam.o)
                0x0000000000003558                __sys_tmpnam
 .text.__sys_write
                0x0000000000003564        0xc /Applications/lpcxpresso_7.9.0_455/lpcxpresso/tools/bin/../lib/gcc/arm-none-eabi/4.9.3/../../../../arm-none-eabi/lib/armv6-m/libcr_semihost.a(__sys_write.o)
                0x0000000000003564                __write
                0x0000000000003564                __sys_write
 *(.rodata .rodata.* .constdata .constdata.*)
 .rodata.table  0x0000000000003570       0xc0 ./example/src/fib_morse.o
 .rodata        0x0000000000003630       0x38 ./example/src/fib_morse.o
 .rodata.OscRateIn
                0x0000000000003668        0x4 /Users/Rane/LPCXpresso/lab2_1/nxp_lpcxpresso_11u14_board_lib/Debug/libnxp_lpcxpresso_11u14_board_lib.a(board.o)
                0x0000000000003668                OscRateIn
 .rodata.pinmuxing
                0x000000000000366c       0x24 /Users/Rane/LPCXpresso/lab2_1/nxp_lpcxpresso_11u14_board_lib/Debug/libnxp_lpcxpresso_11u14_board_lib.a(board_sysinit.o)
 .rodata.wdtOSCRate
                0x0000000000003690       0x40 /Users/Rane/LPCXpresso/lab2_1/lpc_chip_11uxx_lib/Debug/liblpc_chip_11uxx_lib.a(clock_11xx.o)
 .rodata.str1.1
                0x00000000000036d0       0x34 /Applications/lpcxpresso_7.9.0_455/lpcxpresso/tools/bin/../lib/gcc/arm-none-eabi/4.9.3/../../../../arm-none-eabi/lib/armv6-m/libcr_c.a(fpprintf.o)
                                         0x35 (size before relaxing)
 .rodata.str1.1
                0x0000000000003704        0x4 /Applications/lpcxpresso_7.9.0_455/lpcxpresso/tools/bin/../lib/gcc/arm-none-eabi/4.9.3/../../../../arm-none-eabi/lib/armv6-m/libcr_c.a(initio.o)
 .rodata.str1.1
                0x0000000000003708       0x31 /Applications/lpcxpresso_7.9.0_455/lpcxpresso/tools/bin/../lib/gcc/arm-none-eabi/4.9.3/../../../../arm-none-eabi/lib/armv6-m/libcr_c.a(printf.o)
                                         0x38 (size before relaxing)
 .rodata.str1.1
                0x0000000000003739       0x18 /Applications/lpcxpresso_7.9.0_455/lpcxpresso/tools/bin/../lib/gcc/arm-none-eabi/4.9.3/../../../../arm-none-eabi/lib/armv6-m/libcr_c.a(alloc.o)
 *fill*         0x0000000000003751        0x7 
 .rodata.__huge_vall
                0x0000000000003758        0x8 /Applications/lpcxpresso_7.9.0_455/lpcxpresso/tools/bin/../lib/gcc/arm-none-eabi/4.9.3/../../../../arm-none-eabi/lib/armv6-m/libcr_c.a(_hugeval.o)
                0x0000000000003758                __huge_vall
                0x0000000000003760                . = ALIGN (0x4)

.glue_7         0x0000000000003760        0x0
 .glue_7        0x0000000000000000        0x0 linker stubs

.glue_7t        0x0000000000003760        0x0
 .glue_7t       0x0000000000000000        0x0 linker stubs

.vfp11_veneer   0x0000000000003760        0x0
 .vfp11_veneer  0x0000000000000000        0x0 linker stubs

.v4_bx          0x0000000000003760        0x0
 .v4_bx         0x0000000000000000        0x0 linker stubs

.iplt           0x0000000000003760        0x0
 .iplt          0x0000000000000000        0x0 ./example/src/cr_startup_lpc11xx.o

.rel.dyn        0x0000000000003760        0x0
 .rel.iplt      0x0000000000000000        0x0 ./example/src/cr_startup_lpc11xx.o

.ARM.extab
 *(.ARM.extab* .gnu.linkonce.armextab.*)
                0x0000000000003760                __exidx_start = .

.ARM.exidx
 *(.ARM.exidx* .gnu.linkonce.armexidx.*)
                0x0000000000003760                __exidx_end = .
                0x0000000000003760                _etext = .

.data_RAM2      0x0000000020004000        0x0 load address 0x0000000000003760
 FILL mask 0xff
                0x0000000020004000                PROVIDE (__start_data_RAM2, .)
 *(.ramfunc.$RAM2)
 *(.ramfunc.$RamUsb2)
 *(.data.$RAM2*)
 *(.data.$RamUsb2*)
                0x0000000020004000                . = ALIGN (0x4)
                0x0000000020004000                PROVIDE (__end_data_RAM2, .)

.uninit_RESERVED
                0x0000000010000000        0x0
 *(.bss.$RESERVED*)
                0x0000000010000000                . = ALIGN (0x4)
                0x0000000010000000                _end_uninit_RESERVED = .

.data           0x0000000010000000        0x0 load address 0x0000000000003760
 FILL mask 0xff
                0x0000000010000000                _data = .
 *(vtable)
 *(.ramfunc*)
 *(.data*)
                0x0000000010000000                . = ALIGN (0x4)
                0x0000000010000000                _edata = .

.igot.plt       0x0000000010000000        0x0 load address 0x0000000000003760
 .igot.plt      0x0000000000000000        0x0 ./example/src/cr_startup_lpc11xx.o

.bss_RAM2       0x0000000020004000        0x0
                0x0000000020004000                PROVIDE (__start_bss_RAM2, .)
 *(.bss.$RAM2*)
 *(.bss.$RamUsb2*)
                0x0000000020004000                . = ALIGN ((. != 0x0)?0x4:0x1)
                0x0000000020004000                PROVIDE (__end_bss_RAM2, .)

.bss            0x0000000010000000      0x154
                0x0000000010000000                _bss = .
 *(.bss*)
 .bss.errno     0x0000000010000000        0x4 /Applications/lpcxpresso_7.9.0_455/lpcxpresso/tools/bin/../lib/gcc/arm-none-eabi/4.9.3/../../../../arm-none-eabi/lib/armv6-m/libcr_c.a(errno.o)
                0x0000000010000000                errno
 *(COMMON)
 COMMON         0x0000000010000004        0x4 /Users/Rane/LPCXpresso/lab2_1/lpc_chip_11uxx_lib/Debug/liblpc_chip_11uxx_lib.a(chip_11xx.o)
                0x0000000010000004                SystemCoreClock
 COMMON         0x0000000010000008        0x4 /Applications/lpcxpresso_7.9.0_455/lpcxpresso/tools/bin/../lib/gcc/arm-none-eabi/4.9.3/../../../../arm-none-eabi/lib/armv6-m/libcr_c.a(initio.o)
                0x0000000010000008                _extra
 COMMON         0x000000001000000c      0x140 /Applications/lpcxpresso_7.9.0_455/lpcxpresso/tools/bin/../lib/gcc/arm-none-eabi/4.9.3/../../../../arm-none-eabi/lib/armv6-m/libcr_c.a(stdio.o)
                0x000000001000000c                __Ciob
 COMMON         0x000000001000014c        0x8 /Applications/lpcxpresso_7.9.0_455/lpcxpresso/tools/bin/../lib/gcc/arm-none-eabi/4.9.3/../../../../arm-none-eabi/lib/armv6-m/libcr_c.a(__init_alloc.o)
                0x000000001000014c                __heaps
                0x0000000010000150                __end_of_heap
                0x0000000010000154                . = ALIGN (0x4)
                0x0000000010000154                _ebss = .
                0x0000000010000154                PROVIDE (end, .)

.noinit_RAM2    0x0000000020004000        0x0
 *(.noinit.$RAM2*)
 *(.noinit.$RamUsb2*)
                0x0000000020004000                . = ALIGN (0x4)

.noinit         0x0000000010000154        0x0
                0x0000000010000154                _noinit = .
 *(.noinit*)
                0x0000000010000154                . = ALIGN (0x4)
                0x0000000010000154                _end_noinit = .
                0x0000000010000154                PROVIDE (_pvHeapStart, DEFINED (__user_heap_base)?__user_heap_base:.)
                0x0000000010001000                PROVIDE (_vStackTop, DEFINED (__user_stack_top)?__user_stack_top:(__top_RamLoc4 - 0x0))
                0xffffffffefffed15                PROVIDE (__valid_user_code_checksum, (0x0 - (((_vStackTop + (ResetISR + 0x1)) + (DEFINED (NMI_Handler)?NMI_Handler:M0_NMI_Handler + 0x1)) + (DEFINED (HardFault_Handler)?HardFault_Handler:M0_HardFault_Handler + 0x1))))
OUTPUT(nxp_lpcxpresso_11u14_fib_morse.axf elf32-littlearm)

.debug_info     0x0000000000000000     0x36b5
 .debug_info    0x0000000000000000      0x252 ./example/src/cr_startup_lpc11xx.o
 .debug_info    0x0000000000000252      0x384 ./example/src/fib_morse.o
 .debug_info    0x00000000000005d6       0xb8 ./example/src/sysinit.o
 .debug_info    0x000000000000068e      0x4dd /Users/Rane/LPCXpresso/lab2_1/nxp_lpcxpresso_11u14_board_lib/Debug/libnxp_lpcxpresso_11u14_board_lib.a(board.o)
 .debug_info    0x0000000000000b6b      0x95c /Users/Rane/LPCXpresso/lab2_1/nxp_lpcxpresso_11u14_board_lib/Debug/libnxp_lpcxpresso_11u14_board_lib.a(board_sysinit.o)
 .debug_info    0x00000000000014c7       0xc2 /Users/Rane/LPCXpresso/lab2_1/lpc_chip_11uxx_lib/Debug/liblpc_chip_11uxx_lib.a(chip_11xx.o)
 .debug_info    0x0000000000001589      0x8ca /Users/Rane/LPCXpresso/lab2_1/lpc_chip_11uxx_lib/Debug/liblpc_chip_11uxx_lib.a(clock_11xx.o)
 .debug_info    0x0000000000001e53      0x96f /Users/Rane/LPCXpresso/lab2_1/lpc_chip_11uxx_lib/Debug/liblpc_chip_11uxx_lib.a(gpio_11xx_1.o)
 .debug_info    0x00000000000027c2      0x155 /Users/Rane/LPCXpresso/lab2_1/lpc_chip_11uxx_lib/Debug/liblpc_chip_11uxx_lib.a(iocon_11xx.o)
 .debug_info    0x0000000000002917      0x583 /Users/Rane/LPCXpresso/lab2_1/lpc_chip_11uxx_lib/Debug/liblpc_chip_11uxx_lib.a(sysctl_11xx.o)
 .debug_info    0x0000000000002e9a      0x81b /Users/Rane/LPCXpresso/lab2_1/lpc_chip_11uxx_lib/Debug/liblpc_chip_11uxx_lib.a(timer_11xx.o)

.debug_abbrev   0x0000000000000000      0xd81
 .debug_abbrev  0x0000000000000000       0xf9 ./example/src/cr_startup_lpc11xx.o
 .debug_abbrev  0x00000000000000f9      0x173 ./example/src/fib_morse.o
 .debug_abbrev  0x000000000000026c       0x6a ./example/src/sysinit.o
 .debug_abbrev  0x00000000000002d6      0x20f /Users/Rane/LPCXpresso/lab2_1/nxp_lpcxpresso_11u14_board_lib/Debug/libnxp_lpcxpresso_11u14_board_lib.a(board.o)
 .debug_abbrev  0x00000000000004e5      0x1cb /Users/Rane/LPCXpresso/lab2_1/nxp_lpcxpresso_11u14_board_lib/Debug/libnxp_lpcxpresso_11u14_board_lib.a(board_sysinit.o)
 .debug_abbrev  0x00000000000006b0       0x7b /Users/Rane/LPCXpresso/lab2_1/lpc_chip_11uxx_lib/Debug/liblpc_chip_11uxx_lib.a(chip_11xx.o)
 .debug_abbrev  0x000000000000072b      0x1bc /Users/Rane/LPCXpresso/lab2_1/lpc_chip_11uxx_lib/Debug/liblpc_chip_11uxx_lib.a(clock_11xx.o)
 .debug_abbrev  0x00000000000008e7      0x173 /Users/Rane/LPCXpresso/lab2_1/lpc_chip_11uxx_lib/Debug/liblpc_chip_11uxx_lib.a(gpio_11xx_1.o)
 .debug_abbrev  0x0000000000000a5a       0xc8 /Users/Rane/LPCXpresso/lab2_1/lpc_chip_11uxx_lib/Debug/liblpc_chip_11uxx_lib.a(iocon_11xx.o)
 .debug_abbrev  0x0000000000000b22       0xce /Users/Rane/LPCXpresso/lab2_1/lpc_chip_11uxx_lib/Debug/liblpc_chip_11uxx_lib.a(sysctl_11xx.o)
 .debug_abbrev  0x0000000000000bf0      0x191 /Users/Rane/LPCXpresso/lab2_1/lpc_chip_11uxx_lib/Debug/liblpc_chip_11uxx_lib.a(timer_11xx.o)

.debug_loc      0x0000000000000000      0x1a4
 .debug_loc     0x0000000000000000      0x1a4 ./example/src/cr_startup_lpc11xx.o

.debug_aranges  0x0000000000000000      0x3d8
 .debug_aranges
                0x0000000000000000       0x60 ./example/src/cr_startup_lpc11xx.o
 .debug_aranges
                0x0000000000000060       0x68 ./example/src/fib_morse.o
 .debug_aranges
                0x00000000000000c8       0x20 ./example/src/sysinit.o
 .debug_aranges
                0x00000000000000e8       0xa8 /Users/Rane/LPCXpresso/lab2_1/nxp_lpcxpresso_11u14_board_lib/Debug/libnxp_lpcxpresso_11u14_board_lib.a(board.o)
 .debug_aranges
                0x0000000000000190       0x68 /Users/Rane/LPCXpresso/lab2_1/nxp_lpcxpresso_11u14_board_lib/Debug/libnxp_lpcxpresso_11u14_board_lib.a(board_sysinit.o)
 .debug_aranges
                0x00000000000001f8       0x20 /Users/Rane/LPCXpresso/lab2_1/lpc_chip_11uxx_lib/Debug/liblpc_chip_11uxx_lib.a(chip_11xx.o)
 .debug_aranges
                0x0000000000000218       0xa0 /Users/Rane/LPCXpresso/lab2_1/lpc_chip_11uxx_lib/Debug/liblpc_chip_11uxx_lib.a(clock_11xx.o)
 .debug_aranges
                0x00000000000002b8       0x78 /Users/Rane/LPCXpresso/lab2_1/lpc_chip_11uxx_lib/Debug/liblpc_chip_11uxx_lib.a(gpio_11xx_1.o)
 .debug_aranges
                0x0000000000000330       0x20 /Users/Rane/LPCXpresso/lab2_1/lpc_chip_11uxx_lib/Debug/liblpc_chip_11uxx_lib.a(iocon_11xx.o)
 .debug_aranges
                0x0000000000000350       0x38 /Users/Rane/LPCXpresso/lab2_1/lpc_chip_11uxx_lib/Debug/liblpc_chip_11uxx_lib.a(sysctl_11xx.o)
 .debug_aranges
                0x0000000000000388       0x50 /Users/Rane/LPCXpresso/lab2_1/lpc_chip_11uxx_lib/Debug/liblpc_chip_11uxx_lib.a(timer_11xx.o)

.debug_ranges   0x0000000000000000      0x328
 .debug_ranges  0x0000000000000000       0x50 ./example/src/cr_startup_lpc11xx.o
 .debug_ranges  0x0000000000000050       0x58 ./example/src/fib_morse.o
 .debug_ranges  0x00000000000000a8       0x10 ./example/src/sysinit.o
 .debug_ranges  0x00000000000000b8       0x98 /Users/Rane/LPCXpresso/lab2_1/nxp_lpcxpresso_11u14_board_lib/Debug/libnxp_lpcxpresso_11u14_board_lib.a(board.o)
 .debug_ranges  0x0000000000000150       0x58 /Users/Rane/LPCXpresso/lab2_1/nxp_lpcxpresso_11u14_board_lib/Debug/libnxp_lpcxpresso_11u14_board_lib.a(board_sysinit.o)
 .debug_ranges  0x00000000000001a8       0x10 /Users/Rane/LPCXpresso/lab2_1/lpc_chip_11uxx_lib/Debug/liblpc_chip_11uxx_lib.a(chip_11xx.o)
 .debug_ranges  0x00000000000001b8       0x90 /Users/Rane/LPCXpresso/lab2_1/lpc_chip_11uxx_lib/Debug/liblpc_chip_11uxx_lib.a(clock_11xx.o)
 .debug_ranges  0x0000000000000248       0x68 /Users/Rane/LPCXpresso/lab2_1/lpc_chip_11uxx_lib/Debug/liblpc_chip_11uxx_lib.a(gpio_11xx_1.o)
 .debug_ranges  0x00000000000002b0       0x10 /Users/Rane/LPCXpresso/lab2_1/lpc_chip_11uxx_lib/Debug/liblpc_chip_11uxx_lib.a(iocon_11xx.o)
 .debug_ranges  0x00000000000002c0       0x28 /Users/Rane/LPCXpresso/lab2_1/lpc_chip_11uxx_lib/Debug/liblpc_chip_11uxx_lib.a(sysctl_11xx.o)
 .debug_ranges  0x00000000000002e8       0x40 /Users/Rane/LPCXpresso/lab2_1/lpc_chip_11uxx_lib/Debug/liblpc_chip_11uxx_lib.a(timer_11xx.o)

.debug_macro    0x0000000000000000     0x3e4e
 .debug_macro   0x0000000000000000       0x26 ./example/src/cr_startup_lpc11xx.o
 .debug_macro   0x0000000000000026      0x83e ./example/src/cr_startup_lpc11xx.o
 .debug_macro   0x0000000000000864       0x10 ./example/src/cr_startup_lpc11xx.o
 .debug_macro   0x0000000000000874      0x199 ./example/src/fib_morse.o
 .debug_macro   0x0000000000000a0d      0x838 ./example/src/fib_morse.o
 .debug_macro   0x0000000000001245       0x10 ./example/src/fib_morse.o
 .debug_macro   0x0000000000001255      0x12d ./example/src/fib_morse.o
 .debug_macro   0x0000000000001382      0x5b2 ./example/src/fib_morse.o
 .debug_macro   0x0000000000001934       0x22 ./example/src/fib_morse.o
 .debug_macro   0x0000000000001956       0x7b ./example/src/fib_morse.o
 .debug_macro   0x00000000000019d1       0x1f ./example/src/fib_morse.o
 .debug_macro   0x00000000000019f0       0x3a ./example/src/fib_morse.o
 .debug_macro   0x0000000000001a2a      0x241 ./example/src/fib_morse.o
 .debug_macro   0x0000000000001c6b      0x125 ./example/src/fib_morse.o
 .debug_macro   0x0000000000001d90       0x2e ./example/src/fib_morse.o
 .debug_macro   0x0000000000001dbe       0xf1 ./example/src/fib_morse.o
 .debug_macro   0x0000000000001eaf       0x10 ./example/src/fib_morse.o
 .debug_macro   0x0000000000001ebf      0x137 ./example/src/fib_morse.o
 .debug_macro   0x0000000000001ff6       0x4c ./example/src/fib_morse.o
 .debug_macro   0x0000000000002042       0x16 ./example/src/fib_morse.o
 .debug_macro   0x0000000000002058      0x31a ./example/src/fib_morse.o
 .debug_macro   0x0000000000002372       0x4f ./example/src/fib_morse.o
 .debug_macro   0x00000000000023c1       0xb8 ./example/src/fib_morse.o
 .debug_macro   0x0000000000002479       0x11 ./example/src/fib_morse.o
 .debug_macro   0x000000000000248a       0x7c ./example/src/fib_morse.o
 .debug_macro   0x0000000000002506       0x1c ./example/src/fib_morse.o
 .debug_macro   0x0000000000002522       0x40 ./example/src/fib_morse.o
 .debug_macro   0x0000000000002562      0x21c ./example/src/fib_morse.o
 .debug_macro   0x000000000000277e       0x5e ./example/src/fib_morse.o
 .debug_macro   0x00000000000027dc       0x9a ./example/src/fib_morse.o
 .debug_macro   0x0000000000002876       0x20 ./example/src/fib_morse.o
 .debug_macro   0x0000000000002896      0x193 ./example/src/sysinit.o
 .debug_macro   0x0000000000002a29      0x1e8 /Users/Rane/LPCXpresso/lab2_1/nxp_lpcxpresso_11u14_board_lib/Debug/libnxp_lpcxpresso_11u14_board_lib.a(board.o)
 .debug_macro   0x0000000000002c11      0x832 /Users/Rane/LPCXpresso/lab2_1/nxp_lpcxpresso_11u14_board_lib/Debug/libnxp_lpcxpresso_11u14_board_lib.a(board.o)
 .debug_macro   0x0000000000003443       0x12 /Users/Rane/LPCXpresso/lab2_1/nxp_lpcxpresso_11u14_board_lib/Debug/libnxp_lpcxpresso_11u14_board_lib.a(board.o)
 .debug_macro   0x0000000000003455      0x1a1 /Users/Rane/LPCXpresso/lab2_1/nxp_lpcxpresso_11u14_board_lib/Debug/libnxp_lpcxpresso_11u14_board_lib.a(board_sysinit.o)
 .debug_macro   0x00000000000035f6      0x15d /Users/Rane/LPCXpresso/lab2_1/lpc_chip_11uxx_lib/Debug/liblpc_chip_11uxx_lib.a(chip_11xx.o)
 .debug_macro   0x0000000000003753      0x15d /Users/Rane/LPCXpresso/lab2_1/lpc_chip_11uxx_lib/Debug/liblpc_chip_11uxx_lib.a(clock_11xx.o)
 .debug_macro   0x00000000000038b0      0x15d /Users/Rane/LPCXpresso/lab2_1/lpc_chip_11uxx_lib/Debug/liblpc_chip_11uxx_lib.a(gpio_11xx_1.o)
 .debug_macro   0x0000000000003a0d      0x15d /Users/Rane/LPCXpresso/lab2_1/lpc_chip_11uxx_lib/Debug/liblpc_chip_11uxx_lib.a(iocon_11xx.o)
 .debug_macro   0x0000000000003b6a      0x187 /Users/Rane/LPCXpresso/lab2_1/lpc_chip_11uxx_lib/Debug/liblpc_chip_11uxx_lib.a(sysctl_11xx.o)
 .debug_macro   0x0000000000003cf1      0x15d /Users/Rane/LPCXpresso/lab2_1/lpc_chip_11uxx_lib/Debug/liblpc_chip_11uxx_lib.a(timer_11xx.o)

.debug_line     0x0000000000000000     0x2618
 .debug_line    0x0000000000000000       0xfe ./example/src/cr_startup_lpc11xx.o
 .debug_line    0x00000000000000fe      0x469 ./example/src/fib_morse.o
 .debug_line    0x0000000000000567      0x34b ./example/src/sysinit.o
 .debug_line    0x00000000000008b2      0x4b7 /Users/Rane/LPCXpresso/lab2_1/nxp_lpcxpresso_11u14_board_lib/Debug/libnxp_lpcxpresso_11u14_board_lib.a(board.o)
 .debug_line    0x0000000000000d69      0x44d /Users/Rane/LPCXpresso/lab2_1/nxp_lpcxpresso_11u14_board_lib/Debug/libnxp_lpcxpresso_11u14_board_lib.a(board_sysinit.o)
 .debug_line    0x00000000000011b6      0x2df /Users/Rane/LPCXpresso/lab2_1/lpc_chip_11uxx_lib/Debug/liblpc_chip_11uxx_lib.a(chip_11xx.o)
 .debug_line    0x0000000000001495      0x44e /Users/Rane/LPCXpresso/lab2_1/lpc_chip_11uxx_lib/Debug/liblpc_chip_11uxx_lib.a(clock_11xx.o)
 .debug_line    0x00000000000018e3      0x3ca /Users/Rane/LPCXpresso/lab2_1/lpc_chip_11uxx_lib/Debug/liblpc_chip_11uxx_lib.a(gpio_11xx_1.o)
 .debug_line    0x0000000000001cad      0x2e2 /Users/Rane/LPCXpresso/lab2_1/lpc_chip_11uxx_lib/Debug/liblpc_chip_11uxx_lib.a(iocon_11xx.o)
 .debug_line    0x0000000000001f8f      0x31c /Users/Rane/LPCXpresso/lab2_1/lpc_chip_11uxx_lib/Debug/liblpc_chip_11uxx_lib.a(sysctl_11xx.o)
 .debug_line    0x00000000000022ab      0x36d /Users/Rane/LPCXpresso/lab2_1/lpc_chip_11uxx_lib/Debug/liblpc_chip_11uxx_lib.a(timer_11xx.o)

.debug_str      0x0000000000000000     0x96a0
 .debug_str     0x0000000000000000     0x2514 ./example/src/cr_startup_lpc11xx.o
                                       0x2532 (size before relaxing)
 .debug_str     0x0000000000002514     0x5cf0 ./example/src/fib_morse.o
                                       0x8070 (size before relaxing)
 .debug_str     0x0000000000008204       0x19 ./example/src/sysinit.o
                                       0x7fdc (size before relaxing)
 .debug_str     0x000000000000821d      0x38e /Users/Rane/LPCXpresso/lab2_1/nxp_lpcxpresso_11u14_board_lib/Debug/libnxp_lpcxpresso_11u14_board_lib.a(board.o)
                                       0x82f4 (size before relaxing)
 .debug_str     0x00000000000085ab      0x7fe /Users/Rane/LPCXpresso/lab2_1/nxp_lpcxpresso_11u14_board_lib/Debug/libnxp_lpcxpresso_11u14_board_lib.a(board_sysinit.o)
                                       0x87d9 (size before relaxing)
 .debug_str     0x0000000000008da9       0x70 /Users/Rane/LPCXpresso/lab2_1/lpc_chip_11uxx_lib/Debug/liblpc_chip_11uxx_lib.a(chip_11xx.o)
                                       0x7c26 (size before relaxing)
 .debug_str     0x0000000000008e19      0x48e /Users/Rane/LPCXpresso/lab2_1/lpc_chip_11uxx_lib/Debug/liblpc_chip_11uxx_lib.a(clock_11xx.o)
                                       0x8431 (size before relaxing)
 .debug_str     0x00000000000092a7       0xff /Users/Rane/LPCXpresso/lab2_1/lpc_chip_11uxx_lib/Debug/liblpc_chip_11uxx_lib.a(gpio_11xx_1.o)
                                       0x828f (size before relaxing)
 .debug_str     0x00000000000093a6       0x30 /Users/Rane/LPCXpresso/lab2_1/lpc_chip_11uxx_lib/Debug/liblpc_chip_11uxx_lib.a(iocon_11xx.o)
                                       0x7c49 (size before relaxing)
 .debug_str     0x00000000000093d6      0x19f /Users/Rane/LPCXpresso/lab2_1/lpc_chip_11uxx_lib/Debug/liblpc_chip_11uxx_lib.a(sysctl_11xx.o)
                                       0x8034 (size before relaxing)
 .debug_str     0x0000000000009575      0x12b /Users/Rane/LPCXpresso/lab2_1/lpc_chip_11uxx_lib/Debug/liblpc_chip_11uxx_lib.a(timer_11xx.o)
                                       0x82a7 (size before relaxing)

.comment        0x0000000000000000       0xe0
 .comment       0x0000000000000000       0x70 ./example/src/cr_startup_lpc11xx.o
                                         0x71 (size before relaxing)
 .comment       0x0000000000000000       0x71 ./example/src/fib_morse.o
 .comment       0x0000000000000000       0x71 ./example/src/sysinit.o
 .comment       0x0000000000000000       0x71 /Users/Rane/LPCXpresso/lab2_1/nxp_lpcxpresso_11u14_board_lib/Debug/libnxp_lpcxpresso_11u14_board_lib.a(board.o)
 .comment       0x0000000000000000       0x71 /Users/Rane/LPCXpresso/lab2_1/nxp_lpcxpresso_11u14_board_lib/Debug/libnxp_lpcxpresso_11u14_board_lib.a(board_sysinit.o)
 .comment       0x0000000000000000       0x71 /Users/Rane/LPCXpresso/lab2_1/lpc_chip_11uxx_lib/Debug/liblpc_chip_11uxx_lib.a(chip_11xx.o)
 .comment       0x0000000000000000       0x71 /Users/Rane/LPCXpresso/lab2_1/lpc_chip_11uxx_lib/Debug/liblpc_chip_11uxx_lib.a(clock_11xx.o)
 .comment       0x0000000000000000       0x71 /Users/Rane/LPCXpresso/lab2_1/lpc_chip_11uxx_lib/Debug/liblpc_chip_11uxx_lib.a(gpio_11xx_1.o)
 .comment       0x0000000000000000       0x71 /Users/Rane/LPCXpresso/lab2_1/lpc_chip_11uxx_lib/Debug/liblpc_chip_11uxx_lib.a(iocon_11xx.o)
 .comment       0x0000000000000000       0x71 /Users/Rane/LPCXpresso/lab2_1/lpc_chip_11uxx_lib/Debug/liblpc_chip_11uxx_lib.a(sysctl_11xx.o)
 .comment       0x0000000000000000       0x71 /Users/Rane/LPCXpresso/lab2_1/lpc_chip_11uxx_lib/Debug/liblpc_chip_11uxx_lib.a(timer_11xx.o)
 .comment       0x0000000000000070       0x70 /Applications/lpcxpresso_7.9.0_455/lpcxpresso/tools/bin/../lib/gcc/arm-none-eabi/4.9.3/../../../../arm-none-eabi/lib/armv6-m/libcr_semihost.a(_cr__main.o)
                                         0x71 (size before relaxing)
 .comment       0x0000000000000000       0x71 /Applications/lpcxpresso_7.9.0_455/lpcxpresso/tools/bin/../lib/gcc/arm-none-eabi/4.9.3/../../../../arm-none-eabi/lib/armv6-m/libcr_c.a(fpprintf.o)
 .comment       0x0000000000000000       0x71 /Applications/lpcxpresso_7.9.0_455/lpcxpresso/tools/bin/../lib/gcc/arm-none-eabi/4.9.3/../../../../arm-none-eabi/lib/armv6-m/libcr_c.a(initio.o)
 .comment       0x0000000000000000       0x71 /Applications/lpcxpresso_7.9.0_455/lpcxpresso/tools/bin/../lib/gcc/arm-none-eabi/4.9.3/../../../../arm-none-eabi/lib/armv6-m/libcr_c.a(printf.o)
 .comment       0x0000000000000000       0x71 /Applications/lpcxpresso_7.9.0_455/lpcxpresso/tools/bin/../lib/gcc/arm-none-eabi/4.9.3/../../../../arm-none-eabi/lib/armv6-m/libcr_c.a(setvbuf.o)
 .comment       0x0000000000000000       0x71 /Applications/lpcxpresso_7.9.0_455/lpcxpresso/tools/bin/../lib/gcc/arm-none-eabi/4.9.3/../../../../arm-none-eabi/lib/armv6-m/libcr_c.a(stdio.o)
 .comment       0x0000000000000000       0x71 /Applications/lpcxpresso_7.9.0_455/lpcxpresso/tools/bin/../lib/gcc/arm-none-eabi/4.9.3/../../../../arm-none-eabi/lib/armv6-m/libcr_c.a(strlen.o)
 .comment       0x0000000000000000       0x71 /Applications/lpcxpresso_7.9.0_455/lpcxpresso/tools/bin/../lib/gcc/arm-none-eabi/4.9.3/../../../../arm-none-eabi/lib/armv6-m/libcr_c.a(memset.o)
 .comment       0x0000000000000000       0x71 /Applications/lpcxpresso_7.9.0_455/lpcxpresso/tools/bin/../lib/gcc/arm-none-eabi/4.9.3/../../../../arm-none-eabi/lib/armv6-m/libcr_c.a(_deferredlazyseek.o)
 .comment       0x0000000000000000       0x71 /Applications/lpcxpresso_7.9.0_455/lpcxpresso/tools/bin/../lib/gcc/arm-none-eabi/4.9.3/../../../../arm-none-eabi/lib/armv6-m/libcr_c.a(_fdopen.o)
 .comment       0x0000000000000000       0x71 /Applications/lpcxpresso_7.9.0_455/lpcxpresso/tools/bin/../lib/gcc/arm-none-eabi/4.9.3/../../../../arm-none-eabi/lib/armv6-m/libcr_c.a(_fflush.o)
 .comment       0x0000000000000000       0x71 /Applications/lpcxpresso_7.9.0_455/lpcxpresso/tools/bin/../lib/gcc/arm-none-eabi/4.9.3/../../../../arm-none-eabi/lib/armv6-m/libcr_c.a(_frexpl.o)
 .comment       0x0000000000000000       0x71 /Applications/lpcxpresso_7.9.0_455/lpcxpresso/tools/bin/../lib/gcc/arm-none-eabi/4.9.3/../../../../arm-none-eabi/lib/armv6-m/libcr_c.a(_ldexpl.o)
 .comment       0x0000000000000000       0x71 /Applications/lpcxpresso_7.9.0_455/lpcxpresso/tools/bin/../lib/gcc/arm-none-eabi/4.9.3/../../../../arm-none-eabi/lib/armv6-m/libcr_c.a(_writebuf.o)
 .comment       0x0000000000000000       0x71 /Applications/lpcxpresso_7.9.0_455/lpcxpresso/tools/bin/../lib/gcc/arm-none-eabi/4.9.3/../../../../arm-none-eabi/lib/armv6-m/libcr_c.a(alloc.o)
 .comment       0x0000000000000000       0x71 /Applications/lpcxpresso_7.9.0_455/lpcxpresso/tools/bin/../lib/gcc/arm-none-eabi/4.9.3/../../../../arm-none-eabi/lib/armv6-m/libcr_c.a(errno.o)
 .comment       0x0000000000000000       0x71 /Applications/lpcxpresso_7.9.0_455/lpcxpresso/tools/bin/../lib/gcc/arm-none-eabi/4.9.3/../../../../arm-none-eabi/lib/armv6-m/libcr_c.a(fclose.o)
 .comment       0x0000000000000000       0x71 /Applications/lpcxpresso_7.9.0_455/lpcxpresso/tools/bin/../lib/gcc/arm-none-eabi/4.9.3/../../../../arm-none-eabi/lib/armv6-m/libcr_c.a(fflush.o)
 .comment       0x0000000000000000       0x71 /Applications/lpcxpresso_7.9.0_455/lpcxpresso/tools/bin/../lib/gcc/arm-none-eabi/4.9.3/../../../../arm-none-eabi/lib/armv6-m/libcr_c.a(fseek.o)
 .comment       0x0000000000000000       0x71 /Applications/lpcxpresso_7.9.0_455/lpcxpresso/tools/bin/../lib/gcc/arm-none-eabi/4.9.3/../../../../arm-none-eabi/lib/armv6-m/libcr_c.a(ftell.o)
 .comment       0x0000000000000000       0x71 /Applications/lpcxpresso_7.9.0_455/lpcxpresso/tools/bin/../lib/gcc/arm-none-eabi/4.9.3/../../../../arm-none-eabi/lib/armv6-m/libcr_c.a(remove.o)
 .comment       0x0000000000000000       0x71 /Applications/lpcxpresso_7.9.0_455/lpcxpresso/tools/bin/../lib/gcc/arm-none-eabi/4.9.3/../../../../arm-none-eabi/lib/armv6-m/libcr_c.a(__init_alloc.o)
 .comment       0x0000000000000000       0x71 /Applications/lpcxpresso_7.9.0_455/lpcxpresso/tools/bin/../lib/gcc/arm-none-eabi/4.9.3/../../../../arm-none-eabi/lib/armv6-m/libcr_c.a(_cr_sbrk.o)
 .comment       0x0000000000000000       0x71 /Applications/lpcxpresso_7.9.0_455/lpcxpresso/tools/bin/../lib/gcc/arm-none-eabi/4.9.3/../../../../arm-none-eabi/lib/armv6-m/libcr_c.a(_do_fflush.o)
 .comment       0x0000000000000000       0x71 /Applications/lpcxpresso_7.9.0_455/lpcxpresso/tools/bin/../lib/gcc/arm-none-eabi/4.9.3/../../../../arm-none-eabi/lib/armv6-m/libcr_c.a(_hugeval.o)
 .comment       0x0000000000000000       0x71 /Applications/lpcxpresso_7.9.0_455/lpcxpresso/tools/bin/../lib/gcc/arm-none-eabi/4.9.3/../../../../arm-none-eabi/lib/armv6-m/libcr_c.a(_cr_check_heap.o)
 .comment       0x0000000000000000       0x71 /Applications/lpcxpresso_7.9.0_455/lpcxpresso/tools/bin/../lib/gcc/arm-none-eabi/4.9.3/armv6-m/libcr_eabihelpers.a(double.o)

.ARM.attributes
                0x0000000000000000       0x2f
 .ARM.attributes
                0x0000000000000000       0x31 ./example/src/cr_startup_lpc11xx.o
 .ARM.attributes
                0x0000000000000031       0x31 ./example/src/fib_morse.o
 .ARM.attributes
                0x0000000000000062       0x31 ./example/src/sysinit.o
 .ARM.attributes
                0x0000000000000093       0x31 /Users/Rane/LPCXpresso/lab2_1/nxp_lpcxpresso_11u14_board_lib/Debug/libnxp_lpcxpresso_11u14_board_lib.a(board.o)
 .ARM.attributes
                0x00000000000000c4       0x31 /Users/Rane/LPCXpresso/lab2_1/nxp_lpcxpresso_11u14_board_lib/Debug/libnxp_lpcxpresso_11u14_board_lib.a(board_sysinit.o)
 .ARM.attributes
                0x00000000000000f5       0x31 /Users/Rane/LPCXpresso/lab2_1/lpc_chip_11uxx_lib/Debug/liblpc_chip_11uxx_lib.a(chip_11xx.o)
 .ARM.attributes
                0x0000000000000126       0x31 /Users/Rane/LPCXpresso/lab2_1/lpc_chip_11uxx_lib/Debug/liblpc_chip_11uxx_lib.a(clock_11xx.o)
 .ARM.attributes
                0x0000000000000157       0x31 /Users/Rane/LPCXpresso/lab2_1/lpc_chip_11uxx_lib/Debug/liblpc_chip_11uxx_lib.a(gpio_11xx_1.o)
 .ARM.attributes
                0x0000000000000188       0x31 /Users/Rane/LPCXpresso/lab2_1/lpc_chip_11uxx_lib/Debug/liblpc_chip_11uxx_lib.a(iocon_11xx.o)
 .ARM.attributes
                0x00000000000001b9       0x31 /Users/Rane/LPCXpresso/lab2_1/lpc_chip_11uxx_lib/Debug/liblpc_chip_11uxx_lib.a(sysctl_11xx.o)
 .ARM.attributes
                0x00000000000001ea       0x31 /Users/Rane/LPCXpresso/lab2_1/lpc_chip_11uxx_lib/Debug/liblpc_chip_11uxx_lib.a(timer_11xx.o)
 .ARM.attributes
                0x000000000000021b       0x31 /Applications/lpcxpresso_7.9.0_455/lpcxpresso/tools/bin/../lib/gcc/arm-none-eabi/4.9.3/../../../../arm-none-eabi/lib/armv6-m/libcr_semihost.a(_cr__main.o)
 .ARM.attributes
                0x000000000000024c       0x31 /Applications/lpcxpresso_7.9.0_455/lpcxpresso/tools/bin/../lib/gcc/arm-none-eabi/4.9.3/../../../../arm-none-eabi/lib/armv6-m/libcr_c.a(fpprintf.o)
 .ARM.attributes
                0x000000000000027d       0x31 /Applications/lpcxpresso_7.9.0_455/lpcxpresso/tools/bin/../lib/gcc/arm-none-eabi/4.9.3/../../../../arm-none-eabi/lib/armv6-m/libcr_c.a(initio.o)
 .ARM.attributes
                0x00000000000002ae       0x31 /Applications/lpcxpresso_7.9.0_455/lpcxpresso/tools/bin/../lib/gcc/arm-none-eabi/4.9.3/../../../../arm-none-eabi/lib/armv6-m/libcr_c.a(printf.o)
 .ARM.attributes
                0x00000000000002df       0x31 /Applications/lpcxpresso_7.9.0_455/lpcxpresso/tools/bin/../lib/gcc/arm-none-eabi/4.9.3/../../../../arm-none-eabi/lib/armv6-m/libcr_c.a(setvbuf.o)
 .ARM.attributes
                0x0000000000000310       0x31 /Applications/lpcxpresso_7.9.0_455/lpcxpresso/tools/bin/../lib/gcc/arm-none-eabi/4.9.3/../../../../arm-none-eabi/lib/armv6-m/libcr_c.a(stdio.o)
 .ARM.attributes
                0x0000000000000341       0x31 /Applications/lpcxpresso_7.9.0_455/lpcxpresso/tools/bin/../lib/gcc/arm-none-eabi/4.9.3/../../../../arm-none-eabi/lib/armv6-m/libcr_c.a(strlen.o)
 .ARM.attributes
                0x0000000000000372       0x31 /Applications/lpcxpresso_7.9.0_455/lpcxpresso/tools/bin/../lib/gcc/arm-none-eabi/4.9.3/../../../../arm-none-eabi/lib/armv6-m/libcr_c.a(memset.o)
 .ARM.attributes
                0x00000000000003a3       0x31 /Applications/lpcxpresso_7.9.0_455/lpcxpresso/tools/bin/../lib/gcc/arm-none-eabi/4.9.3/../../../../arm-none-eabi/lib/armv6-m/libcr_c.a(_deferredlazyseek.o)
 .ARM.attributes
                0x00000000000003d4       0x31 /Applications/lpcxpresso_7.9.0_455/lpcxpresso/tools/bin/../lib/gcc/arm-none-eabi/4.9.3/../../../../arm-none-eabi/lib/armv6-m/libcr_c.a(_fdopen.o)
 .ARM.attributes
                0x0000000000000405       0x31 /Applications/lpcxpresso_7.9.0_455/lpcxpresso/tools/bin/../lib/gcc/arm-none-eabi/4.9.3/../../../../arm-none-eabi/lib/armv6-m/libcr_c.a(_fflush.o)
 .ARM.attributes
                0x0000000000000436       0x31 /Applications/lpcxpresso_7.9.0_455/lpcxpresso/tools/bin/../lib/gcc/arm-none-eabi/4.9.3/../../../../arm-none-eabi/lib/armv6-m/libcr_c.a(_frexpl.o)
 .ARM.attributes
                0x0000000000000467       0x31 /Applications/lpcxpresso_7.9.0_455/lpcxpresso/tools/bin/../lib/gcc/arm-none-eabi/4.9.3/../../../../arm-none-eabi/lib/armv6-m/libcr_c.a(_ldexpl.o)
 .ARM.attributes
                0x0000000000000498       0x31 /Applications/lpcxpresso_7.9.0_455/lpcxpresso/tools/bin/../lib/gcc/arm-none-eabi/4.9.3/../../../../arm-none-eabi/lib/armv6-m/libcr_c.a(_writebuf.o)
 .ARM.attributes
                0x00000000000004c9       0x31 /Applications/lpcxpresso_7.9.0_455/lpcxpresso/tools/bin/../lib/gcc/arm-none-eabi/4.9.3/../../../../arm-none-eabi/lib/armv6-m/libcr_c.a(alloc.o)
 .ARM.attributes
                0x00000000000004fa       0x31 /Applications/lpcxpresso_7.9.0_455/lpcxpresso/tools/bin/../lib/gcc/arm-none-eabi/4.9.3/../../../../arm-none-eabi/lib/armv6-m/libcr_c.a(errno.o)
 .ARM.attributes
                0x000000000000052b       0x31 /Applications/lpcxpresso_7.9.0_455/lpcxpresso/tools/bin/../lib/gcc/arm-none-eabi/4.9.3/../../../../arm-none-eabi/lib/armv6-m/libcr_c.a(fclose.o)
 .ARM.attributes
                0x000000000000055c       0x31 /Applications/lpcxpresso_7.9.0_455/lpcxpresso/tools/bin/../lib/gcc/arm-none-eabi/4.9.3/../../../../arm-none-eabi/lib/armv6-m/libcr_c.a(fflush.o)
 .ARM.attributes
                0x000000000000058d       0x31 /Applications/lpcxpresso_7.9.0_455/lpcxpresso/tools/bin/../lib/gcc/arm-none-eabi/4.9.3/../../../../arm-none-eabi/lib/armv6-m/libcr_c.a(fseek.o)
 .ARM.attributes
                0x00000000000005be       0x31 /Applications/lpcxpresso_7.9.0_455/lpcxpresso/tools/bin/../lib/gcc/arm-none-eabi/4.9.3/../../../../arm-none-eabi/lib/armv6-m/libcr_c.a(ftell.o)
 .ARM.attributes
                0x00000000000005ef       0x31 /Applications/lpcxpresso_7.9.0_455/lpcxpresso/tools/bin/../lib/gcc/arm-none-eabi/4.9.3/../../../../arm-none-eabi/lib/armv6-m/libcr_c.a(remove.o)
 .ARM.attributes
                0x0000000000000620       0x31 /Applications/lpcxpresso_7.9.0_455/lpcxpresso/tools/bin/../lib/gcc/arm-none-eabi/4.9.3/../../../../arm-none-eabi/lib/armv6-m/libcr_c.a(__init_alloc.o)
 .ARM.attributes
                0x0000000000000651       0x31 /Applications/lpcxpresso_7.9.0_455/lpcxpresso/tools/bin/../lib/gcc/arm-none-eabi/4.9.3/../../../../arm-none-eabi/lib/armv6-m/libcr_c.a(_cr_sbrk.o)
 .ARM.attributes
                0x0000000000000682       0x31 /Applications/lpcxpresso_7.9.0_455/lpcxpresso/tools/bin/../lib/gcc/arm-none-eabi/4.9.3/../../../../arm-none-eabi/lib/armv6-m/libcr_c.a(_do_fflush.o)
 .ARM.attributes
                0x00000000000006b3       0x31 /Applications/lpcxpresso_7.9.0_455/lpcxpresso/tools/bin/../lib/gcc/arm-none-eabi/4.9.3/../../../../arm-none-eabi/lib/armv6-m/libcr_c.a(_hugeval.o)
 .ARM.attributes
                0x00000000000006e4       0x31 /Applications/lpcxpresso_7.9.0_455/lpcxpresso/tools/bin/../lib/gcc/arm-none-eabi/4.9.3/../../../../arm-none-eabi/lib/armv6-m/libcr_c.a(_cr_check_heap.o)
 .ARM.attributes
                0x0000000000000715       0x21 /Applications/lpcxpresso_7.9.0_455/lpcxpresso/tools/bin/../lib/gcc/arm-none-eabi/4.9.3/armv6-m/libcr_eabihelpers.a(division_32.o)
 .ARM.attributes
                0x0000000000000736       0x21 /Applications/lpcxpresso_7.9.0_455/lpcxpresso/tools/bin/../lib/gcc/arm-none-eabi/4.9.3/armv6-m/libcr_eabihelpers.a(division_idiv0.o)
 .ARM.attributes
                0x0000000000000757       0x31 /Applications/lpcxpresso_7.9.0_455/lpcxpresso/tools/bin/../lib/gcc/arm-none-eabi/4.9.3/armv6-m/libcr_eabihelpers.a(double.o)
 .ARM.attributes
                0x0000000000000788       0x21 /Applications/lpcxpresso_7.9.0_455/lpcxpresso/tools/bin/../lib/gcc/arm-none-eabi/4.9.3/armv6-m/libcr_eabihelpers.a(llong.o)
 .ARM.attributes
                0x00000000000007a9       0x21 /Applications/lpcxpresso_7.9.0_455/lpcxpresso/tools/bin/../lib/gcc/arm-none-eabi/4.9.3/armv6-m/libcr_eabihelpers.a(memcpy.o)
 .ARM.attributes
                0x00000000000007ca       0x21 /Applications/lpcxpresso_7.9.0_455/lpcxpresso/tools/bin/../lib/gcc/arm-none-eabi/4.9.3/../../../../arm-none-eabi/lib/armv6-m/libcr_semihost.a(__sys_appexit.o)
 .ARM.attributes
                0x00000000000007eb       0x21 /Applications/lpcxpresso_7.9.0_455/lpcxpresso/tools/bin/../lib/gcc/arm-none-eabi/4.9.3/../../../../arm-none-eabi/lib/armv6-m/libcr_semihost.a(__sys_close.o)
 .ARM.attributes
                0x000000000000080c       0x21 /Applications/lpcxpresso_7.9.0_455/lpcxpresso/tools/bin/../lib/gcc/arm-none-eabi/4.9.3/../../../../arm-none-eabi/lib/armv6-m/libcr_semihost.a(__sys_flen.o)
 .ARM.attributes
                0x000000000000082d       0x21 /Applications/lpcxpresso_7.9.0_455/lpcxpresso/tools/bin/../lib/gcc/arm-none-eabi/4.9.3/../../../../arm-none-eabi/lib/armv6-m/libcr_semihost.a(__sys_istty.o)
 .ARM.attributes
                0x000000000000084e       0x21 /Applications/lpcxpresso_7.9.0_455/lpcxpresso/tools/bin/../lib/gcc/arm-none-eabi/4.9.3/../../../../arm-none-eabi/lib/armv6-m/libcr_semihost.a(__sys_remove.o)
 .ARM.attributes
                0x000000000000086f       0x21 /Applications/lpcxpresso_7.9.0_455/lpcxpresso/tools/bin/../lib/gcc/arm-none-eabi/4.9.3/../../../../arm-none-eabi/lib/armv6-m/libcr_semihost.a(__sys_seek.o)
 .ARM.attributes
                0x0000000000000890       0x21 /Applications/lpcxpresso_7.9.0_455/lpcxpresso/tools/bin/../lib/gcc/arm-none-eabi/4.9.3/../../../../arm-none-eabi/lib/armv6-m/libcr_semihost.a(__sys_tmpnam.o)
 .ARM.attributes
                0x00000000000008b1       0x21 /Applications/lpcxpresso_7.9.0_455/lpcxpresso/tools/bin/../lib/gcc/arm-none-eabi/4.9.3/../../../../arm-none-eabi/lib/armv6-m/libcr_semihost.a(__sys_write.o)

.debug_frame    0x0000000000000000      0xb38
 .debug_frame   0x0000000000000000       0xb0 ./example/src/cr_startup_lpc11xx.o
 .debug_frame   0x00000000000000b0      0x150 ./example/src/fib_morse.o
 .debug_frame   0x0000000000000200       0x2c ./example/src/sysinit.o
 .debug_frame   0x000000000000022c      0x238 /Users/Rane/LPCXpresso/lab2_1/nxp_lpcxpresso_11u14_board_lib/Debug/libnxp_lpcxpresso_11u14_board_lib.a(board.o)
 .debug_frame   0x0000000000000464      0x148 /Users/Rane/LPCXpresso/lab2_1/nxp_lpcxpresso_11u14_board_lib/Debug/libnxp_lpcxpresso_11u14_board_lib.a(board_sysinit.o)
 .debug_frame   0x00000000000005ac       0x2c /Users/Rane/LPCXpresso/lab2_1/lpc_chip_11uxx_lib/Debug/liblpc_chip_11uxx_lib.a(chip_11xx.o)
 .debug_frame   0x00000000000005d8      0x220 /Users/Rane/LPCXpresso/lab2_1/lpc_chip_11uxx_lib/Debug/liblpc_chip_11uxx_lib.a(clock_11xx.o)
 .debug_frame   0x00000000000007f8      0x190 /Users/Rane/LPCXpresso/lab2_1/lpc_chip_11uxx_lib/Debug/liblpc_chip_11uxx_lib.a(gpio_11xx_1.o)
 .debug_frame   0x0000000000000988       0x30 /Users/Rane/LPCXpresso/lab2_1/lpc_chip_11uxx_lib/Debug/liblpc_chip_11uxx_lib.a(iocon_11xx.o)
 .debug_frame   0x00000000000009b8       0x90 /Users/Rane/LPCXpresso/lab2_1/lpc_chip_11uxx_lib/Debug/liblpc_chip_11uxx_lib.a(sysctl_11xx.o)
 .debug_frame   0x0000000000000a48       0xf0 /Users/Rane/LPCXpresso/lab2_1/lpc_chip_11uxx_lib/Debug/liblpc_chip_11uxx_lib.a(timer_11xx.o)
