15:16:45 **** Incremental Build of configuration Debug for project uart ****
make -r all 
Building file: ../src/uart_main.c
Invoking: MCU C Compiler
arm-none-eabi-gcc -D__REDLIB__ -D__USE_CMSIS -DDEBUG -D__CODE_RED -I../cmsis -I../config -I../driver -O0 -g3 -Wall -c -fmessage-length=0 -fno-builtin -ffunction-sections -fdata-sections -mcpu=cortex-m0 -mthumb -D__REDLIB__ -specs=redlib.specs -MMD -MP -MF"src/uart_main.d" -MT"src/uart_main.o" -MT"src/uart_main.d" -o "src/uart_main.o" "../src/uart_main.c"
../src/uart_main.c: In function 'clear':
../src/uart_main.c:120:12: warning: variable 'dump' set but not used [-Wunused-but-set-variable]
   uint32_t dump;
            ^
Finished building: ../src/uart_main.c
 
Building target: uart.axf
Invoking: MCU Linker
arm-none-eabi-gcc -nostdlib -Xlinker -Map=uart.map -Xlinker --gc-sections -mcpu=cortex-m0 -mthumb -T "../linker/lpc1114_flash_crp.ld" -o "uart.axf"  ./startup/cr_startup_lpc11.o  ./src/uart_main.o  ./driver/can.o ./driver/crp.o ./driver/gpio.o ./driver/timer32.o ./driver/uart.o  ./cmsis/core_cm0.o ./cmsis/system_LPC11xx.o   
Finished building target: uart.axf
 
make --no-print-directory post-build
Performing post-build steps
arm-none-eabi-size uart.axf; arm-none-eabi-objcopy -O binary uart.axf uart.bin ; checksum -p LPC1114_302 -d uart.bin;
   text	   data	    bss	    dec	    hex	filename
   3408	     20	     92	   3520	    dc0	uart.axf
Written checksum 0xefffd635 at offset 0x1c in file uart.bin
Previous value 0x00000000 at offset 0x1c in file uart.bin
 
15:16:51 **** Incremental Build of configuration Debug for project uart ****
make -r all 
make: Nothing to be done for `all'.
15:20:51 **** Incremental Build of configuration Debug for project uart ****
make -r all 
Building file: ../src/uart_main.c
Invoking: MCU C Compiler
arm-none-eabi-gcc -D__REDLIB__ -D__USE_CMSIS -DDEBUG -D__CODE_RED -I../cmsis -I../config -I../driver -O0 -g3 -Wall -c -fmessage-length=0 -fno-builtin -ffunction-sections -fdata-sections -mcpu=cortex-m0 -mthumb -D__REDLIB__ -specs=redlib.specs -MMD -MP -MF"src/uart_main.d" -MT"src/uart_main.o" -MT"src/uart_main.d" -o "src/uart_main.o" "../src/uart_main.c"
../src/uart_main.c: In function 'clear':
../src/uart_main.c:120:12: warning: variable 'dump' set but not used [-Wunused-but-set-variable]
   uint32_t dump;
            ^
Finished building: ../src/uart_main.c
 
Building target: uart.axf
Invoking: MCU Linker
arm-none-eabi-gcc -nostdlib -Xlinker -Map=uart.map -Xlinker --gc-sections -mcpu=cortex-m0 -mthumb -T "../linker/lpc1114_flash_crp.ld" -o "uart.axf"  ./startup/cr_startup_lpc11.o  ./src/uart_main.o  ./driver/can.o ./driver/crp.o ./driver/gpio.o ./driver/timer32.o ./driver/uart.o  ./cmsis/core_cm0.o ./cmsis/system_LPC11xx.o   
Finished building target: uart.axf
 
make --no-print-directory post-build
Performing post-build steps
arm-none-eabi-size uart.axf; arm-none-eabi-objcopy -O binary uart.axf uart.bin ; checksum -p LPC1114_302 -d uart.bin;
   text	   data	    bss	    dec	    hex	filename
   4788	     64	    100	   4952	   1358	uart.axf
Written checksum 0xefffd635 at offset 0x1c in file uart.bin
Previous value 0x00000000 at offset 0x1c in file uart.bin
 
15:23:34 **** Incremental Build of configuration Debug for project uart ****
make -r all 
Building file: ../src/uart_main.c
Invoking: MCU C Compiler
arm-none-eabi-gcc -D__REDLIB__ -D__USE_CMSIS -DDEBUG -D__CODE_RED -I../cmsis -I../config -I../driver -O0 -g3 -Wall -c -fmessage-length=0 -fno-builtin -ffunction-sections -fdata-sections -mcpu=cortex-m0 -mthumb -D__REDLIB__ -specs=redlib.specs -MMD -MP -MF"src/uart_main.d" -MT"src/uart_main.o" -MT"src/uart_main.d" -o "src/uart_main.o" "../src/uart_main.c"
../src/uart_main.c: In function 'clear':
../src/uart_main.c:120:12: warning: variable 'dump' set but not used [-Wunused-but-set-variable]
   uint32_t dump;
            ^
Finished building: ../src/uart_main.c
 
Building target: uart.axf
Invoking: MCU Linker
arm-none-eabi-gcc -nostdlib -Xlinker -Map=uart.map -Xlinker --gc-sections -mcpu=cortex-m0 -mthumb -T "../linker/lpc1114_flash_crp.ld" -o "uart.axf"  ./startup/cr_startup_lpc11.o  ./src/uart_main.o  ./driver/can.o ./driver/crp.o ./driver/gpio.o ./driver/timer32.o ./driver/uart.o  ./cmsis/core_cm0.o ./cmsis/system_LPC11xx.o   
Finished building target: uart.axf
 
make --no-print-directory post-build
Performing post-build steps
arm-none-eabi-size uart.axf; arm-none-eabi-objcopy -O binary uart.axf uart.bin ; checksum -p LPC1114_302 -d uart.bin;
   text	   data	    bss	    dec	    hex	filename
   4720	     64	    100	   4884	   1314	uart.axf
Written checksum 0xefffd635 at offset 0x1c in file uart.bin
Previous value 0x00000000 at offset 0x1c in file uart.bin
 
15:25:32 **** Incremental Build of configuration Debug for project uart ****
make -r all 
Building file: ../src/uart_main.c
../src/uart_main.c: In function 'clear':
../src/uart_main.c:120:12: warning: variable 'dump' set but not used [-Wunused-but-set-variable]
   uint32_t dump;
            ^
Invoking: MCU C Compiler
arm-none-eabi-gcc -D__REDLIB__ -D__USE_CMSIS -DDEBUG -D__CODE_RED -I../cmsis -I../config -I../driver -O0 -g3 -Wall -c -fmessage-length=0 -fno-builtin -ffunction-sections -fdata-sections -mcpu=cortex-m0 -mthumb -D__REDLIB__ -specs=redlib.specs -MMD -MP -MF"src/uart_main.d" -MT"src/uart_main.o" -MT"src/uart_main.d" -o "src/uart_main.o" "../src/uart_main.c"
Finished building: ../src/uart_main.c
 
Building target: uart.axf
Invoking: MCU Linker
arm-none-eabi-gcc -nostdlib -Xlinker -Map=uart.map -Xlinker --gc-sections -mcpu=cortex-m0 -mthumb -T "../linker/lpc1114_flash_crp.ld" -o "uart.axf"  ./startup/cr_startup_lpc11.o  ./src/uart_main.o  ./driver/can.o ./driver/crp.o ./driver/gpio.o ./driver/timer32.o ./driver/uart.o  ./cmsis/core_cm0.o ./cmsis/system_LPC11xx.o   
Finished building target: uart.axf
 
make --no-print-directory post-build
Performing post-build steps
arm-none-eabi-size uart.axf; arm-none-eabi-objcopy -O binary uart.axf uart.bin ; checksum -p LPC1114_302 -d uart.bin;
   text	   data	    bss	    dec	    hex	filename
   4812	     64	    100	   4976	   1370	uart.axf
Written checksum 0xefffd635 at offset 0x1c in file uart.bin
Previous value 0x00000000 at offset 0x1c in file uart.bin
 
