10:27:43 **** Incremental Build of configuration Debug for project nxp_lpcxpresso_11u14_periph_uart ****
make -r all 
Building file: ../example/src/uart.c
Invoking: MCU C Compiler
arm-none-eabi-gcc -D__REDLIB__ -DDEBUG -D__CODE_RED -D__USE_LPCOPEN -DCORE_M0 -I"/Users/Rane/LPCXpresso/lab5/nxp_lpcxpresso_11u14_periph_uart/example/inc" -I"/Users/Rane/LPCXpresso/lab5/lpc_chip_11uxx_lib/inc" -I"/Users/Rane/LPCXpresso/lab5/nxp_lpcxpresso_11u14_board_lib/inc" -O0 -g3 -Wall -c -fmessage-length=0 -fno-builtin -ffunction-sections -fdata-sections -mcpu=cortex-m0 -mthumb -D__REDLIB__ -specs=redlib.specs -MMD -MP -MF"example/src/uart.d" -MT"example/src/uart.o" -MT"example/src/uart.d" -o "example/src/uart.o" "../example/src/uart.c"
Finished building: ../example/src/uart.c
 
Building target: nxp_lpcxpresso_11u14_periph_uart.axf
Invoking: MCU Linker
arm-none-eabi-gcc -nostdlib -L"/Users/Rane/LPCXpresso/lab5/nxp_lpcxpresso_11u14_board_lib/Debug" -L"/Users/Rane/LPCXpresso/lab5/lpc_chip_11uxx_lib/Debug" -Xlinker -Map="nxp_lpcxpresso_11u14_periph_uart.map" -Xlinker --gc-sections -mcpu=cortex-m0 -mthumb -T "nxp_lpcxpresso_11u14_periph_uart_Debug.ld" -o "nxp_lpcxpresso_11u14_periph_uart.axf"  ./example/src/cr_startup_lpc11xx.o ./example/src/sysinit.o ./example/src/uart.o   -lnxp_lpcxpresso_11u14_board_lib -llpc_chip_11uxx_lib
Finished building target: nxp_lpcxpresso_11u14_periph_uart.axf
 
make --no-print-directory post-build
Performing post-build steps
arm-none-eabi-size "nxp_lpcxpresso_11u14_periph_uart.axf"; # arm-none-eabi-objcopy -O binary "nxp_lpcxpresso_11u14_periph_uart.axf" "nxp_lpcxpresso_11u14_periph_uart.bin" ; checksum -p LPC11U14_201 -d "nxp_lpcxpresso_11u14_periph_uart.bin";
   text	   data	    bss	    dec	    hex	filename
   6964	      0	    892	   7856	   1eb0	nxp_lpcxpresso_11u14_periph_uart.axf
 

10:27:44 Build Finished (took 291ms)

