13:15:16 **** Build of configuration Debug for project CMSISv2p00_LPC11Uxx ****
make -r all 
Building file: ../src/core_cm0.c
Invoking: MCU C Compiler
arm-none-eabi-gcc -D__REDLIB__ -DDEBUG -D__CODE_RED -I../inc -O0 -Os -g3 -Wall -c -fmessage-length=0 -fno-builtin -ffunction-sections -fdata-sections -mcpu=cortex-m0 -mthumb -D__REDLIB__ -specs=redlib.specs -MMD -MP -MF"src/core_cm0.d" -MT"src/core_cm0.o" -MT"src/core_cm0.d" -o"src/core_cm0.o" "../src/core_cm0.c"
Finished building: ../src/core_cm0.c
 
Building file: ../src/system_LPC11Uxx.c
Invoking: MCU C Compiler
arm-none-eabi-gcc -D__REDLIB__ -DDEBUG -D__CODE_RED -I../inc -O0 -Os -g3 -Wall -c -fmessage-length=0 -fno-builtin -ffunction-sections -fdata-sections -mcpu=cortex-m0 -mthumb -D__REDLIB__ -specs=redlib.specs -MMD -MP -MF"src/system_LPC11Uxx.d" -MT"src/system_LPC11Uxx.o" -MT"src/system_LPC11Uxx.d" -o"src/system_LPC11Uxx.o" "../src/system_LPC11Uxx.c"
Finished building: ../src/system_LPC11Uxx.c
 
Building target: libCMSISv2p00_LPC11Uxx.a
Invoking: MCU Archiver
arm-none-eabi-ar -r "libCMSISv2p00_LPC11Uxx.a"  ./src/core_cm0.o ./src/system_LPC11Uxx.o   
arm-none-eabi-ar: creating libCMSISv2p00_LPC11Uxx.a
Finished building target: libCMSISv2p00_LPC11Uxx.a
 
make --no-print-directory post-build
Performing post-build steps
arm-none-eabi-size libCMSISv2p00_LPC11Uxx.a ; # arm-none-eabi-objdump -h -S libCMSISv2p00_LPC11Uxx.a >libCMSISv2p00_LPC11Uxx.lss
   text	   data	    bss	    dec	    hex	filename
      0	      0	      0	      0	      0	core_cm0.o (ex libCMSISv2p00_LPC11Uxx.a)
    428	      4	      0	    432	    1b0	system_LPC11Uxx.o (ex libCMSISv2p00_LPC11Uxx.a)
 

13:15:16 Build Finished (took 262ms)

