13:35:29 **** Incremental Build of configuration Debug for project lpc_chip_11uxx_lib ****
make -r all 
make: Nothing to be done for `all'.
13:35:29 **** Incremental Build of configuration Debug for project nxp_lpcxpresso_11u14_board_lib ****
make -r all 
make: Nothing to be done for `all'.
13:35:30 **** Incremental Build of configuration Debug for project nxp_lpcxpresso_11u14_fib_morse ****
make -r all 
Building file: ../example/src/fib_morse.c
Invoking: MCU C Compiler
arm-none-eabi-gcc -D__REDLIB__ -DDEBUG -D__CODE_RED -D__USE_LPCOPEN -DCORE_M0 -I"/Users/Rane/LPCXpresso/lab2_1/nxp_lpcxpresso_11u14_fib_morse/example/inc" -I"/Users/Rane/LPCXpresso/lab2_1/lpc_chip_11uxx_lib/inc" -I"/Users/Rane/LPCXpresso/lab2_1/nxp_lpcxpresso_11u14_board_lib/inc" -O0 -g3 -Wall -c -fmessage-length=0 -fno-builtin -ffunction-sections -fdata-sections -mcpu=cortex-m0 -mthumb -D__REDLIB__ -specs=redlib.specs -MMD -MP -MF"example/src/fib_morse.d" -MT"example/src/fib_morse.o" -MT"example/src/fib_morse.d" -o "example/src/fib_morse.o" "../example/src/fib_morse.c"
Finished building: ../example/src/fib_morse.c
 
Building target: nxp_lpcxpresso_11u14_fib_morse.axf
Invoking: MCU Linker
arm-none-eabi-gcc -nostdlib -L"/Users/Rane/LPCXpresso/lab2_1/nxp_lpcxpresso_11u14_board_lib/Debug" -L"/Users/Rane/LPCXpresso/lab2_1/lpc_chip_11uxx_lib/Debug" -Xlinker -Map="nxp_lpcxpresso_11u14_fib_morse.map" -Xlinker --gc-sections -mcpu=cortex-m0 -mthumb -T "nxp_lpcxpresso_11u14_periph_blinky_Debug.ld" -o "nxp_lpcxpresso_11u14_fib_morse.axf"  ./example/src/asm_fib.o ./example/src/cr_startup_lpc11xx.o ./example/src/fib_morse.o ./example/src/sysinit.o   -lnxp_lpcxpresso_11u14_board_lib -llpc_chip_11uxx_lib
Finished building target: nxp_lpcxpresso_11u14_fib_morse.axf
 
make --no-print-directory post-build
Performing post-build steps
arm-none-eabi-size "nxp_lpcxpresso_11u14_fib_morse.axf"; # arm-none-eabi-objcopy -O binary "nxp_lpcxpresso_11u14_fib_morse.axf" "nxp_lpcxpresso_11u14_fib_morse.bin" ; checksum -p LPC11U14_201 -d "nxp_lpcxpresso_11u14_fib_morse.bin";
   text	   data	    bss	    dec	    hex	filename
  14232	      0	    340	  14572	   38ec	nxp_lpcxpresso_11u14_fib_morse.axf
 
13:36:28 **** Incremental Build of configuration Debug for project nxp_lpcxpresso_11u14_fib_morse ****
make -r all 
make: Nothing to be done for `all'.
