13:12:51 **** Build of configuration Debug for project LPC11xx_cmsis2_Lib ****
make -r all 
Building file: ../src/clkconfig.c
Invoking: MCU C Compiler
arm-none-eabi-gcc -DDEBUG -D__CODE_RED -D__REDLIB__ -I"/Users/Rane/LPCXpresso/lab2_1/CMSISv2p00_LPC11xx/inc" -I../inc -O0 -g3 -Wall -c -fmessage-length=0 -fno-builtin -ffunction-sections -mcpu=cortex-m0 -mthumb -D__REDLIB__ -specs=redlib.specs -MMD -MP -MF"src/clkconfig.d" -MT"src/clkconfig.o" -MT"src/clkconfig.d" -o "src/clkconfig.o" "../src/clkconfig.c"
Finished building: ../src/clkconfig.c
 
Building file: ../src/gpio.c
Invoking: MCU C Compiler
arm-none-eabi-gcc -DDEBUG -D__CODE_RED -D__REDLIB__ -I"/Users/Rane/LPCXpresso/lab2_1/CMSISv2p00_LPC11xx/inc" -I../inc -O0 -g3 -Wall -c -fmessage-length=0 -fno-builtin -ffunction-sections -mcpu=cortex-m0 -mthumb -D__REDLIB__ -specs=redlib.specs -MMD -MP -MF"src/gpio.d" -MT"src/gpio.o" -MT"src/gpio.d" -o "src/gpio.o" "../src/gpio.c"
Finished building: ../src/gpio.c
 
Building file: ../src/timer16.c
Invoking: MCU C Compiler
arm-none-eabi-gcc -DDEBUG -D__CODE_RED -D__REDLIB__ -I"/Users/Rane/LPCXpresso/lab2_1/CMSISv2p00_LPC11xx/inc" -I../inc -O0 -g3 -Wall -c -fmessage-length=0 -fno-builtin -ffunction-sections -mcpu=cortex-m0 -mthumb -D__REDLIB__ -specs=redlib.specs -MMD -MP -MF"src/timer16.d" -MT"src/timer16.o" -MT"src/timer16.d" -o "src/timer16.o" "../src/timer16.c"
Finished building: ../src/timer16.c
 
Building file: ../src/timer32.c
Invoking: MCU C Compiler
arm-none-eabi-gcc -DDEBUG -D__CODE_RED -D__REDLIB__ -I"/Users/Rane/LPCXpresso/lab2_1/CMSISv2p00_LPC11xx/inc" -I../inc -O0 -g3 -Wall -c -fmessage-length=0 -fno-builtin -ffunction-sections -mcpu=cortex-m0 -mthumb -D__REDLIB__ -specs=redlib.specs -MMD -MP -MF"src/timer32.d" -MT"src/timer32.o" -MT"src/timer32.d" -o "src/timer32.o" "../src/timer32.c"
Finished building: ../src/timer32.c
 
Building file: ../src/uart.c
Invoking: MCU C Compiler
arm-none-eabi-gcc -DDEBUG -D__CODE_RED -D__REDLIB__ -I"/Users/Rane/LPCXpresso/lab2_1/CMSISv2p00_LPC11xx/inc" -I../inc -O0 -g3 -Wall -c -fmessage-length=0 -fno-builtin -ffunction-sections -mcpu=cortex-m0 -mthumb -D__REDLIB__ -specs=redlib.specs -MMD -MP -MF"src/uart.d" -MT"src/uart.o" -MT"src/uart.d" -o "src/uart.o" "../src/uart.c"
Finished building: ../src/uart.c
 
Building target: libLPC11xx_cmsis2_Lib.a
Invoking: MCU Archiver
arm-none-eabi-ar -r  "libLPC11xx_cmsis2_Lib.a"  ./src/clkconfig.o ./src/gpio.o ./src/timer16.o ./src/timer32.o ./src/uart.o   
arm-none-eabi-ar: creating libLPC11xx_cmsis2_Lib.a
Finished building target: libLPC11xx_cmsis2_Lib.a
 
make --no-print-directory post-build
Performing post-build steps
arm-none-eabi-size libLPC11xx_cmsis2_Lib.a ; # arm-none-eabi-objdump -h -S libLPC11xx_cmsis2_Lib.a >libLPC11xx_cmsis2_Lib.lss
   text	   data	    bss	    dec	    hex	filename
    180	      0	      0	    180	     b4	clkconfig.o (ex libLPC11xx_cmsis2_Lib.a)
   2148	      0	      0	   2148	    864	gpio.o (ex libLPC11xx_cmsis2_Lib.a)
    720	      0	      0	    720	    2d0	timer16.o (ex libLPC11xx_cmsis2_Lib.a)
    728	      0	      0	    728	    2d8	timer32.o (ex libLPC11xx_cmsis2_Lib.a)
    920	      1	      4	    925	    39d	uart.o (ex libLPC11xx_cmsis2_Lib.a)
 

13:12:52 Build Finished (took 664ms)

