Archive member included because of file (symbol)

/Applications/lpcxpresso_7.9.0_455/lpcxpresso/tools/bin/../lib/gcc/arm-none-eabi/4.9.3/../../../../arm-none-eabi/lib/armv6-m/libcr_c.a(__weak__main.o)
                              ./startup/cr_startup_lpc11.o (__main)
/Applications/lpcxpresso_7.9.0_455/lpcxpresso/tools/bin/../lib/gcc/arm-none-eabi/4.9.3/armv6-m/libcr_eabihelpers.a(division_32.o)
                              ./cmsis/system_LPC11xx.o (__aeabi_uidiv)
/Applications/lpcxpresso_7.9.0_455/lpcxpresso/tools/bin/../lib/gcc/arm-none-eabi/4.9.3/armv6-m/libcr_eabihelpers.a(division_idiv0.o)
                              /Applications/lpcxpresso_7.9.0_455/lpcxpresso/tools/bin/../lib/gcc/arm-none-eabi/4.9.3/armv6-m/libcr_eabihelpers.a(division_32.o) (__aeabi_idiv0)

Allocating common symbols
Common symbol       size              file

I2CReadLength       0x4               ./driver/i2cslave.o
I2CWrBuffer         0x6               ./driver/i2cslave.o
I2CMode             0x4               ./driver/i2cslave.o
I2CWriteLength      0x4               ./driver/i2cslave.o
I2CRdBuffer         0x6               ./driver/i2cslave.o

Discarded input sections

 .group         0x0000000000000000        0x8 ./startup/cr_startup_lpc11.o
 .group         0x0000000000000000        0x8 ./startup/cr_startup_lpc11.o
 .group         0x0000000000000000        0x8 ./startup/cr_startup_lpc11.o
 .group         0x0000000000000000        0x8 ./startup/cr_startup_lpc11.o
 .group         0x0000000000000000        0x8 ./startup/cr_startup_lpc11.o
 .text          0x0000000000000000        0x0 ./startup/cr_startup_lpc11.o
 .data          0x0000000000000000        0x0 ./startup/cr_startup_lpc11.o
 .bss           0x0000000000000000        0x0 ./startup/cr_startup_lpc11.o
 .group         0x0000000000000000        0x8 ./src/i2cslave_main.o
 .group         0x0000000000000000        0x8 ./src/i2cslave_main.o
 .group         0x0000000000000000        0x8 ./src/i2cslave_main.o
 .group         0x0000000000000000        0x8 ./src/i2cslave_main.o
 .group         0x0000000000000000        0x8 ./src/i2cslave_main.o
 .group         0x0000000000000000        0x8 ./src/i2cslave_main.o
 .group         0x0000000000000000        0x8 ./src/i2cslave_main.o
 .group         0x0000000000000000        0x8 ./src/i2cslave_main.o
 .group         0x0000000000000000        0x8 ./src/i2cslave_main.o
 .group         0x0000000000000000        0x8 ./src/i2cslave_main.o
 .group         0x0000000000000000        0x8 ./src/i2cslave_main.o
 .group         0x0000000000000000        0x8 ./src/i2cslave_main.o
 .text          0x0000000000000000        0x0 ./src/i2cslave_main.o
 .data          0x0000000000000000        0x0 ./src/i2cslave_main.o
 .bss           0x0000000000000000        0x0 ./src/i2cslave_main.o
 .debug_macro   0x0000000000000000      0x832 ./src/i2cslave_main.o
 .debug_macro   0x0000000000000000       0x10 ./src/i2cslave_main.o
 .debug_macro   0x0000000000000000      0x12d ./src/i2cslave_main.o
 .debug_macro   0x0000000000000000      0x5b2 ./src/i2cslave_main.o
 .group         0x0000000000000000        0x8 ./driver/can.o
 .group         0x0000000000000000        0x8 ./driver/can.o
 .group         0x0000000000000000        0x8 ./driver/can.o
 .group         0x0000000000000000        0x8 ./driver/can.o
 .group         0x0000000000000000        0x8 ./driver/can.o
 .group         0x0000000000000000        0x8 ./driver/can.o
 .group         0x0000000000000000        0x8 ./driver/can.o
 .group         0x0000000000000000        0x8 ./driver/can.o
 .group         0x0000000000000000        0x8 ./driver/can.o
 .group         0x0000000000000000        0x8 ./driver/can.o
 .text          0x0000000000000000        0x0 ./driver/can.o
 .data          0x0000000000000000        0x0 ./driver/can.o
 .bss           0x0000000000000000        0x0 ./driver/can.o
 .debug_info    0x0000000000000000       0x6f ./driver/can.o
 .debug_abbrev  0x0000000000000000       0x29 ./driver/can.o
 .debug_aranges
                0x0000000000000000       0x18 ./driver/can.o
 .debug_macro   0x0000000000000000       0x70 ./driver/can.o
 .debug_macro   0x0000000000000000      0x832 ./driver/can.o
 .debug_macro   0x0000000000000000       0x1c ./driver/can.o
 .debug_macro   0x0000000000000000       0x22 ./driver/can.o
 .debug_macro   0x0000000000000000       0x10 ./driver/can.o
 .debug_macro   0x0000000000000000      0x12d ./driver/can.o
 .debug_macro   0x0000000000000000      0x5b2 ./driver/can.o
 .debug_macro   0x0000000000000000      0x37a ./driver/can.o
 .debug_macro   0x0000000000000000       0x8d ./driver/can.o
 .debug_macro   0x0000000000000000      0x123 ./driver/can.o
 .debug_macro   0x0000000000000000       0x22 ./driver/can.o
 .debug_line    0x0000000000000000      0x151 ./driver/can.o
 .debug_str     0x0000000000000000     0x59e0 ./driver/can.o
 .comment       0x0000000000000000       0x71 ./driver/can.o
 .ARM.attributes
                0x0000000000000000       0x31 ./driver/can.o
 .group         0x0000000000000000        0x8 ./driver/crp.o
 .group         0x0000000000000000        0x8 ./driver/crp.o
 .group         0x0000000000000000        0x8 ./driver/crp.o
 .group         0x0000000000000000        0x8 ./driver/crp.o
 .group         0x0000000000000000        0x8 ./driver/crp.o
 .group         0x0000000000000000        0x8 ./driver/crp.o
 .group         0x0000000000000000        0x8 ./driver/crp.o
 .group         0x0000000000000000        0x8 ./driver/crp.o
 .group         0x0000000000000000        0x8 ./driver/crp.o
 .group         0x0000000000000000        0x8 ./driver/crp.o
 .group         0x0000000000000000        0x8 ./driver/crp.o
 .group         0x0000000000000000        0x8 ./driver/crp.o
 .text          0x0000000000000000        0x0 ./driver/crp.o
 .data          0x0000000000000000        0x0 ./driver/crp.o
 .bss           0x0000000000000000        0x0 ./driver/crp.o
 .debug_macro   0x0000000000000000      0x832 ./driver/crp.o
 .debug_macro   0x0000000000000000       0x1c ./driver/crp.o
 .debug_macro   0x0000000000000000       0x22 ./driver/crp.o
 .debug_macro   0x0000000000000000       0x10 ./driver/crp.o
 .debug_macro   0x0000000000000000      0x12d ./driver/crp.o
 .debug_macro   0x0000000000000000      0x5b2 ./driver/crp.o
 .debug_macro   0x0000000000000000      0x37a ./driver/crp.o
 .debug_macro   0x0000000000000000       0x8d ./driver/crp.o
 .debug_macro   0x0000000000000000      0x123 ./driver/crp.o
 .debug_macro   0x0000000000000000       0x22 ./driver/crp.o
 .group         0x0000000000000000        0x8 ./driver/gpio.o
 .group         0x0000000000000000        0x8 ./driver/gpio.o
 .group         0x0000000000000000        0x8 ./driver/gpio.o
 .group         0x0000000000000000        0x8 ./driver/gpio.o
 .group         0x0000000000000000        0x8 ./driver/gpio.o
 .group         0x0000000000000000        0x8 ./driver/gpio.o
 .group         0x0000000000000000        0x8 ./driver/gpio.o
 .group         0x0000000000000000        0x8 ./driver/gpio.o
 .group         0x0000000000000000        0x8 ./driver/gpio.o
 .group         0x0000000000000000        0x8 ./driver/gpio.o
 .group         0x0000000000000000        0x8 ./driver/gpio.o
 .text          0x0000000000000000        0x0 ./driver/gpio.o
 .data          0x0000000000000000        0x0 ./driver/gpio.o
 .bss           0x0000000000000000        0x0 ./driver/gpio.o
 .rodata.LPC_GPIO
                0x0000000000000000       0x10 ./driver/gpio.o
 .text.GPIOInit
                0x0000000000000000       0x20 ./driver/gpio.o
 .text.GPIOSetInterrupt
                0x0000000000000000      0x2ec ./driver/gpio.o
 .text.GPIOIntEnable
                0x0000000000000000       0x98 ./driver/gpio.o
 .text.GPIOIntDisable
                0x0000000000000000       0xa0 ./driver/gpio.o
 .text.GPIOIntStatus
                0x0000000000000000       0xa4 ./driver/gpio.o
 .text.GPIOIntClear
                0x0000000000000000       0x98 ./driver/gpio.o
 .text.GPIOSetValue
                0x0000000000000000       0x34 ./driver/gpio.o
 .text.GPIOSetDir
                0x0000000000000000       0x6c ./driver/gpio.o
 .debug_info    0x0000000000000000      0x737 ./driver/gpio.o
 .debug_abbrev  0x0000000000000000      0x1bb ./driver/gpio.o
 .debug_aranges
                0x0000000000000000       0x58 ./driver/gpio.o
 .debug_ranges  0x0000000000000000       0x48 ./driver/gpio.o
 .debug_macro   0x0000000000000000       0x79 ./driver/gpio.o
 .debug_macro   0x0000000000000000      0x832 ./driver/gpio.o
 .debug_macro   0x0000000000000000       0x1c ./driver/gpio.o
 .debug_macro   0x0000000000000000       0x22 ./driver/gpio.o
 .debug_macro   0x0000000000000000       0x10 ./driver/gpio.o
 .debug_macro   0x0000000000000000      0x12d ./driver/gpio.o
 .debug_macro   0x0000000000000000      0x5b2 ./driver/gpio.o
 .debug_macro   0x0000000000000000      0x37a ./driver/gpio.o
 .debug_macro   0x0000000000000000       0x8d ./driver/gpio.o
 .debug_macro   0x0000000000000000      0x123 ./driver/gpio.o
 .debug_macro   0x0000000000000000       0x22 ./driver/gpio.o
 .debug_macro   0x0000000000000000       0x22 ./driver/gpio.o
 .debug_line    0x0000000000000000      0x284 ./driver/gpio.o
 .debug_str     0x0000000000000000     0x5d7b ./driver/gpio.o
 .comment       0x0000000000000000       0x71 ./driver/gpio.o
 .debug_frame   0x0000000000000000      0x10c ./driver/gpio.o
 .ARM.attributes
                0x0000000000000000       0x31 ./driver/gpio.o
 .group         0x0000000000000000        0x8 ./driver/i2cslave.o
 .group         0x0000000000000000        0x8 ./driver/i2cslave.o
 .group         0x0000000000000000        0x8 ./driver/i2cslave.o
 .group         0x0000000000000000        0x8 ./driver/i2cslave.o
 .group         0x0000000000000000        0x8 ./driver/i2cslave.o
 .group         0x0000000000000000        0x8 ./driver/i2cslave.o
 .group         0x0000000000000000        0x8 ./driver/i2cslave.o
 .group         0x0000000000000000        0x8 ./driver/i2cslave.o
 .group         0x0000000000000000        0x8 ./driver/i2cslave.o
 .group         0x0000000000000000        0x8 ./driver/i2cslave.o
 .group         0x0000000000000000        0x8 ./driver/i2cslave.o
 .group         0x0000000000000000        0x8 ./driver/i2cslave.o
 .text          0x0000000000000000        0x0 ./driver/i2cslave.o
 .data          0x0000000000000000        0x0 ./driver/i2cslave.o
 .bss           0x0000000000000000        0x0 ./driver/i2cslave.o
 .bss.I2CMasterState
                0x0000000000000000        0x4 ./driver/i2cslave.o
 .debug_macro   0x0000000000000000      0x832 ./driver/i2cslave.o
 .debug_macro   0x0000000000000000       0x1c ./driver/i2cslave.o
 .debug_macro   0x0000000000000000       0x22 ./driver/i2cslave.o
 .debug_macro   0x0000000000000000       0x10 ./driver/i2cslave.o
 .debug_macro   0x0000000000000000      0x12d ./driver/i2cslave.o
 .debug_macro   0x0000000000000000      0x5b2 ./driver/i2cslave.o
 .debug_macro   0x0000000000000000      0x37a ./driver/i2cslave.o
 .debug_macro   0x0000000000000000       0x8d ./driver/i2cslave.o
 .debug_macro   0x0000000000000000      0x123 ./driver/i2cslave.o
 .debug_macro   0x0000000000000000       0x22 ./driver/i2cslave.o
 .debug_macro   0x0000000000000000       0x1c ./driver/i2cslave.o
 .debug_macro   0x0000000000000000       0xbe ./driver/i2cslave.o
 .group         0x0000000000000000        0x8 ./cmsis/core_cm0.o
 .group         0x0000000000000000        0x8 ./cmsis/core_cm0.o
 .group         0x0000000000000000        0x8 ./cmsis/core_cm0.o
 .group         0x0000000000000000        0x8 ./cmsis/core_cm0.o
 .text          0x0000000000000000        0x0 ./cmsis/core_cm0.o
 .data          0x0000000000000000        0x0 ./cmsis/core_cm0.o
 .bss           0x0000000000000000        0x0 ./cmsis/core_cm0.o
 .text.__get_PSP
                0x0000000000000000        0x8 ./cmsis/core_cm0.o
 .text.__set_PSP
                0x0000000000000000        0x6 ./cmsis/core_cm0.o
 .text.__get_MSP
                0x0000000000000000        0x8 ./cmsis/core_cm0.o
 .text.__set_MSP
                0x0000000000000000        0x6 ./cmsis/core_cm0.o
 .text.__get_PRIMASK
                0x0000000000000000        0x6 ./cmsis/core_cm0.o
 .text.__set_PRIMASK
                0x0000000000000000        0x6 ./cmsis/core_cm0.o
 .text.__get_CONTROL
                0x0000000000000000        0x6 ./cmsis/core_cm0.o
 .text.__set_CONTROL
                0x0000000000000000        0x6 ./cmsis/core_cm0.o
 .text.__REV    0x0000000000000000        0x4 ./cmsis/core_cm0.o
 .text.__REV16  0x0000000000000000        0x4 ./cmsis/core_cm0.o
 .text.__REVSH  0x0000000000000000        0x4 ./cmsis/core_cm0.o
 .debug_info    0x0000000000000000      0x289 ./cmsis/core_cm0.o
 .debug_abbrev  0x0000000000000000       0xb7 ./cmsis/core_cm0.o
 .debug_loc     0x0000000000000000      0x13c ./cmsis/core_cm0.o
 .debug_aranges
                0x0000000000000000       0x70 ./cmsis/core_cm0.o
 .debug_ranges  0x0000000000000000       0x60 ./cmsis/core_cm0.o
 .debug_macro   0x0000000000000000       0x48 ./cmsis/core_cm0.o
 .debug_macro   0x0000000000000000      0x838 ./cmsis/core_cm0.o
 .debug_macro   0x0000000000000000       0x10 ./cmsis/core_cm0.o
 .debug_macro   0x0000000000000000      0x12d ./cmsis/core_cm0.o
 .debug_macro   0x0000000000000000      0x5b2 ./cmsis/core_cm0.o
 .debug_line    0x0000000000000000      0x1ce ./cmsis/core_cm0.o
 .debug_str     0x0000000000000000     0x3ba3 ./cmsis/core_cm0.o
 .comment       0x0000000000000000       0x71 ./cmsis/core_cm0.o
 .debug_frame   0x0000000000000000       0xc0 ./cmsis/core_cm0.o
 .ARM.attributes
                0x0000000000000000       0x31 ./cmsis/core_cm0.o
 .group         0x0000000000000000        0x8 ./cmsis/system_LPC11xx.o
 .group         0x0000000000000000        0x8 ./cmsis/system_LPC11xx.o
 .group         0x0000000000000000        0x8 ./cmsis/system_LPC11xx.o
 .group         0x0000000000000000        0x8 ./cmsis/system_LPC11xx.o
 .group         0x0000000000000000        0x8 ./cmsis/system_LPC11xx.o
 .group         0x0000000000000000        0x8 ./cmsis/system_LPC11xx.o
 .group         0x0000000000000000        0x8 ./cmsis/system_LPC11xx.o
 .group         0x0000000000000000        0x8 ./cmsis/system_LPC11xx.o
 .text          0x0000000000000000        0x0 ./cmsis/system_LPC11xx.o
 .data          0x0000000000000000        0x0 ./cmsis/system_LPC11xx.o
 .bss           0x0000000000000000        0x0 ./cmsis/system_LPC11xx.o
 .debug_macro   0x0000000000000000      0x838 ./cmsis/system_LPC11xx.o
 .debug_macro   0x0000000000000000       0x10 ./cmsis/system_LPC11xx.o
 .debug_macro   0x0000000000000000      0x12d ./cmsis/system_LPC11xx.o
 .debug_macro   0x0000000000000000      0x5b2 ./cmsis/system_LPC11xx.o
 .debug_macro   0x0000000000000000       0x1c ./cmsis/system_LPC11xx.o
 .debug_macro   0x0000000000000000       0x8d ./cmsis/system_LPC11xx.o
 .debug_macro   0x0000000000000000      0x123 ./cmsis/system_LPC11xx.o
 .text          0x0000000000000000        0x0 /Applications/lpcxpresso_7.9.0_455/lpcxpresso/tools/bin/../lib/gcc/arm-none-eabi/4.9.3/../../../../arm-none-eabi/lib/armv6-m/libcr_c.a(__weak__main.o)
 .data          0x0000000000000000        0x0 /Applications/lpcxpresso_7.9.0_455/lpcxpresso/tools/bin/../lib/gcc/arm-none-eabi/4.9.3/../../../../arm-none-eabi/lib/armv6-m/libcr_c.a(__weak__main.o)
 .bss           0x0000000000000000        0x0 /Applications/lpcxpresso_7.9.0_455/lpcxpresso/tools/bin/../lib/gcc/arm-none-eabi/4.9.3/../../../../arm-none-eabi/lib/armv6-m/libcr_c.a(__weak__main.o)
 .text          0x0000000000000000        0x0 /Applications/lpcxpresso_7.9.0_455/lpcxpresso/tools/bin/../lib/gcc/arm-none-eabi/4.9.3/armv6-m/libcr_eabihelpers.a(division_32.o)
 .data          0x0000000000000000        0x0 /Applications/lpcxpresso_7.9.0_455/lpcxpresso/tools/bin/../lib/gcc/arm-none-eabi/4.9.3/armv6-m/libcr_eabihelpers.a(division_32.o)
 .bss           0x0000000000000000        0x0 /Applications/lpcxpresso_7.9.0_455/lpcxpresso/tools/bin/../lib/gcc/arm-none-eabi/4.9.3/armv6-m/libcr_eabihelpers.a(division_32.o)
 .text          0x0000000000000000        0x0 /Applications/lpcxpresso_7.9.0_455/lpcxpresso/tools/bin/../lib/gcc/arm-none-eabi/4.9.3/armv6-m/libcr_eabihelpers.a(division_idiv0.o)
 .data          0x0000000000000000        0x0 /Applications/lpcxpresso_7.9.0_455/lpcxpresso/tools/bin/../lib/gcc/arm-none-eabi/4.9.3/armv6-m/libcr_eabihelpers.a(division_idiv0.o)
 .bss           0x0000000000000000        0x0 /Applications/lpcxpresso_7.9.0_455/lpcxpresso/tools/bin/../lib/gcc/arm-none-eabi/4.9.3/armv6-m/libcr_eabihelpers.a(division_idiv0.o)

Memory Configuration

Name             Origin             Length             Attributes
MFlash32         0x0000000000000000 0x0000000000008000 xr
RamLoc8          0x0000000010000000 0x0000000000002000 xrw
*default*        0x0000000000000000 0xffffffffffffffff

Linker script and memory map

LOAD ./startup/cr_startup_lpc11.o
LOAD ./src/i2cslave_main.o
LOAD ./driver/can.o
LOAD ./driver/crp.o
LOAD ./driver/gpio.o
LOAD ./driver/i2cslave.o
LOAD ./cmsis/core_cm0.o
LOAD ./cmsis/system_LPC11xx.o
START GROUP
LOAD /Applications/lpcxpresso_7.9.0_455/lpcxpresso/tools/bin/../lib/gcc/arm-none-eabi/4.9.3/../../../../arm-none-eabi/lib/armv6-m/libcr_c.a
LOAD /Applications/lpcxpresso_7.9.0_455/lpcxpresso/tools/bin/../lib/gcc/arm-none-eabi/4.9.3/../../../../arm-none-eabi/lib/armv6-m/libcr_semihost.a
LOAD /Applications/lpcxpresso_7.9.0_455/lpcxpresso/tools/bin/../lib/gcc/arm-none-eabi/4.9.3/armv6-m/libcr_eabihelpers.a
END GROUP
                0x0000000000008000                __top_MFlash32 = 0x8000
                0x0000000010002000                __top_RamLoc8 = 0x10002000

.text           0x0000000000000000      0x790
 FILL mask 0xff
 *(.isr_vector)
 .isr_vector    0x0000000000000000       0xc0 ./startup/cr_startup_lpc11.o
                0x0000000000000000                g_pfnVectors
 *(.text.Reset_Handler .text.SystemInit)
 .text.SystemInit
                0x00000000000000c0       0xac ./cmsis/system_LPC11xx.o
                0x00000000000000c0                SystemInit
                0x00000000000002fc                . = 0x2fc
 *fill*         0x000000000000016c      0x190 ff
 *(.crp)
 .crp           0x00000000000002fc        0x4 ./driver/crp.o
                0x00000000000002fc                CRP_WORD
 *(.text*)
 .text.ResetISR
                0x0000000000000300       0x60 ./startup/cr_startup_lpc11.o
                0x0000000000000300                ResetISR
 .text.NMI_Handler
                0x0000000000000360        0x8 ./startup/cr_startup_lpc11.o
                0x0000000000000360                NMI_Handler
 .text.HardFault_Handler
                0x0000000000000368        0x8 ./startup/cr_startup_lpc11.o
                0x0000000000000368                HardFault_Handler
 .text.SVCall_Handler
                0x0000000000000370        0x8 ./startup/cr_startup_lpc11.o
                0x0000000000000370                SVCall_Handler
 .text.PendSV_Handler
                0x0000000000000378        0x8 ./startup/cr_startup_lpc11.o
                0x0000000000000378                PendSV_Handler
 .text.SysTick_Handler
                0x0000000000000380        0x8 ./startup/cr_startup_lpc11.o
                0x0000000000000380                SysTick_Handler
 .text.IntDefaultHandler
                0x0000000000000388        0x8 ./startup/cr_startup_lpc11.o
                0x0000000000000388                PIOINT3_IRQHandler
                0x0000000000000388                UART_IRQHandler
                0x0000000000000388                TIMER32_0_IRQHandler
                0x0000000000000388                TIMER32_1_IRQHandler
                0x0000000000000388                IntDefaultHandler
                0x0000000000000388                PIOINT1_IRQHandler
                0x0000000000000388                CAN_IRQHandler
                0x0000000000000388                SSP0_IRQHandler
                0x0000000000000388                TIMER16_1_IRQHandler
                0x0000000000000388                ADC_IRQHandler
                0x0000000000000388                SSP1_IRQHandler
                0x0000000000000388                PIOINT2_IRQHandler
                0x0000000000000388                BOD_IRQHandler
                0x0000000000000388                WAKEUP_IRQHandler
                0x0000000000000388                PIOINT0_IRQHandler
                0x0000000000000388                WDT_IRQHandler
                0x0000000000000388                TIMER16_0_IRQHandler
 .text.main     0x0000000000000390       0x44 ./src/i2cslave_main.o
                0x0000000000000390                main
 .text.NVIC_EnableIRQ
                0x00000000000003d4       0x2c ./driver/i2cslave.o
 .text.I2C_IRQHandler
                0x0000000000000400      0x168 ./driver/i2cslave.o
                0x0000000000000400                I2C_IRQHandler
 .text.I2CSlaveInit
                0x0000000000000568       0xb4 ./driver/i2cslave.o
                0x0000000000000568                I2CSlaveInit
 .text.SystemCoreClockUpdate
                0x000000000000061c       0xb0 ./cmsis/system_LPC11xx.o
                0x000000000000061c                SystemCoreClockUpdate
 .text.__weak_main
                0x00000000000006cc        0x8 /Applications/lpcxpresso_7.9.0_455/lpcxpresso/tools/bin/../lib/gcc/arm-none-eabi/4.9.3/../../../../arm-none-eabi/lib/armv6-m/libcr_c.a(__weak__main.o)
                0x00000000000006cc                __main
                0x00000000000006cc                __weak_main
 .text.__aeabi_division_idivmod
                0x00000000000006d4       0x78 /Applications/lpcxpresso_7.9.0_455/lpcxpresso/tools/bin/../lib/gcc/arm-none-eabi/4.9.3/armv6-m/libcr_eabihelpers.a(division_32.o)
                0x00000000000006d4                __aeabi_idiv
                0x00000000000006d4                __aeabi_idivmod
                0x00000000000006da                __aeabi_uidiv
                0x00000000000006da                __aeabi_uidivmod
 .text.__aeabi_division_idiv0
                0x000000000000074c        0x2 /Applications/lpcxpresso_7.9.0_455/lpcxpresso/tools/bin/../lib/gcc/arm-none-eabi/4.9.3/armv6-m/libcr_eabihelpers.a(division_idiv0.o)
                0x000000000000074c                __aeabi_idiv0
 *(.rodata*)
 *fill*         0x000000000000074e        0x2 
 .rodata.CSWTCH.8
                0x0000000000000750       0x40 ./cmsis/system_LPC11xx.o

.glue_7         0x0000000000000790        0x0
 .glue_7        0x0000000000000000        0x0 linker stubs

.glue_7t        0x0000000000000790        0x0
 .glue_7t       0x0000000000000000        0x0 linker stubs

.vfp11_veneer   0x0000000000000790        0x0
 .vfp11_veneer  0x0000000000000000        0x0 linker stubs

.v4_bx          0x0000000000000790        0x0
 .v4_bx         0x0000000000000000        0x0 linker stubs

.iplt           0x0000000000000790        0x0
 .iplt          0x0000000000000000        0x0 ./startup/cr_startup_lpc11.o

.rel.dyn        0x0000000000000790        0x0
 .rel.iplt      0x0000000000000000        0x0 ./startup/cr_startup_lpc11.o

.ARM.extab
 *(.ARM.extab* .gnu.linkonce.armextab.*)
                0x0000000000000790                __exidx_start = .

.ARM.exidx
 *(.ARM.exidx* .gnu.linkonce.armexidx.*)
                0x0000000000000790                __exidx_end = .
                0x0000000000000790                _etext = .

.data           0x0000000010000000        0x4 load address 0x0000000000000790
                0x0000000010000000                _data = .
 *(vtable)
 *(.data*)
 .data.SystemCoreClock
                0x0000000010000000        0x4 ./cmsis/system_LPC11xx.o
                0x0000000010000000                SystemCoreClock
                0x0000000010000004                _edata = .

.igot.plt       0x0000000010000004        0x0 load address 0x0000000000000794
 .igot.plt      0x0000000000000000        0x0 ./startup/cr_startup_lpc11.o

.bss            0x0000000010000004       0x26 load address 0x0000000000000794
                0x0000000010000004                _bss = .
 *(.bss*)
 .bss.I2CSlaveState
                0x0000000010000004        0x4 ./driver/i2cslave.o
                0x0000000010000004                I2CSlaveState
 .bss.RdIndex   0x0000000010000008        0x4 ./driver/i2cslave.o
                0x0000000010000008                RdIndex
 .bss.WrIndex   0x000000001000000c        0x4 ./driver/i2cslave.o
                0x000000001000000c                WrIndex
 *(COMMON)
 COMMON         0x0000000010000010       0x1a ./driver/i2cslave.o
                0x0000000010000010                I2CReadLength
                0x0000000010000014                I2CWrBuffer
                0x000000001000001c                I2CMode
                0x0000000010000020                I2CWriteLength
                0x0000000010000024                I2CRdBuffer
                0x000000001000002a                _ebss = .

.cr_heap        0x000000001000002a        0x0 load address 0x0000000000000794
                0x000000001000002a                end = .
                0x000000001000002a                _pvHeapStart = .
                0x0000000010002000                _vRamTop = __top_RamLoc8
                0x0000000010002000                _vStackTop = _vRamTop
OUTPUT(i2c.axf elf32-littlearm)

.debug_info     0x0000000000000000     0x1220
 .debug_info    0x0000000000000000      0x186 ./startup/cr_startup_lpc11.o
 .debug_info    0x0000000000000186       0xe3 ./src/i2cslave_main.o
 .debug_info    0x0000000000000269       0x90 ./driver/crp.o
 .debug_info    0x00000000000002f9      0xa45 ./driver/i2cslave.o
 .debug_info    0x0000000000000d3e      0x4e2 ./cmsis/system_LPC11xx.o

.debug_abbrev   0x0000000000000000      0x44b
 .debug_abbrev  0x0000000000000000       0xb9 ./startup/cr_startup_lpc11.o
 .debug_abbrev  0x00000000000000b9       0x8f ./src/i2cslave_main.o
 .debug_abbrev  0x0000000000000148       0x4e ./driver/crp.o
 .debug_abbrev  0x0000000000000196      0x16a ./driver/i2cslave.o
 .debug_abbrev  0x0000000000000300      0x14b ./cmsis/system_LPC11xx.o

.debug_aranges  0x0000000000000000       0xe0
 .debug_aranges
                0x0000000000000000       0x50 ./startup/cr_startup_lpc11.o
 .debug_aranges
                0x0000000000000050       0x20 ./src/i2cslave_main.o
 .debug_aranges
                0x0000000000000070       0x18 ./driver/crp.o
 .debug_aranges
                0x0000000000000088       0x30 ./driver/i2cslave.o
 .debug_aranges
                0x00000000000000b8       0x28 ./cmsis/system_LPC11xx.o

.debug_ranges   0x0000000000000000       0x88
 .debug_ranges  0x0000000000000000       0x40 ./startup/cr_startup_lpc11.o
 .debug_ranges  0x0000000000000040       0x10 ./src/i2cslave_main.o
 .debug_ranges  0x0000000000000050       0x20 ./driver/i2cslave.o
 .debug_ranges  0x0000000000000070       0x18 ./cmsis/system_LPC11xx.o

.debug_macro    0x0000000000000000     0x1c84
 .debug_macro   0x0000000000000000       0x57 ./startup/cr_startup_lpc11.o
 .debug_macro   0x0000000000000057      0x832 ./startup/cr_startup_lpc11.o
 .debug_macro   0x0000000000000889       0x10 ./startup/cr_startup_lpc11.o
 .debug_macro   0x0000000000000899      0x12d ./startup/cr_startup_lpc11.o
 .debug_macro   0x00000000000009c6      0x5b2 ./startup/cr_startup_lpc11.o
 .debug_macro   0x0000000000000f78       0x87 ./startup/cr_startup_lpc11.o
 .debug_macro   0x0000000000000fff       0x86 ./src/i2cslave_main.o
 .debug_macro   0x0000000000001085       0x1c ./src/i2cslave_main.o
 .debug_macro   0x00000000000010a1       0x22 ./src/i2cslave_main.o
 .debug_macro   0x00000000000010c3      0x37a ./src/i2cslave_main.o
 .debug_macro   0x000000000000143d       0x8d ./src/i2cslave_main.o
 .debug_macro   0x00000000000014ca      0x123 ./src/i2cslave_main.o
 .debug_macro   0x00000000000015ed       0x22 ./src/i2cslave_main.o
 .debug_macro   0x000000000000160f       0x1c ./src/i2cslave_main.o
 .debug_macro   0x000000000000162b       0xbe ./src/i2cslave_main.o
 .debug_macro   0x00000000000016e9       0x88 ./driver/crp.o
 .debug_macro   0x0000000000001771       0x28 ./driver/crp.o
 .debug_macro   0x0000000000001799       0x28 ./driver/crp.o
 .debug_macro   0x00000000000017c1       0x82 ./driver/i2cslave.o
 .debug_macro   0x0000000000001843       0xa9 ./cmsis/system_LPC11xx.o
 .debug_macro   0x00000000000018ec      0x398 ./cmsis/system_LPC11xx.o

.debug_line     0x0000000000000000      0x888
 .debug_line    0x0000000000000000      0x1db ./startup/cr_startup_lpc11.o
 .debug_line    0x00000000000001db      0x1b9 ./src/i2cslave_main.o
 .debug_line    0x0000000000000394      0x15a ./driver/crp.o
 .debug_line    0x00000000000004ee      0x1dc ./driver/i2cslave.o
 .debug_line    0x00000000000006ca      0x1be ./cmsis/system_LPC11xx.o

.debug_str      0x0000000000000000     0x67f1
 .debug_str     0x0000000000000000     0x3cfe ./startup/cr_startup_lpc11.o
                                       0x3d89 (size before relaxing)
 .debug_str     0x0000000000003cfe     0x202a ./src/i2cslave_main.o
                                       0x5c99 (size before relaxing)
 .debug_str     0x0000000000005d28       0xbf ./driver/crp.o
                                       0x5a98 (size before relaxing)
 .debug_str     0x0000000000005de7      0x71a ./driver/i2cslave.o
                                       0x63a1 (size before relaxing)
 .debug_str     0x0000000000006501      0x2f0 ./cmsis/system_LPC11xx.o
                                       0x5e0b (size before relaxing)

.comment        0x0000000000000000       0xe0
 .comment       0x0000000000000000       0x70 ./startup/cr_startup_lpc11.o
                                         0x71 (size before relaxing)
 .comment       0x0000000000000000       0x71 ./src/i2cslave_main.o
 .comment       0x0000000000000000       0x71 ./driver/crp.o
 .comment       0x0000000000000000       0x71 ./driver/i2cslave.o
 .comment       0x0000000000000000       0x71 ./cmsis/system_LPC11xx.o
 .comment       0x0000000000000070       0x70 /Applications/lpcxpresso_7.9.0_455/lpcxpresso/tools/bin/../lib/gcc/arm-none-eabi/4.9.3/../../../../arm-none-eabi/lib/armv6-m/libcr_c.a(__weak__main.o)
                                         0x71 (size before relaxing)

.ARM.attributes
                0x0000000000000000       0x2f
 .ARM.attributes
                0x0000000000000000       0x31 ./startup/cr_startup_lpc11.o
 .ARM.attributes
                0x0000000000000031       0x31 ./src/i2cslave_main.o
 .ARM.attributes
                0x0000000000000062       0x31 ./driver/crp.o
 .ARM.attributes
                0x0000000000000093       0x31 ./driver/i2cslave.o
 .ARM.attributes
                0x00000000000000c4       0x31 ./cmsis/system_LPC11xx.o
 .ARM.attributes
                0x00000000000000f5       0x31 /Applications/lpcxpresso_7.9.0_455/lpcxpresso/tools/bin/../lib/gcc/arm-none-eabi/4.9.3/../../../../arm-none-eabi/lib/armv6-m/libcr_c.a(__weak__main.o)
 .ARM.attributes
                0x0000000000000126       0x21 /Applications/lpcxpresso_7.9.0_455/lpcxpresso/tools/bin/../lib/gcc/arm-none-eabi/4.9.3/armv6-m/libcr_eabihelpers.a(division_32.o)
 .ARM.attributes
                0x0000000000000147       0x21 /Applications/lpcxpresso_7.9.0_455/lpcxpresso/tools/bin/../lib/gcc/arm-none-eabi/4.9.3/armv6-m/libcr_eabihelpers.a(division_idiv0.o)

.debug_frame    0x0000000000000000      0x1bc
 .debug_frame   0x0000000000000000       0xd8 ./startup/cr_startup_lpc11.o
 .debug_frame   0x00000000000000d8       0x30 ./src/i2cslave_main.o
 .debug_frame   0x0000000000000108       0x6c ./driver/i2cslave.o
 .debug_frame   0x0000000000000174       0x48 ./cmsis/system_LPC11xx.o

.debug_loc      0x0000000000000000       0x84
 .debug_loc     0x0000000000000000       0x84 ./cmsis/system_LPC11xx.o
