09:44:30 **** Incremental Build of configuration Debug for project lock ****
make -r all 
Building file: ../src/lock.c
Invoking: MCU C Compiler
arm-none-eabi-gcc -D__REDLIB__ -D__USE_CMSIS -DDEBUG -D__CODE_RED -I../cmsis -I../config -I../driver -O0 -g3 -Wall -c -fmessage-length=0 -fno-builtin -ffunction-sections -fdata-sections -mcpu=cortex-m0 -mthumb -D__REDLIB__ -specs=redlib.specs -MMD -MP -MF"src/lock.d" -MT"src/lock.o" -MT"src/lock.d" -o "src/lock.o" "../src/lock.c"
Finished building: ../src/lock.c
 
Building target: lock.axf
Invoking: MCU Linker
arm-none-eabi-gcc -nostdlib -Xlinker -Map=lock.map -Xlinker --gc-sections -mcpu=cortex-m0 -mthumb -T "../linker/lpc1114_flash_crp.ld" -o "lock.axf"  ./startup/cr_startup_lpc11.o  ./src/lock.o ./src/main.o  ./driver/adc.o ./driver/can.o ./driver/clkconfig.o ./driver/crp.o ./driver/debug_printf.o ./driver/gpio.o ./driver/i2c.o ./driver/i2cslave.o ./driver/lpc_swu.o ./driver/rs485.o ./driver/small_gpio.o ./driver/ssp.o ./driver/timer16.o ./driver/timer32.o ./driver/uart.o ./driver/wdt.o  ./cmsis/core_cm0.o ./cmsis/system_LPC11xx.o   
Finished building target: lock.axf
 
make --no-print-directory post-build
Performing post-build steps
arm-none-eabi-size lock.axf; arm-none-eabi-objcopy -O binary lock.axf lock.bin ; checksum -p LPC1114_302 -d lock.bin;
   text	   data	    bss	    dec	    hex	filename
   4628	      8	    128	   4764	   129c	lock.axf
Written checksum 0xefffd635 at offset 0x1c in file lock.bin
Previous value 0x00000000 at offset 0x1c in file lock.bin
 

09:44:30 Build Finished (took 222ms)

